     6>C:\Users\Demon Teddy\Documents\Programs\DelusiveEngine\DelusiveEngine\include\Delusive\Runtime\Core\DelusiveRegistry.h(13,33): error C2065: 'PropertyBase': undeclared identifier [C:\Users\Demon Teddy\Documents\Programs\DelusiveEngine\DelusiveEngine\DelusiveEngine.vcxproj]
     6>C:\Users\Demon Teddy\Documents\Programs\DelusiveEngine\DelusiveEngine\include\Delusive\Runtime\Core\DelusiveRegistry.h(13,22): error C2923: 'std::unique_ptr': 'PropertyBase' is not a valid template type argument for parameter '_Ty' [C:\Users\Demon Teddy\Documents\Programs\DelusiveEngine\DelusiveEngine\DelusiveEngine.vcxproj]
     6>C:\Users\Demon Teddy\Documents\Programs\DelusiveEngine\DelusiveEngine\include\Delusive\Runtime\Core\DelusiveRegistry.h(13,22): error C2976: 'std::unique_ptr': too few template arguments [C:\Users\Demon Teddy\Documents\Programs\DelusiveEngine\DelusiveEngine\DelusiveEngine.vcxproj]
     6>C:\Users\Demon Teddy\Documents\Programs\DelusiveEngine\DelusiveEngine\include\Delusive\Runtime\Core\DelusiveRegistry.h(13,22): error C3203: 'unique_ptr': unspecialized class template can't be used as a template argument for template parameter '_Ty', expected a real type [C:\Users\Demon Teddy\Documents\Programs\DelusiveEngine\DelusiveEngine\DelusiveEngine.vcxproj]
     6>C:\Users\Demon Teddy\Documents\Programs\DelusiveEngine\DelusiveEngine\include\Delusive\Runtime\Utils\Property.inl(40,9): error C3861: 'PropertyTraits': identifier not found [C:\Users\Demon Teddy\Documents\Programs\DelusiveEngine\DelusiveEngine\DelusiveEngine.vcxproj]
     6>C:\Users\Demon Teddy\Documents\Programs\DelusiveEngine\DelusiveEngine\include\Delusive\Runtime\Utils\Property.inl(44,27): error C3878: syntax error: unexpected token 'Deserialize' following 'expression' [C:\Users\Demon Teddy\Documents\Programs\DelusiveEngine\DelusiveEngine\DelusiveEngine.vcxproj]
     6>C:\Users\Demon Teddy\Documents\Programs\DelusiveEngine\DelusiveEngine\include\Delusive\Runtime\Utils\Property.inl(44,45): error C2760: syntax error: ',' was unexpected here; expected ';' [C:\Users\Demon Teddy\Documents\Programs\DelusiveEngine\DelusiveEngine\DelusiveEngine.vcxproj]
     6>C:\Users\Demon Teddy\Documents\Programs\DelusiveEngine\DelusiveEngine\include\Delusive\Runtime\Utils\Property.inl(44,45): error C3878: syntax error: unexpected token ',' following 'expression-statement' [C:\Users\Demon Teddy\Documents\Programs\DelusiveEngine\DelusiveEngine\DelusiveEngine.vcxproj]
     6>C:\Users\Demon Teddy\Documents\Programs\DelusiveEngine\DelusiveEngine\include\Delusive\Runtime\Utils\Property.inl(44,59): error C2760: syntax error: ')' was unexpected here; expected ';' [C:\Users\Demon Teddy\Documents\Programs\DelusiveEngine\DelusiveEngine\DelusiveEngine.vcxproj]
     6>C:\Users\Demon Teddy\Documents\Programs\DelusiveEngine\DelusiveEngine\include\Delusive\Runtime\Utils\Property.inl(44,59): error C3878: syntax error: unexpected token ')' following 'expression-statement' [C:\Users\Demon Teddy\Documents\Programs\DelusiveEngine\DelusiveEngine\DelusiveEngine.vcxproj]
     6>C:\Users\Demon Teddy\Documents\Programs\DelusiveEngine\DelusiveEngine\include\Delusive\Runtime\Utils\Property.inl(48,9): error C3861: 'PropertyTraits': identifier not found [C:\Users\Demon Teddy\Documents\Programs\DelusiveEngine\DelusiveEngine\DelusiveEngine.vcxproj]
     6>C:\Users\Demon Teddy\Documents\Programs\DelusiveEngine\DelusiveEngine\include\Delusive\Runtime\Utils\Property.inl(54,7): error C2953: 'Property': class template has already been defined [C:\Users\Demon Teddy\Documents\Programs\DelusiveEngine\DelusiveEngine\DelusiveEngine.vcxproj]
     6>C:\Users\Demon Teddy\Documents\Programs\DelusiveEngine\DelusiveEngine\include\Delusive\Runtime\Utils\Property.inl(574,60): error C2187: syntax error: ')' was unexpected here [C:\Users\Demon Teddy\Documents\Programs\DelusiveEngine\DelusiveEngine\DelusiveEngine.vcxproj]
     6>C:\Users\Demon Teddy\Documents\Programs\DelusiveEngine\DelusiveEngine\include\Delusive\Runtime\Utils\Property.inl(574,57): error C2013: expected a ';' [C:\Users\Demon Teddy\Documents\Programs\DelusiveEngine\DelusiveEngine\DelusiveEngine.vcxproj]
     6>C:\Users\Demon Teddy\Documents\Programs\DelusiveEngine\DelusiveEngine\include\Delusive\Runtime\Utils\Property.inl(574,60): error C3878: syntax error: unexpected token ')' following 'simple-declaration' [C:\Users\Demon Teddy\Documents\Programs\DelusiveEngine\DelusiveEngine\DelusiveEngine.vcxproj]
     6>C:\Users\Demon Teddy\Documents\Programs\DelusiveEngine\DelusiveEngine\include\Delusive\Runtime\Core\DelusiveRegistry.h(13,33): error C2065: 'PropertyBase': undeclared identifier [C:\Users\Demon Teddy\Documents\Programs\DelusiveEngine\DelusiveEngine\DelusiveEngine.vcxproj]
     6>C:\Users\Demon Teddy\Documents\Programs\DelusiveEngine\DelusiveEngine\include\Delusive\Runtime\Core\DelusiveRegistry.h(13,22): error C2923: 'std::unique_ptr': 'PropertyBase' is not a valid template type argument for parameter '_Ty' [C:\Users\Demon Teddy\Documents\Programs\DelusiveEngine\DelusiveEngine\DelusiveEngine.vcxproj]
     6>C:\Users\Demon Teddy\Documents\Programs\DelusiveEngine\DelusiveEngine\include\Delusive\Runtime\Core\DelusiveRegistry.h(13,22): error C2976: 'std::unique_ptr': too few template arguments [C:\Users\Demon Teddy\Documents\Programs\DelusiveEngine\DelusiveEngine\DelusiveEngine.vcxproj]
     6>C:\Users\Demon Teddy\Documents\Programs\DelusiveEngine\DelusiveEngine\include\Delusive\Runtime\Core\DelusiveRegistry.h(13,22): error C3203: 'unique_ptr': unspecialized class template can't be used as a template argument for template parameter '_Ty', expected a real type [C:\Users\Demon Teddy\Documents\Programs\DelusiveEngine\DelusiveEngine\DelusiveEngine.vcxproj]
     6>C:\Users\Demon Teddy\Documents\Programs\DelusiveEngine\DelusiveEngine\include\Delusive\Runtime\Utils\Property.inl(40,9): error C3861: 'PropertyTraits': identifier not found [C:\Users\Demon Teddy\Documents\Programs\DelusiveEngine\DelusiveEngine\DelusiveEngine.vcxproj]
     6>C:\Users\Demon Teddy\Documents\Programs\DelusiveEngine\DelusiveEngine\include\Delusive\Runtime\Utils\Property.inl(44,27): error C3878: syntax error: unexpected token 'Deserialize' following 'expression' [C:\Users\Demon Teddy\Documents\Programs\DelusiveEngine\DelusiveEngine\DelusiveEngine.vcxproj]
     6>C:\Users\Demon Teddy\Documents\Programs\DelusiveEngine\DelusiveEngine\include\Delusive\Runtime\Utils\Property.inl(44,45): error C2760: syntax error: ',' was unexpected here; expected ';' [C:\Users\Demon Teddy\Documents\Programs\DelusiveEngine\DelusiveEngine\DelusiveEngine.vcxproj]
     6>C:\Users\Demon Teddy\Documents\Programs\DelusiveEngine\DelusiveEngine\include\Delusive\Runtime\Utils\Property.inl(44,45): error C3878: syntax error: unexpected token ',' following 'expression-statement' [C:\Users\Demon Teddy\Documents\Programs\DelusiveEngine\DelusiveEngine\DelusiveEngine.vcxproj]
     6>C:\Users\Demon Teddy\Documents\Programs\DelusiveEngine\DelusiveEngine\include\Delusive\Runtime\Utils\Property.inl(44,59): error C2760: syntax error: ')' was unexpected here; expected ';' [C:\Users\Demon Teddy\Documents\Programs\DelusiveEngine\DelusiveEngine\DelusiveEngine.vcxproj]
     6>C:\Users\Demon Teddy\Documents\Programs\DelusiveEngine\DelusiveEngine\include\Delusive\Runtime\Utils\Property.inl(44,59): error C3878: syntax error: unexpected token ')' following 'expression-statement' [C:\Users\Demon Teddy\Documents\Programs\DelusiveEngine\DelusiveEngine\DelusiveEngine.vcxproj]
     6>C:\Users\Demon Teddy\Documents\Programs\DelusiveEngine\DelusiveEngine\include\Delusive\Runtime\Utils\Property.inl(48,9): error C3861: 'PropertyTraits': identifier not found [C:\Users\Demon Teddy\Documents\Programs\DelusiveEngine\DelusiveEngine\DelusiveEngine.vcxproj]
     6>C:\Users\Demon Teddy\Documents\Programs\DelusiveEngine\DelusiveEngine\include\Delusive\Runtime\Utils\Property.inl(54,7): error C2953: 'Property': class template has already been defined [C:\Users\Demon Teddy\Documents\Programs\DelusiveEngine\DelusiveEngine\DelusiveEngine.vcxproj]
     6>C:\Users\Demon Teddy\Documents\Programs\DelusiveEngine\DelusiveEngine\include\Delusive\Runtime\Utils\Property.inl(574,60): error C2187: syntax error: ')' was unexpected here [C:\Users\Demon Teddy\Documents\Programs\DelusiveEngine\DelusiveEngine\DelusiveEngine.vcxproj]
     6>C:\Users\Demon Teddy\Documents\Programs\DelusiveEngine\DelusiveEngine\include\Delusive\Runtime\Utils\Property.inl(574,57): error C2013: expected a ';' [C:\Users\Demon Teddy\Documents\Programs\DelusiveEngine\DelusiveEngine\DelusiveEngine.vcxproj]
     6>C:\Users\Demon Teddy\Documents\Programs\DelusiveEngine\DelusiveEngine\include\Delusive\Runtime\Utils\Property.inl(574,60): error C3878: syntax error: unexpected token ')' following 'simple-declaration' [C:\Users\Demon Teddy\Documents\Programs\DelusiveEngine\DelusiveEngine\DelusiveEngine.vcxproj]
     6>C:\Users\Demon Teddy\Documents\Programs\DelusiveEngine\DelusiveEngine\include\Delusive\Runtime\Core\DelusiveRegistry.h(13,33): error C2065: 'PropertyBase': undeclared identifier [C:\Users\Demon Teddy\Documents\Programs\DelusiveEngine\DelusiveEngine\DelusiveEngine.vcxproj]
     6>C:\Users\Demon Teddy\Documents\Programs\DelusiveEngine\DelusiveEngine\include\Delusive\Runtime\Core\DelusiveRegistry.h(13,22): error C2923: 'std::unique_ptr': 'PropertyBase' is not a valid template type argument for parameter '_Ty' [C:\Users\Demon Teddy\Documents\Programs\DelusiveEngine\DelusiveEngine\DelusiveEngine.vcxproj]
     6>C:\Users\Demon Teddy\Documents\Programs\DelusiveEngine\DelusiveEngine\include\Delusive\Runtime\Core\DelusiveRegistry.h(13,22): error C2976: 'std::unique_ptr': too few template arguments [C:\Users\Demon Teddy\Documents\Programs\DelusiveEngine\DelusiveEngine\DelusiveEngine.vcxproj]
     6>C:\Users\Demon Teddy\Documents\Programs\DelusiveEngine\DelusiveEngine\include\Delusive\Runtime\Core\DelusiveRegistry.h(13,22): error C3203: 'unique_ptr': unspecialized class template can't be used as a template argument for template parameter '_Ty', expected a real type [C:\Users\Demon Teddy\Documents\Programs\DelusiveEngine\DelusiveEngine\DelusiveEngine.vcxproj]
     6>C:\Users\Demon Teddy\Documents\Programs\DelusiveEngine\DelusiveEngine\include\Delusive\Runtime\Utils\Property.inl(40,9): error C3861: 'PropertyTraits': identifier not found [C:\Users\Demon Teddy\Documents\Programs\DelusiveEngine\DelusiveEngine\DelusiveEngine.vcxproj]
     6>C:\Users\Demon Teddy\Documents\Programs\DelusiveEngine\DelusiveEngine\include\Delusive\Runtime\Utils\Property.inl(44,27): error C3878: syntax error: unexpected token 'Deserialize' following 'expression' [C:\Users\Demon Teddy\Documents\Programs\DelusiveEngine\DelusiveEngine\DelusiveEngine.vcxproj]
     6>C:\Users\Demon Teddy\Documents\Programs\DelusiveEngine\DelusiveEngine\include\Delusive\Runtime\Utils\Property.inl(44,45): error C2760: syntax error: ',' was unexpected here; expected ';' [C:\Users\Demon Teddy\Documents\Programs\DelusiveEngine\DelusiveEngine\DelusiveEngine.vcxproj]
     6>C:\Users\Demon Teddy\Documents\Programs\DelusiveEngine\DelusiveEngine\include\Delusive\Runtime\Utils\Property.inl(44,45): error C3878: syntax error: unexpected token ',' following 'expression-statement' [C:\Users\Demon Teddy\Documents\Programs\DelusiveEngine\DelusiveEngine\DelusiveEngine.vcxproj]
     6>C:\Users\Demon Teddy\Documents\Programs\DelusiveEngine\DelusiveEngine\include\Delusive\Runtime\Utils\Property.inl(44,59): error C2760: syntax error: ')' was unexpected here; expected ';' [C:\Users\Demon Teddy\Documents\Programs\DelusiveEngine\DelusiveEngine\DelusiveEngine.vcxproj]
     6>C:\Users\Demon Teddy\Documents\Programs\DelusiveEngine\DelusiveEngine\include\Delusive\Runtime\Utils\Property.inl(44,59): error C3878: syntax error: unexpected token ')' following 'expression-statement' [C:\Users\Demon Teddy\Documents\Programs\DelusiveEngine\DelusiveEngine\DelusiveEngine.vcxproj]
     6>C:\Users\Demon Teddy\Documents\Programs\DelusiveEngine\DelusiveEngine\include\Delusive\Runtime\Utils\Property.inl(48,9): error C3861: 'PropertyTraits': identifier not found [C:\Users\Demon Teddy\Documents\Programs\DelusiveEngine\DelusiveEngine\DelusiveEngine.vcxproj]
     6>C:\Users\Demon Teddy\Documents\Programs\DelusiveEngine\DelusiveEngine\include\Delusive\Runtime\Utils\Property.inl(54,7): error C2953: 'Property': class template has already been defined [C:\Users\Demon Teddy\Documents\Programs\DelusiveEngine\DelusiveEngine\DelusiveEngine.vcxproj]
     6>C:\Users\Demon Teddy\Documents\Programs\DelusiveEngine\DelusiveEngine\include\Delusive\Runtime\Utils\Property.inl(574,60): error C2187: syntax error: ')' was unexpected here [C:\Users\Demon Teddy\Documents\Programs\DelusiveEngine\DelusiveEngine\DelusiveEngine.vcxproj]
     6>C:\Users\Demon Teddy\Documents\Programs\DelusiveEngine\DelusiveEngine\include\Delusive\Runtime\Utils\Property.inl(574,57): error C2013: expected a ';' [C:\Users\Demon Teddy\Documents\Programs\DelusiveEngine\DelusiveEngine\DelusiveEngine.vcxproj]
     6>C:\Users\Demon Teddy\Documents\Programs\DelusiveEngine\DelusiveEngine\include\Delusive\Runtime\Utils\Property.inl(574,60): error C3878: syntax error: unexpected token ')' following 'simple-declaration' [C:\Users\Demon Teddy\Documents\Programs\DelusiveEngine\DelusiveEngine\DelusiveEngine.vcxproj]
     6>C:\Users\Demon Teddy\Documents\Programs\DelusiveEngine\DelusiveEngine\include\Delusive\Runtime\Core\DelusiveRegistry.h(13,33): error C2065: 'PropertyBase': undeclared identifier [C:\Users\Demon Teddy\Documents\Programs\DelusiveEngine\DelusiveEngine\DelusiveEngine.vcxproj]
     6>C:\Users\Demon Teddy\Documents\Programs\DelusiveEngine\DelusiveEngine\include\Delusive\Runtime\Core\DelusiveRegistry.h(13,22): error C2923: 'std::unique_ptr': 'PropertyBase' is not a valid template type argument for parameter '_Ty' [C:\Users\Demon Teddy\Documents\Programs\DelusiveEngine\DelusiveEngine\DelusiveEngine.vcxproj]
     6>C:\Users\Demon Teddy\Documents\Programs\DelusiveEngine\DelusiveEngine\include\Delusive\Runtime\Core\DelusiveRegistry.h(13,22): error C2976: 'std::unique_ptr': too few template arguments [C:\Users\Demon Teddy\Documents\Programs\DelusiveEngine\DelusiveEngine\DelusiveEngine.vcxproj]
     6>C:\Users\Demon Teddy\Documents\Programs\DelusiveEngine\DelusiveEngine\include\Delusive\Runtime\Core\DelusiveRegistry.h(13,22): error C3203: 'unique_ptr': unspecialized class template can't be used as a template argument for template parameter '_Ty', expected a real type [C:\Users\Demon Teddy\Documents\Programs\DelusiveEngine\DelusiveEngine\DelusiveEngine.vcxproj]
     6>C:\Users\Demon Teddy\Documents\Programs\DelusiveEngine\DelusiveEngine\include\Delusive\Runtime\Utils\Property.inl(40,9): error C3861: 'PropertyTraits': identifier not found [C:\Users\Demon Teddy\Documents\Programs\DelusiveEngine\DelusiveEngine\DelusiveEngine.vcxproj]
     6>C:\Users\Demon Teddy\Documents\Programs\DelusiveEngine\DelusiveEngine\include\Delusive\Runtime\Utils\Property.inl(44,27): error C3878: syntax error: unexpected token 'Deserialize' following 'expression' [C:\Users\Demon Teddy\Documents\Programs\DelusiveEngine\DelusiveEngine\DelusiveEngine.vcxproj]
     6>C:\Users\Demon Teddy\Documents\Programs\DelusiveEngine\DelusiveEngine\include\Delusive\Runtime\Utils\Property.inl(44,45): error C2760: syntax error: ',' was unexpected here; expected ';' [C:\Users\Demon Teddy\Documents\Programs\DelusiveEngine\DelusiveEngine\DelusiveEngine.vcxproj]
     6>C:\Users\Demon Teddy\Documents\Programs\DelusiveEngine\DelusiveEngine\include\Delusive\Runtime\Utils\Property.inl(44,45): error C3878: syntax error: unexpected token ',' following 'expression-statement' [C:\Users\Demon Teddy\Documents\Programs\DelusiveEngine\DelusiveEngine\DelusiveEngine.vcxproj]
     6>C:\Users\Demon Teddy\Documents\Programs\DelusiveEngine\DelusiveEngine\include\Delusive\Runtime\Utils\Property.inl(44,59): error C2760: syntax error: ')' was unexpected here; expected ';' [C:\Users\Demon Teddy\Documents\Programs\DelusiveEngine\DelusiveEngine\DelusiveEngine.vcxproj]
     6>C:\Users\Demon Teddy\Documents\Programs\DelusiveEngine\DelusiveEngine\include\Delusive\Runtime\Utils\Property.inl(44,59): error C3878: syntax error: unexpected token ')' following 'expression-statement' [C:\Users\Demon Teddy\Documents\Programs\DelusiveEngine\DelusiveEngine\DelusiveEngine.vcxproj]
     6>C:\Users\Demon Teddy\Documents\Programs\DelusiveEngine\DelusiveEngine\include\Delusive\Runtime\Utils\Property.inl(48,9): error C3861: 'PropertyTraits': identifier not found [C:\Users\Demon Teddy\Documents\Programs\DelusiveEngine\DelusiveEngine\DelusiveEngine.vcxproj]
     6>C:\Users\Demon Teddy\Documents\Programs\DelusiveEngine\DelusiveEngine\include\Delusive\Runtime\Utils\Property.inl(54,7): error C2953: 'Property': class template has already been defined [C:\Users\Demon Teddy\Documents\Programs\DelusiveEngine\DelusiveEngine\DelusiveEngine.vcxproj]
     6>C:\Users\Demon Teddy\Documents\Programs\DelusiveEngine\DelusiveEngine\include\Delusive\Runtime\Utils\Property.inl(574,60): error C2187: syntax error: ')' was unexpected here [C:\Users\Demon Teddy\Documents\Programs\DelusiveEngine\DelusiveEngine\DelusiveEngine.vcxproj]
     6>C:\Users\Demon Teddy\Documents\Programs\DelusiveEngine\DelusiveEngine\include\Delusive\Runtime\Utils\Property.inl(574,57): error C2013: expected a ';' [C:\Users\Demon Teddy\Documents\Programs\DelusiveEngine\DelusiveEngine\DelusiveEngine.vcxproj]
     6>C:\Users\Demon Teddy\Documents\Programs\DelusiveEngine\DelusiveEngine\include\Delusive\Runtime\Utils\Property.inl(574,60): error C3878: syntax error: unexpected token ')' following 'simple-declaration' [C:\Users\Demon Teddy\Documents\Programs\DelusiveEngine\DelusiveEngine\DelusiveEngine.vcxproj]
     6>C:\Users\Demon Teddy\Documents\Programs\DelusiveEngine\DelusiveEngine\include\Delusive\Runtime\Core\DelusiveRegistry.h(13,33): error C2065: 'PropertyBase': undeclared identifier [C:\Users\Demon Teddy\Documents\Programs\DelusiveEngine\DelusiveEngine\DelusiveEngine.vcxproj]
     6>C:\Users\Demon Teddy\Documents\Programs\DelusiveEngine\DelusiveEngine\include\Delusive\Runtime\Core\DelusiveRegistry.h(13,22): error C2923: 'std::unique_ptr': 'PropertyBase' is not a valid template type argument for parameter '_Ty' [C:\Users\Demon Teddy\Documents\Programs\DelusiveEngine\DelusiveEngine\DelusiveEngine.vcxproj]
     6>C:\Users\Demon Teddy\Documents\Programs\DelusiveEngine\DelusiveEngine\include\Delusive\Runtime\Core\DelusiveRegistry.h(13,22): error C2976: 'std::unique_ptr': too few template arguments [C:\Users\Demon Teddy\Documents\Programs\DelusiveEngine\DelusiveEngine\DelusiveEngine.vcxproj]
     6>C:\Users\Demon Teddy\Documents\Programs\DelusiveEngine\DelusiveEngine\include\Delusive\Runtime\Core\DelusiveRegistry.h(13,22): error C3203: 'unique_ptr': unspecialized class template can't be used as a template argument for template parameter '_Ty', expected a real type [C:\Users\Demon Teddy\Documents\Programs\DelusiveEngine\DelusiveEngine\DelusiveEngine.vcxproj]
     6>C:\Users\Demon Teddy\Documents\Programs\DelusiveEngine\DelusiveEngine\include\Delusive\Runtime\Utils\Property.inl(40,9): error C3861: 'PropertyTraits': identifier not found [C:\Users\Demon Teddy\Documents\Programs\DelusiveEngine\DelusiveEngine\DelusiveEngine.vcxproj]
     6>C:\Users\Demon Teddy\Documents\Programs\DelusiveEngine\DelusiveEngine\include\Delusive\Runtime\Utils\Property.inl(44,27): error C3878: syntax error: unexpected token 'Deserialize' following 'expression' [C:\Users\Demon Teddy\Documents\Programs\DelusiveEngine\DelusiveEngine\DelusiveEngine.vcxproj]
     6>C:\Users\Demon Teddy\Documents\Programs\DelusiveEngine\DelusiveEngine\include\Delusive\Runtime\Utils\Property.inl(44,45): error C2760: syntax error: ',' was unexpected here; expected ';' [C:\Users\Demon Teddy\Documents\Programs\DelusiveEngine\DelusiveEngine\DelusiveEngine.vcxproj]
     6>C:\Users\Demon Teddy\Documents\Programs\DelusiveEngine\DelusiveEngine\include\Delusive\Runtime\Utils\Property.inl(44,45): error C3878: syntax error: unexpected token ',' following 'expression-statement' [C:\Users\Demon Teddy\Documents\Programs\DelusiveEngine\DelusiveEngine\DelusiveEngine.vcxproj]
     6>C:\Users\Demon Teddy\Documents\Programs\DelusiveEngine\DelusiveEngine\include\Delusive\Runtime\Utils\Property.inl(44,59): error C2760: syntax error: ')' was unexpected here; expected ';' [C:\Users\Demon Teddy\Documents\Programs\DelusiveEngine\DelusiveEngine\DelusiveEngine.vcxproj]
     6>C:\Users\Demon Teddy\Documents\Programs\DelusiveEngine\DelusiveEngine\include\Delusive\Runtime\Utils\Property.inl(44,59): error C3878: syntax error: unexpected token ')' following 'expression-statement' [C:\Users\Demon Teddy\Documents\Programs\DelusiveEngine\DelusiveEngine\DelusiveEngine.vcxproj]
     6>C:\Users\Demon Teddy\Documents\Programs\DelusiveEngine\DelusiveEngine\include\Delusive\Runtime\Utils\Property.inl(48,9): error C3861: 'PropertyTraits': identifier not found [C:\Users\Demon Teddy\Documents\Programs\DelusiveEngine\DelusiveEngine\DelusiveEngine.vcxproj]
     6>C:\Users\Demon Teddy\Documents\Programs\DelusiveEngine\DelusiveEngine\include\Delusive\Runtime\Utils\Property.inl(54,7): error C2953: 'Property': class template has already been defined [C:\Users\Demon Teddy\Documents\Programs\DelusiveEngine\DelusiveEngine\DelusiveEngine.vcxproj]
     6>C:\Users\Demon Teddy\Documents\Programs\DelusiveEngine\DelusiveEngine\include\Delusive\Runtime\Utils\Property.inl(574,60): error C2187: syntax error: ')' was unexpected here [C:\Users\Demon Teddy\Documents\Programs\DelusiveEngine\DelusiveEngine\DelusiveEngine.vcxproj]
     6>C:\Users\Demon Teddy\Documents\Programs\DelusiveEngine\DelusiveEngine\include\Delusive\Runtime\Utils\Property.inl(574,57): error C2013: expected a ';' [C:\Users\Demon Teddy\Documents\Programs\DelusiveEngine\DelusiveEngine\DelusiveEngine.vcxproj]
     6>C:\Users\Demon Teddy\Documents\Programs\DelusiveEngine\DelusiveEngine\include\Delusive\Runtime\Utils\Property.inl(574,60): error C3878: syntax error: unexpected token ')' following 'simple-declaration' [C:\Users\Demon Teddy\Documents\Programs\DelusiveEngine\DelusiveEngine\DelusiveEngine.vcxproj]
     6>C:\Users\Demon Teddy\Documents\Programs\DelusiveEngine\DelusiveEngine\include\Delusive\Runtime\Core\DelusiveRegistry.h(13,33): error C2065: 'PropertyBase': undeclared identifier [C:\Users\Demon Teddy\Documents\Programs\DelusiveEngine\DelusiveEngine\DelusiveEngine.vcxproj]
     6>C:\Users\Demon Teddy\Documents\Programs\DelusiveEngine\DelusiveEngine\include\Delusive\Runtime\Core\DelusiveRegistry.h(13,22): error C2923: 'std::unique_ptr': 'PropertyBase' is not a valid template type argument for parameter '_Ty' [C:\Users\Demon Teddy\Documents\Programs\DelusiveEngine\DelusiveEngine\DelusiveEngine.vcxproj]
     6>C:\Users\Demon Teddy\Documents\Programs\DelusiveEngine\DelusiveEngine\include\Delusive\Runtime\Core\DelusiveRegistry.h(13,22): error C2976: 'std::unique_ptr': too few template arguments [C:\Users\Demon Teddy\Documents\Programs\DelusiveEngine\DelusiveEngine\DelusiveEngine.vcxproj]
     6>C:\Users\Demon Teddy\Documents\Programs\DelusiveEngine\DelusiveEngine\include\Delusive\Runtime\Core\DelusiveRegistry.h(13,22): error C3203: 'unique_ptr': unspecialized class template can't be used as a template argument for template parameter '_Ty', expected a real type [C:\Users\Demon Teddy\Documents\Programs\DelusiveEngine\DelusiveEngine\DelusiveEngine.vcxproj]
     6>C:\Users\Demon Teddy\Documents\Programs\DelusiveEngine\DelusiveEngine\include\Delusive\Runtime\Utils\Property.inl(40,9): error C3861: 'PropertyTraits': identifier not found [C:\Users\Demon Teddy\Documents\Programs\DelusiveEngine\DelusiveEngine\DelusiveEngine.vcxproj]
     6>C:\Users\Demon Teddy\Documents\Programs\DelusiveEngine\DelusiveEngine\include\Delusive\Runtime\Utils\Property.inl(44,27): error C3878: syntax error: unexpected token 'Deserialize' following 'expression' [C:\Users\Demon Teddy\Documents\Programs\DelusiveEngine\DelusiveEngine\DelusiveEngine.vcxproj]
     6>C:\Users\Demon Teddy\Documents\Programs\DelusiveEngine\DelusiveEngine\include\Delusive\Runtime\Utils\Property.inl(44,45): error C2760: syntax error: ',' was unexpected here; expected ';' [C:\Users\Demon Teddy\Documents\Programs\DelusiveEngine\DelusiveEngine\DelusiveEngine.vcxproj]
     6>C:\Users\Demon Teddy\Documents\Programs\DelusiveEngine\DelusiveEngine\include\Delusive\Runtime\Utils\Property.inl(44,45): error C3878: syntax error: unexpected token ',' following 'expression-statement' [C:\Users\Demon Teddy\Documents\Programs\DelusiveEngine\DelusiveEngine\DelusiveEngine.vcxproj]
     6>C:\Users\Demon Teddy\Documents\Programs\DelusiveEngine\DelusiveEngine\include\Delusive\Runtime\Utils\Property.inl(44,59): error C2760: syntax error: ')' was unexpected here; expected ';' [C:\Users\Demon Teddy\Documents\Programs\DelusiveEngine\DelusiveEngine\DelusiveEngine.vcxproj]
     6>C:\Users\Demon Teddy\Documents\Programs\DelusiveEngine\DelusiveEngine\include\Delusive\Runtime\Utils\Property.inl(44,59): error C3878: syntax error: unexpected token ')' following 'expression-statement' [C:\Users\Demon Teddy\Documents\Programs\DelusiveEngine\DelusiveEngine\DelusiveEngine.vcxproj]
     6>C:\Users\Demon Teddy\Documents\Programs\DelusiveEngine\DelusiveEngine\include\Delusive\Runtime\Utils\Property.inl(48,9): error C3861: 'PropertyTraits': identifier not found [C:\Users\Demon Teddy\Documents\Programs\DelusiveEngine\DelusiveEngine\DelusiveEngine.vcxproj]
     6>C:\Users\Demon Teddy\Documents\Programs\DelusiveEngine\DelusiveEngine\include\Delusive\Runtime\Utils\Property.inl(54,7): error C2953: 'Property': class template has already been defined [C:\Users\Demon Teddy\Documents\Programs\DelusiveEngine\DelusiveEngine\DelusiveEngine.vcxproj]
     6>C:\Users\Demon Teddy\Documents\Programs\DelusiveEngine\DelusiveEngine\include\Delusive\Runtime\Utils\Property.inl(574,60): error C2187: syntax error: ')' was unexpected here [C:\Users\Demon Teddy\Documents\Programs\DelusiveEngine\DelusiveEngine\DelusiveEngine.vcxproj]
     6>C:\Users\Demon Teddy\Documents\Programs\DelusiveEngine\DelusiveEngine\include\Delusive\Runtime\Utils\Property.inl(574,57): error C2013: expected a ';' [C:\Users\Demon Teddy\Documents\Programs\DelusiveEngine\DelusiveEngine\DelusiveEngine.vcxproj]
     6>C:\Users\Demon Teddy\Documents\Programs\DelusiveEngine\DelusiveEngine\include\Delusive\Runtime\Utils\Property.inl(574,60): error C3878: syntax error: unexpected token ')' following 'simple-declaration' [C:\Users\Demon Teddy\Documents\Programs\DelusiveEngine\DelusiveEngine\DelusiveEngine.vcxproj]
     6>C:\Users\Demon Teddy\Documents\Programs\DelusiveEngine\DelusiveEngine\src\Delusive\Runtime\Agents\Agent.cpp(150,30): error C2039: 'children': is not a member of 'DelusiveParser::DataBlock' [C:\Users\Demon Teddy\Documents\Programs\DelusiveEngine\DelusiveEngine\DelusiveEngine.vcxproj]
     6>C:\Users\Demon Teddy\Documents\Programs\DelusiveEngine\DelusiveEngine\src\Delusive\Runtime\Agents\Agent.cpp(150,16): error C2530: 'child': references must be initialized [C:\Users\Demon Teddy\Documents\Programs\DelusiveEngine\DelusiveEngine\DelusiveEngine.vcxproj]
     6>C:\Users\Demon Teddy\Documents\Programs\DelusiveEngine\DelusiveEngine\src\Delusive\Runtime\Agents\Agent.cpp(150,16): error C3531: 'child': a symbol whose type contains 'auto' must have an initializer [C:\Users\Demon Teddy\Documents\Programs\DelusiveEngine\DelusiveEngine\DelusiveEngine.vcxproj]
     6>C:\Users\Demon Teddy\Documents\Programs\DelusiveEngine\DelusiveEngine\src\Delusive\Runtime\Agents\Agent.cpp(150,22): error C2143: syntax error: missing ';' before ':' [C:\Users\Demon Teddy\Documents\Programs\DelusiveEngine\DelusiveEngine\DelusiveEngine.vcxproj]
     6>C:\Users\Demon Teddy\Documents\Programs\DelusiveEngine\DelusiveEngine\src\Delusive\Runtime\Agents\Agent.cpp(150,38): error C2143: syntax error: missing ';' before ')' [C:\Users\Demon Teddy\Documents\Programs\DelusiveEngine\DelusiveEngine\DelusiveEngine.vcxproj]
     6>C:\Users\Demon Teddy\Documents\Programs\DelusiveEngine\DelusiveEngine\src\Delusive\Runtime\Agents\Agent.cpp(155,33): error C2530: 'type': references must be initialized [C:\Users\Demon Teddy\Documents\Programs\DelusiveEngine\DelusiveEngine\DelusiveEngine.vcxproj]
     6>C:\Users\Demon Teddy\Documents\Programs\DelusiveEngine\DelusiveEngine\src\Delusive\Runtime\Agents\Agent.cpp(166,20): error C2664: 'void Component::Deserialize(DelusiveParser::DataBlock &)': cannot convert argument 1 from '<error type>' to 'DelusiveParser::DataBlock &' [C:\Users\Demon Teddy\Documents\Programs\DelusiveEngine\DelusiveEngine\DelusiveEngine.vcxproj]
     6>C:\Users\Demon Teddy\Documents\Programs\DelusiveEngine\DelusiveEngine\src\Delusive\Runtime\Agents\Agent.cpp(225,2): error C2664: 'void Agent::Deserialize(DelusiveParser::DataBlock &)': cannot convert argument 1 from 'std::ifstream' to 'DelusiveParser::DataBlock &' [C:\Users\Demon Teddy\Documents\Programs\DelusiveEngine\DelusiveEngine\DelusiveEngine.vcxproj]
     6>C:\Users\Demon Teddy\Documents\Programs\DelusiveEngine\DelusiveEngine\include\Delusive\Runtime\Core\DelusiveRegistry.h(13,33): error C2065: 'PropertyBase': undeclared identifier [C:\Users\Demon Teddy\Documents\Programs\DelusiveEngine\DelusiveEngine\DelusiveEngine.vcxproj]
     6>C:\Users\Demon Teddy\Documents\Programs\DelusiveEngine\DelusiveEngine\include\Delusive\Runtime\Core\DelusiveRegistry.h(13,22): error C2923: 'std::unique_ptr': 'PropertyBase' is not a valid template type argument for parameter '_Ty' [C:\Users\Demon Teddy\Documents\Programs\DelusiveEngine\DelusiveEngine\DelusiveEngine.vcxproj]
     6>C:\Users\Demon Teddy\Documents\Programs\DelusiveEngine\DelusiveEngine\include\Delusive\Runtime\Core\DelusiveRegistry.h(13,22): error C2976: 'std::unique_ptr': too few template arguments [C:\Users\Demon Teddy\Documents\Programs\DelusiveEngine\DelusiveEngine\DelusiveEngine.vcxproj]
     6>C:\Users\Demon Teddy\Documents\Programs\DelusiveEngine\DelusiveEngine\include\Delusive\Runtime\Core\DelusiveRegistry.h(13,22): error C3203: 'unique_ptr': unspecialized class template can't be used as a template argument for template parameter '_Ty', expected a real type [C:\Users\Demon Teddy\Documents\Programs\DelusiveEngine\DelusiveEngine\DelusiveEngine.vcxproj]
     6>C:\Users\Demon Teddy\Documents\Programs\DelusiveEngine\DelusiveEngine\include\Delusive\Runtime\Utils\Property.inl(40,9): error C3861: 'PropertyTraits': identifier not found [C:\Users\Demon Teddy\Documents\Programs\DelusiveEngine\DelusiveEngine\DelusiveEngine.vcxproj]
     6>C:\Users\Demon Teddy\Documents\Programs\DelusiveEngine\DelusiveEngine\include\Delusive\Runtime\Utils\Property.inl(44,27): error C3878: syntax error: unexpected token 'Deserialize' following 'expression' [C:\Users\Demon Teddy\Documents\Programs\DelusiveEngine\DelusiveEngine\DelusiveEngine.vcxproj]
     6>C:\Users\Demon Teddy\Documents\Programs\DelusiveEngine\DelusiveEngine\include\Delusive\Runtime\Utils\Property.inl(44,45): error C2760: syntax error: ',' was unexpected here; expected ';' [C:\Users\Demon Teddy\Documents\Programs\DelusiveEngine\DelusiveEngine\DelusiveEngine.vcxproj]
     6>C:\Users\Demon Teddy\Documents\Programs\DelusiveEngine\DelusiveEngine\include\Delusive\Runtime\Utils\Property.inl(44,45): error C3878: syntax error: unexpected token ',' following 'expression-statement' [C:\Users\Demon Teddy\Documents\Programs\DelusiveEngine\DelusiveEngine\DelusiveEngine.vcxproj]
     6>C:\Users\Demon Teddy\Documents\Programs\DelusiveEngine\DelusiveEngine\include\Delusive\Runtime\Utils\Property.inl(44,59): error C2760: syntax error: ')' was unexpected here; expected ';' [C:\Users\Demon Teddy\Documents\Programs\DelusiveEngine\DelusiveEngine\DelusiveEngine.vcxproj]
     6>C:\Users\Demon Teddy\Documents\Programs\DelusiveEngine\DelusiveEngine\include\Delusive\Runtime\Utils\Property.inl(44,59): error C3878: syntax error: unexpected token ')' following 'expression-statement' [C:\Users\Demon Teddy\Documents\Programs\DelusiveEngine\DelusiveEngine\DelusiveEngine.vcxproj]
     6>C:\Users\Demon Teddy\Documents\Programs\DelusiveEngine\DelusiveEngine\include\Delusive\Runtime\Utils\Property.inl(48,9): error C3861: 'PropertyTraits': identifier not found [C:\Users\Demon Teddy\Documents\Programs\DelusiveEngine\DelusiveEngine\DelusiveEngine.vcxproj]
     6>C:\Users\Demon Teddy\Documents\Programs\DelusiveEngine\DelusiveEngine\include\Delusive\Runtime\Utils\Property.inl(54,7): error C2953: 'Property': class template has already been defined [C:\Users\Demon Teddy\Documents\Programs\DelusiveEngine\DelusiveEngine\DelusiveEngine.vcxproj]
     6>C:\Users\Demon Teddy\Documents\Programs\DelusiveEngine\DelusiveEngine\include\Delusive\Runtime\Utils\Property.inl(574,60): error C2187: syntax error: ')' was unexpected here [C:\Users\Demon Teddy\Documents\Programs\DelusiveEngine\DelusiveEngine\DelusiveEngine.vcxproj]
     6>C:\Users\Demon Teddy\Documents\Programs\DelusiveEngine\DelusiveEngine\include\Delusive\Runtime\Utils\Property.inl(574,57): error C2013: expected a ';' [C:\Users\Demon Teddy\Documents\Programs\DelusiveEngine\DelusiveEngine\DelusiveEngine.vcxproj]
     6>C:\Users\Demon Teddy\Documents\Programs\DelusiveEngine\DelusiveEngine\include\Delusive\Runtime\Utils\Property.inl(574,60): error C3878: syntax error: unexpected token ')' following 'simple-declaration' [C:\Users\Demon Teddy\Documents\Programs\DelusiveEngine\DelusiveEngine\DelusiveEngine.vcxproj]
     6>C:\Users\Demon Teddy\Documents\Programs\DelusiveEngine\DelusiveEngine\include\Delusive\Runtime\Core\DelusiveRegistry.h(13,33): error C2065: 'PropertyBase': undeclared identifier [C:\Users\Demon Teddy\Documents\Programs\DelusiveEngine\DelusiveEngine\DelusiveEngine.vcxproj]
     6>C:\Users\Demon Teddy\Documents\Programs\DelusiveEngine\DelusiveEngine\include\Delusive\Runtime\Core\DelusiveRegistry.h(13,22): error C2923: 'std::unique_ptr': 'PropertyBase' is not a valid template type argument for parameter '_Ty' [C:\Users\Demon Teddy\Documents\Programs\DelusiveEngine\DelusiveEngine\DelusiveEngine.vcxproj]
     6>C:\Users\Demon Teddy\Documents\Programs\DelusiveEngine\DelusiveEngine\include\Delusive\Runtime\Core\DelusiveRegistry.h(13,22): error C2976: 'std::unique_ptr': too few template arguments [C:\Users\Demon Teddy\Documents\Programs\DelusiveEngine\DelusiveEngine\DelusiveEngine.vcxproj]
     6>C:\Users\Demon Teddy\Documents\Programs\DelusiveEngine\DelusiveEngine\include\Delusive\Runtime\Core\DelusiveRegistry.h(13,22): error C3203: 'unique_ptr': unspecialized class template can't be used as a template argument for template parameter '_Ty', expected a real type [C:\Users\Demon Teddy\Documents\Programs\DelusiveEngine\DelusiveEngine\DelusiveEngine.vcxproj]
     6>C:\Users\Demon Teddy\Documents\Programs\DelusiveEngine\DelusiveEngine\include\Delusive\Runtime\Utils\Property.inl(40,9): error C3861: 'PropertyTraits': identifier not found [C:\Users\Demon Teddy\Documents\Programs\DelusiveEngine\DelusiveEngine\DelusiveEngine.vcxproj]
     6>C:\Users\Demon Teddy\Documents\Programs\DelusiveEngine\DelusiveEngine\include\Delusive\Runtime\Utils\Property.inl(44,27): error C3878: syntax error: unexpected token 'Deserialize' following 'expression' [C:\Users\Demon Teddy\Documents\Programs\DelusiveEngine\DelusiveEngine\DelusiveEngine.vcxproj]
     6>C:\Users\Demon Teddy\Documents\Programs\DelusiveEngine\DelusiveEngine\include\Delusive\Runtime\Utils\Property.inl(44,45): error C2760: syntax error: ',' was unexpected here; expected ';' [C:\Users\Demon Teddy\Documents\Programs\DelusiveEngine\DelusiveEngine\DelusiveEngine.vcxproj]
     6>C:\Users\Demon Teddy\Documents\Programs\DelusiveEngine\DelusiveEngine\include\Delusive\Runtime\Utils\Property.inl(44,45): error C3878: syntax error: unexpected token ',' following 'expression-statement' [C:\Users\Demon Teddy\Documents\Programs\DelusiveEngine\DelusiveEngine\DelusiveEngine.vcxproj]
     6>C:\Users\Demon Teddy\Documents\Programs\DelusiveEngine\DelusiveEngine\include\Delusive\Runtime\Utils\Property.inl(44,59): error C2760: syntax error: ')' was unexpected here; expected ';' [C:\Users\Demon Teddy\Documents\Programs\DelusiveEngine\DelusiveEngine\DelusiveEngine.vcxproj]
     6>C:\Users\Demon Teddy\Documents\Programs\DelusiveEngine\DelusiveEngine\include\Delusive\Runtime\Utils\Property.inl(44,59): error C3878: syntax error: unexpected token ')' following 'expression-statement' [C:\Users\Demon Teddy\Documents\Programs\DelusiveEngine\DelusiveEngine\DelusiveEngine.vcxproj]
     6>C:\Users\Demon Teddy\Documents\Programs\DelusiveEngine\DelusiveEngine\include\Delusive\Runtime\Utils\Property.inl(48,9): error C3861: 'PropertyTraits': identifier not found [C:\Users\Demon Teddy\Documents\Programs\DelusiveEngine\DelusiveEngine\DelusiveEngine.vcxproj]
     6>C:\Users\Demon Teddy\Documents\Programs\DelusiveEngine\DelusiveEngine\include\Delusive\Runtime\Utils\Property.inl(54,7): error C2953: 'Property': class template has already been defined [C:\Users\Demon Teddy\Documents\Programs\DelusiveEngine\DelusiveEngine\DelusiveEngine.vcxproj]
     6>C:\Users\Demon Teddy\Documents\Programs\DelusiveEngine\DelusiveEngine\include\Delusive\Runtime\Utils\Property.inl(574,60): error C2187: syntax error: ')' was unexpected here [C:\Users\Demon Teddy\Documents\Programs\DelusiveEngine\DelusiveEngine\DelusiveEngine.vcxproj]
     6>C:\Users\Demon Teddy\Documents\Programs\DelusiveEngine\DelusiveEngine\include\Delusive\Runtime\Utils\Property.inl(574,57): error C2013: expected a ';' [C:\Users\Demon Teddy\Documents\Programs\DelusiveEngine\DelusiveEngine\DelusiveEngine.vcxproj]
     6>C:\Users\Demon Teddy\Documents\Programs\DelusiveEngine\DelusiveEngine\include\Delusive\Runtime\Utils\Property.inl(574,60): error C3878: syntax error: unexpected token ')' following 'simple-declaration' [C:\Users\Demon Teddy\Documents\Programs\DelusiveEngine\DelusiveEngine\DelusiveEngine.vcxproj]
     6>C:\Users\Demon Teddy\Documents\Programs\DelusiveEngine\DelusiveEngine\include\Delusive\Runtime\Core\DelusiveRegistry.h(13,33): error C2065: 'PropertyBase': undeclared identifier [C:\Users\Demon Teddy\Documents\Programs\DelusiveEngine\DelusiveEngine\DelusiveEngine.vcxproj]
     6>C:\Users\Demon Teddy\Documents\Programs\DelusiveEngine\DelusiveEngine\include\Delusive\Runtime\Core\DelusiveRegistry.h(13,22): error C2923: 'std::unique_ptr': 'PropertyBase' is not a valid template type argument for parameter '_Ty' [C:\Users\Demon Teddy\Documents\Programs\DelusiveEngine\DelusiveEngine\DelusiveEngine.vcxproj]
     6>C:\Users\Demon Teddy\Documents\Programs\DelusiveEngine\DelusiveEngine\include\Delusive\Runtime\Core\DelusiveRegistry.h(13,22): error C2976: 'std::unique_ptr': too few template arguments [C:\Users\Demon Teddy\Documents\Programs\DelusiveEngine\DelusiveEngine\DelusiveEngine.vcxproj]
     6>C:\Users\Demon Teddy\Documents\Programs\DelusiveEngine\DelusiveEngine\include\Delusive\Runtime\Core\DelusiveRegistry.h(13,22): error C3203: 'unique_ptr': unspecialized class template can't be used as a template argument for template parameter '_Ty', expected a real type [C:\Users\Demon Teddy\Documents\Programs\DelusiveEngine\DelusiveEngine\DelusiveEngine.vcxproj]
     6>C:\Users\Demon Teddy\Documents\Programs\DelusiveEngine\DelusiveEngine\include\Delusive\Runtime\Utils\Property.inl(40,9): error C3861: 'PropertyTraits': identifier not found [C:\Users\Demon Teddy\Documents\Programs\DelusiveEngine\DelusiveEngine\DelusiveEngine.vcxproj]
     6>C:\Users\Demon Teddy\Documents\Programs\DelusiveEngine\DelusiveEngine\include\Delusive\Runtime\Utils\Property.inl(44,27): error C3878: syntax error: unexpected token 'Deserialize' following 'expression' [C:\Users\Demon Teddy\Documents\Programs\DelusiveEngine\DelusiveEngine\DelusiveEngine.vcxproj]
     6>C:\Users\Demon Teddy\Documents\Programs\DelusiveEngine\DelusiveEngine\include\Delusive\Runtime\Utils\Property.inl(44,45): error C2760: syntax error: ',' was unexpected here; expected ';' [C:\Users\Demon Teddy\Documents\Programs\DelusiveEngine\DelusiveEngine\DelusiveEngine.vcxproj]
     6>C:\Users\Demon Teddy\Documents\Programs\DelusiveEngine\DelusiveEngine\include\Delusive\Runtime\Utils\Property.inl(44,45): error C3878: syntax error: unexpected token ',' following 'expression-statement' [C:\Users\Demon Teddy\Documents\Programs\DelusiveEngine\DelusiveEngine\DelusiveEngine.vcxproj]
     6>C:\Users\Demon Teddy\Documents\Programs\DelusiveEngine\DelusiveEngine\include\Delusive\Runtime\Utils\Property.inl(44,59): error C2760: syntax error: ')' was unexpected here; expected ';' [C:\Users\Demon Teddy\Documents\Programs\DelusiveEngine\DelusiveEngine\DelusiveEngine.vcxproj]
     6>C:\Users\Demon Teddy\Documents\Programs\DelusiveEngine\DelusiveEngine\include\Delusive\Runtime\Utils\Property.inl(44,59): error C3878: syntax error: unexpected token ')' following 'expression-statement' [C:\Users\Demon Teddy\Documents\Programs\DelusiveEngine\DelusiveEngine\DelusiveEngine.vcxproj]
     6>C:\Users\Demon Teddy\Documents\Programs\DelusiveEngine\DelusiveEngine\include\Delusive\Runtime\Utils\Property.inl(48,9): error C3861: 'PropertyTraits': identifier not found [C:\Users\Demon Teddy\Documents\Programs\DelusiveEngine\DelusiveEngine\DelusiveEngine.vcxproj]
     6>C:\Users\Demon Teddy\Documents\Programs\DelusiveEngine\DelusiveEngine\include\Delusive\Runtime\Utils\Property.inl(54,7): error C2953: 'Property': class template has already been defined [C:\Users\Demon Teddy\Documents\Programs\DelusiveEngine\DelusiveEngine\DelusiveEngine.vcxproj]
     6>C:\Users\Demon Teddy\Documents\Programs\DelusiveEngine\DelusiveEngine\include\Delusive\Runtime\Utils\Property.inl(574,60): error C2187: syntax error: ')' was unexpected here [C:\Users\Demon Teddy\Documents\Programs\DelusiveEngine\DelusiveEngine\DelusiveEngine.vcxproj]
     6>C:\Users\Demon Teddy\Documents\Programs\DelusiveEngine\DelusiveEngine\include\Delusive\Runtime\Utils\Property.inl(574,57): error C2013: expected a ';' [C:\Users\Demon Teddy\Documents\Programs\DelusiveEngine\DelusiveEngine\DelusiveEngine.vcxproj]
     6>C:\Users\Demon Teddy\Documents\Programs\DelusiveEngine\DelusiveEngine\include\Delusive\Runtime\Utils\Property.inl(574,60): error C3878: syntax error: unexpected token ')' following 'simple-declaration' [C:\Users\Demon Teddy\Documents\Programs\DelusiveEngine\DelusiveEngine\DelusiveEngine.vcxproj]
     6>C:\Users\Demon Teddy\Documents\Programs\DelusiveEngine\DelusiveEngine\include\Delusive\Runtime\Core\DelusiveRegistry.h(13,33): error C2065: 'PropertyBase': undeclared identifier [C:\Users\Demon Teddy\Documents\Programs\DelusiveEngine\DelusiveEngine\DelusiveEngine.vcxproj]
     6>C:\Users\Demon Teddy\Documents\Programs\DelusiveEngine\DelusiveEngine\include\Delusive\Runtime\Core\DelusiveRegistry.h(13,22): error C2923: 'std::unique_ptr': 'PropertyBase' is not a valid template type argument for parameter '_Ty' [C:\Users\Demon Teddy\Documents\Programs\DelusiveEngine\DelusiveEngine\DelusiveEngine.vcxproj]
     6>C:\Users\Demon Teddy\Documents\Programs\DelusiveEngine\DelusiveEngine\include\Delusive\Runtime\Core\DelusiveRegistry.h(13,22): error C2976: 'std::unique_ptr': too few template arguments [C:\Users\Demon Teddy\Documents\Programs\DelusiveEngine\DelusiveEngine\DelusiveEngine.vcxproj]
     6>C:\Users\Demon Teddy\Documents\Programs\DelusiveEngine\DelusiveEngine\include\Delusive\Runtime\Core\DelusiveRegistry.h(13,22): error C3203: 'unique_ptr': unspecialized class template can't be used as a template argument for template parameter '_Ty', expected a real type [C:\Users\Demon Teddy\Documents\Programs\DelusiveEngine\DelusiveEngine\DelusiveEngine.vcxproj]
     6>C:\Users\Demon Teddy\Documents\Programs\DelusiveEngine\DelusiveEngine\include\Delusive\Runtime\Utils\Property.inl(40,9): error C3861: 'PropertyTraits': identifier not found [C:\Users\Demon Teddy\Documents\Programs\DelusiveEngine\DelusiveEngine\DelusiveEngine.vcxproj]
     6>C:\Users\Demon Teddy\Documents\Programs\DelusiveEngine\DelusiveEngine\include\Delusive\Runtime\Utils\Property.inl(44,27): error C3878: syntax error: unexpected token 'Deserialize' following 'expression' [C:\Users\Demon Teddy\Documents\Programs\DelusiveEngine\DelusiveEngine\DelusiveEngine.vcxproj]
     6>C:\Users\Demon Teddy\Documents\Programs\DelusiveEngine\DelusiveEngine\include\Delusive\Runtime\Utils\Property.inl(44,45): error C2760: syntax error: ',' was unexpected here; expected ';' [C:\Users\Demon Teddy\Documents\Programs\DelusiveEngine\DelusiveEngine\DelusiveEngine.vcxproj]
     6>C:\Users\Demon Teddy\Documents\Programs\DelusiveEngine\DelusiveEngine\include\Delusive\Runtime\Utils\Property.inl(44,45): error C3878: syntax error: unexpected token ',' following 'expression-statement' [C:\Users\Demon Teddy\Documents\Programs\DelusiveEngine\DelusiveEngine\DelusiveEngine.vcxproj]
     6>C:\Users\Demon Teddy\Documents\Programs\DelusiveEngine\DelusiveEngine\include\Delusive\Runtime\Utils\Property.inl(44,59): error C2760: syntax error: ')' was unexpected here; expected ';' [C:\Users\Demon Teddy\Documents\Programs\DelusiveEngine\DelusiveEngine\DelusiveEngine.vcxproj]
     6>C:\Users\Demon Teddy\Documents\Programs\DelusiveEngine\DelusiveEngine\include\Delusive\Runtime\Utils\Property.inl(44,59): error C3878: syntax error: unexpected token ')' following 'expression-statement' [C:\Users\Demon Teddy\Documents\Programs\DelusiveEngine\DelusiveEngine\DelusiveEngine.vcxproj]
     6>C:\Users\Demon Teddy\Documents\Programs\DelusiveEngine\DelusiveEngine\include\Delusive\Runtime\Utils\Property.inl(48,9): error C3861: 'PropertyTraits': identifier not found [C:\Users\Demon Teddy\Documents\Programs\DelusiveEngine\DelusiveEngine\DelusiveEngine.vcxproj]
     6>C:\Users\Demon Teddy\Documents\Programs\DelusiveEngine\DelusiveEngine\include\Delusive\Runtime\Utils\Property.inl(54,7): error C2953: 'Property': class template has already been defined [C:\Users\Demon Teddy\Documents\Programs\DelusiveEngine\DelusiveEngine\DelusiveEngine.vcxproj]
     6>C:\Users\Demon Teddy\Documents\Programs\DelusiveEngine\DelusiveEngine\include\Delusive\Runtime\Utils\Property.inl(574,60): error C2187: syntax error: ')' was unexpected here [C:\Users\Demon Teddy\Documents\Programs\DelusiveEngine\DelusiveEngine\DelusiveEngine.vcxproj]
     6>C:\Users\Demon Teddy\Documents\Programs\DelusiveEngine\DelusiveEngine\include\Delusive\Runtime\Utils\Property.inl(574,57): error C2013: expected a ';' [C:\Users\Demon Teddy\Documents\Programs\DelusiveEngine\DelusiveEngine\DelusiveEngine.vcxproj]
     6>C:\Users\Demon Teddy\Documents\Programs\DelusiveEngine\DelusiveEngine\include\Delusive\Runtime\Utils\Property.inl(574,60): error C3878: syntax error: unexpected token ')' following 'simple-declaration' [C:\Users\Demon Teddy\Documents\Programs\DelusiveEngine\DelusiveEngine\DelusiveEngine.vcxproj]
     6>C:\Users\Demon Teddy\Documents\Programs\DelusiveEngine\DelusiveEngine\include\Delusive\Runtime\Core\DelusiveRegistry.h(13,33): error C2065: 'PropertyBase': undeclared identifier [C:\Users\Demon Teddy\Documents\Programs\DelusiveEngine\DelusiveEngine\DelusiveEngine.vcxproj]
     6>C:\Users\Demon Teddy\Documents\Programs\DelusiveEngine\DelusiveEngine\include\Delusive\Runtime\Core\DelusiveRegistry.h(13,22): error C2923: 'std::unique_ptr': 'PropertyBase' is not a valid template type argument for parameter '_Ty' [C:\Users\Demon Teddy\Documents\Programs\DelusiveEngine\DelusiveEngine\DelusiveEngine.vcxproj]
     6>C:\Users\Demon Teddy\Documents\Programs\DelusiveEngine\DelusiveEngine\include\Delusive\Runtime\Core\DelusiveRegistry.h(13,22): error C2976: 'std::unique_ptr': too few template arguments [C:\Users\Demon Teddy\Documents\Programs\DelusiveEngine\DelusiveEngine\DelusiveEngine.vcxproj]
     6>C:\Users\Demon Teddy\Documents\Programs\DelusiveEngine\DelusiveEngine\include\Delusive\Runtime\Core\DelusiveRegistry.h(13,22): error C3203: 'unique_ptr': unspecialized class template can't be used as a template argument for template parameter '_Ty', expected a real type [C:\Users\Demon Teddy\Documents\Programs\DelusiveEngine\DelusiveEngine\DelusiveEngine.vcxproj]
     6>C:\Users\Demon Teddy\Documents\Programs\DelusiveEngine\DelusiveEngine\include\Delusive\Runtime\Utils\Property.inl(40,9): error C3861: 'PropertyTraits': identifier not found [C:\Users\Demon Teddy\Documents\Programs\DelusiveEngine\DelusiveEngine\DelusiveEngine.vcxproj]
     6>C:\Users\Demon Teddy\Documents\Programs\DelusiveEngine\DelusiveEngine\include\Delusive\Runtime\Utils\Property.inl(44,27): error C3878: syntax error: unexpected token 'Deserialize' following 'expression' [C:\Users\Demon Teddy\Documents\Programs\DelusiveEngine\DelusiveEngine\DelusiveEngine.vcxproj]
     6>C:\Users\Demon Teddy\Documents\Programs\DelusiveEngine\DelusiveEngine\include\Delusive\Runtime\Utils\Property.inl(44,45): error C2760: syntax error: ',' was unexpected here; expected ';' [C:\Users\Demon Teddy\Documents\Programs\DelusiveEngine\DelusiveEngine\DelusiveEngine.vcxproj]
     6>C:\Users\Demon Teddy\Documents\Programs\DelusiveEngine\DelusiveEngine\include\Delusive\Runtime\Utils\Property.inl(44,45): error C3878: syntax error: unexpected token ',' following 'expression-statement' [C:\Users\Demon Teddy\Documents\Programs\DelusiveEngine\DelusiveEngine\DelusiveEngine.vcxproj]
     6>C:\Users\Demon Teddy\Documents\Programs\DelusiveEngine\DelusiveEngine\include\Delusive\Runtime\Utils\Property.inl(44,59): error C2760: syntax error: ')' was unexpected here; expected ';' [C:\Users\Demon Teddy\Documents\Programs\DelusiveEngine\DelusiveEngine\DelusiveEngine.vcxproj]
     6>C:\Users\Demon Teddy\Documents\Programs\DelusiveEngine\DelusiveEngine\include\Delusive\Runtime\Utils\Property.inl(44,59): error C3878: syntax error: unexpected token ')' following 'expression-statement' [C:\Users\Demon Teddy\Documents\Programs\DelusiveEngine\DelusiveEngine\DelusiveEngine.vcxproj]
     6>C:\Users\Demon Teddy\Documents\Programs\DelusiveEngine\DelusiveEngine\include\Delusive\Runtime\Utils\Property.inl(48,9): error C3861: 'PropertyTraits': identifier not found [C:\Users\Demon Teddy\Documents\Programs\DelusiveEngine\DelusiveEngine\DelusiveEngine.vcxproj]
     6>C:\Users\Demon Teddy\Documents\Programs\DelusiveEngine\DelusiveEngine\include\Delusive\Runtime\Utils\Property.inl(54,7): error C2953: 'Property': class template has already been defined [C:\Users\Demon Teddy\Documents\Programs\DelusiveEngine\DelusiveEngine\DelusiveEngine.vcxproj]
     6>C:\Users\Demon Teddy\Documents\Programs\DelusiveEngine\DelusiveEngine\include\Delusive\Runtime\Utils\Property.inl(574,60): error C2187: syntax error: ')' was unexpected here [C:\Users\Demon Teddy\Documents\Programs\DelusiveEngine\DelusiveEngine\DelusiveEngine.vcxproj]
     6>C:\Users\Demon Teddy\Documents\Programs\DelusiveEngine\DelusiveEngine\include\Delusive\Runtime\Utils\Property.inl(574,57): error C2013: expected a ';' [C:\Users\Demon Teddy\Documents\Programs\DelusiveEngine\DelusiveEngine\DelusiveEngine.vcxproj]
     6>C:\Users\Demon Teddy\Documents\Programs\DelusiveEngine\DelusiveEngine\include\Delusive\Runtime\Utils\Property.inl(574,60): error C3878: syntax error: unexpected token ')' following 'simple-declaration' [C:\Users\Demon Teddy\Documents\Programs\DelusiveEngine\DelusiveEngine\DelusiveEngine.vcxproj]
     6>C:\Users\Demon Teddy\Documents\Programs\DelusiveEngine\DelusiveEngine\include\Delusive\Runtime\Core\DelusiveRegistry.h(13,33): error C2065: 'PropertyBase': undeclared identifier [C:\Users\Demon Teddy\Documents\Programs\DelusiveEngine\DelusiveEngine\DelusiveEngine.vcxproj]
     6>C:\Users\Demon Teddy\Documents\Programs\DelusiveEngine\DelusiveEngine\include\Delusive\Runtime\Core\DelusiveRegistry.h(13,22): error C2923: 'std::unique_ptr': 'PropertyBase' is not a valid template type argument for parameter '_Ty' [C:\Users\Demon Teddy\Documents\Programs\DelusiveEngine\DelusiveEngine\DelusiveEngine.vcxproj]
     6>C:\Users\Demon Teddy\Documents\Programs\DelusiveEngine\DelusiveEngine\include\Delusive\Runtime\Core\DelusiveRegistry.h(13,22): error C2976: 'std::unique_ptr': too few template arguments [C:\Users\Demon Teddy\Documents\Programs\DelusiveEngine\DelusiveEngine\DelusiveEngine.vcxproj]
     6>C:\Users\Demon Teddy\Documents\Programs\DelusiveEngine\DelusiveEngine\include\Delusive\Runtime\Core\DelusiveRegistry.h(13,22): error C3203: 'unique_ptr': unspecialized class template can't be used as a template argument for template parameter '_Ty', expected a real type [C:\Users\Demon Teddy\Documents\Programs\DelusiveEngine\DelusiveEngine\DelusiveEngine.vcxproj]
     6>C:\Users\Demon Teddy\Documents\Programs\DelusiveEngine\DelusiveEngine\include\Delusive\Runtime\Utils\Property.inl(40,9): error C3861: 'PropertyTraits': identifier not found [C:\Users\Demon Teddy\Documents\Programs\DelusiveEngine\DelusiveEngine\DelusiveEngine.vcxproj]
     6>C:\Users\Demon Teddy\Documents\Programs\DelusiveEngine\DelusiveEngine\include\Delusive\Runtime\Utils\Property.inl(44,27): error C3878: syntax error: unexpected token 'Deserialize' following 'expression' [C:\Users\Demon Teddy\Documents\Programs\DelusiveEngine\DelusiveEngine\DelusiveEngine.vcxproj]
     6>C:\Users\Demon Teddy\Documents\Programs\DelusiveEngine\DelusiveEngine\include\Delusive\Runtime\Utils\Property.inl(44,45): error C2760: syntax error: ',' was unexpected here; expected ';' [C:\Users\Demon Teddy\Documents\Programs\DelusiveEngine\DelusiveEngine\DelusiveEngine.vcxproj]
     6>C:\Users\Demon Teddy\Documents\Programs\DelusiveEngine\DelusiveEngine\include\Delusive\Runtime\Utils\Property.inl(44,45): error C3878: syntax error: unexpected token ',' following 'expression-statement' [C:\Users\Demon Teddy\Documents\Programs\DelusiveEngine\DelusiveEngine\DelusiveEngine.vcxproj]
     6>C:\Users\Demon Teddy\Documents\Programs\DelusiveEngine\DelusiveEngine\include\Delusive\Runtime\Utils\Property.inl(44,59): error C2760: syntax error: ')' was unexpected here; expected ';' [C:\Users\Demon Teddy\Documents\Programs\DelusiveEngine\DelusiveEngine\DelusiveEngine.vcxproj]
     6>C:\Users\Demon Teddy\Documents\Programs\DelusiveEngine\DelusiveEngine\include\Delusive\Runtime\Utils\Property.inl(44,59): error C3878: syntax error: unexpected token ')' following 'expression-statement' [C:\Users\Demon Teddy\Documents\Programs\DelusiveEngine\DelusiveEngine\DelusiveEngine.vcxproj]
     6>C:\Users\Demon Teddy\Documents\Programs\DelusiveEngine\DelusiveEngine\include\Delusive\Runtime\Utils\Property.inl(48,9): error C3861: 'PropertyTraits': identifier not found [C:\Users\Demon Teddy\Documents\Programs\DelusiveEngine\DelusiveEngine\DelusiveEngine.vcxproj]
     6>C:\Users\Demon Teddy\Documents\Programs\DelusiveEngine\DelusiveEngine\include\Delusive\Runtime\Utils\Property.inl(54,7): error C2953: 'Property': class template has already been defined [C:\Users\Demon Teddy\Documents\Programs\DelusiveEngine\DelusiveEngine\DelusiveEngine.vcxproj]
     6>C:\Users\Demon Teddy\Documents\Programs\DelusiveEngine\DelusiveEngine\include\Delusive\Runtime\Utils\Property.inl(574,60): error C2187: syntax error: ')' was unexpected here [C:\Users\Demon Teddy\Documents\Programs\DelusiveEngine\DelusiveEngine\DelusiveEngine.vcxproj]
     6>C:\Users\Demon Teddy\Documents\Programs\DelusiveEngine\DelusiveEngine\include\Delusive\Runtime\Utils\Property.inl(574,57): error C2013: expected a ';' [C:\Users\Demon Teddy\Documents\Programs\DelusiveEngine\DelusiveEngine\DelusiveEngine.vcxproj]
     6>C:\Users\Demon Teddy\Documents\Programs\DelusiveEngine\DelusiveEngine\include\Delusive\Runtime\Utils\Property.inl(574,60): error C3878: syntax error: unexpected token ')' following 'simple-declaration' [C:\Users\Demon Teddy\Documents\Programs\DelusiveEngine\DelusiveEngine\DelusiveEngine.vcxproj]
     6>C:\Users\Demon Teddy\Documents\Programs\DelusiveEngine\DelusiveEngine\include\Delusive\Runtime\Core\DelusiveRegistry.h(13,33): error C2065: 'PropertyBase': undeclared identifier [C:\Users\Demon Teddy\Documents\Programs\DelusiveEngine\DelusiveEngine\DelusiveEngine.vcxproj]
     6>C:\Users\Demon Teddy\Documents\Programs\DelusiveEngine\DelusiveEngine\include\Delusive\Runtime\Core\DelusiveRegistry.h(13,22): error C2923: 'std::unique_ptr': 'PropertyBase' is not a valid template type argument for parameter '_Ty' [C:\Users\Demon Teddy\Documents\Programs\DelusiveEngine\DelusiveEngine\DelusiveEngine.vcxproj]
     6>C:\Users\Demon Teddy\Documents\Programs\DelusiveEngine\DelusiveEngine\include\Delusive\Runtime\Core\DelusiveRegistry.h(13,22): error C2976: 'std::unique_ptr': too few template arguments [C:\Users\Demon Teddy\Documents\Programs\DelusiveEngine\DelusiveEngine\DelusiveEngine.vcxproj]
     6>C:\Users\Demon Teddy\Documents\Programs\DelusiveEngine\DelusiveEngine\include\Delusive\Runtime\Core\DelusiveRegistry.h(13,22): error C3203: 'unique_ptr': unspecialized class template can't be used as a template argument for template parameter '_Ty', expected a real type [C:\Users\Demon Teddy\Documents\Programs\DelusiveEngine\DelusiveEngine\DelusiveEngine.vcxproj]
     6>C:\Users\Demon Teddy\Documents\Programs\DelusiveEngine\DelusiveEngine\include\Delusive\Runtime\Utils\Property.inl(40,9): error C3861: 'PropertyTraits': identifier not found [C:\Users\Demon Teddy\Documents\Programs\DelusiveEngine\DelusiveEngine\DelusiveEngine.vcxproj]
     6>C:\Users\Demon Teddy\Documents\Programs\DelusiveEngine\DelusiveEngine\include\Delusive\Runtime\Utils\Property.inl(44,27): error C3878: syntax error: unexpected token 'Deserialize' following 'expression' [C:\Users\Demon Teddy\Documents\Programs\DelusiveEngine\DelusiveEngine\DelusiveEngine.vcxproj]
     6>C:\Users\Demon Teddy\Documents\Programs\DelusiveEngine\DelusiveEngine\include\Delusive\Runtime\Utils\Property.inl(44,45): error C2760: syntax error: ',' was unexpected here; expected ';' [C:\Users\Demon Teddy\Documents\Programs\DelusiveEngine\DelusiveEngine\DelusiveEngine.vcxproj]
     6>C:\Users\Demon Teddy\Documents\Programs\DelusiveEngine\DelusiveEngine\include\Delusive\Runtime\Utils\Property.inl(44,45): error C3878: syntax error: unexpected token ',' following 'expression-statement' [C:\Users\Demon Teddy\Documents\Programs\DelusiveEngine\DelusiveEngine\DelusiveEngine.vcxproj]
     6>C:\Users\Demon Teddy\Documents\Programs\DelusiveEngine\DelusiveEngine\include\Delusive\Runtime\Utils\Property.inl(44,59): error C2760: syntax error: ')' was unexpected here; expected ';' [C:\Users\Demon Teddy\Documents\Programs\DelusiveEngine\DelusiveEngine\DelusiveEngine.vcxproj]
     6>C:\Users\Demon Teddy\Documents\Programs\DelusiveEngine\DelusiveEngine\include\Delusive\Runtime\Utils\Property.inl(44,59): error C3878: syntax error: unexpected token ')' following 'expression-statement' [C:\Users\Demon Teddy\Documents\Programs\DelusiveEngine\DelusiveEngine\DelusiveEngine.vcxproj]
     6>C:\Users\Demon Teddy\Documents\Programs\DelusiveEngine\DelusiveEngine\include\Delusive\Runtime\Utils\Property.inl(48,9): error C3861: 'PropertyTraits': identifier not found [C:\Users\Demon Teddy\Documents\Programs\DelusiveEngine\DelusiveEngine\DelusiveEngine.vcxproj]
     6>C:\Users\Demon Teddy\Documents\Programs\DelusiveEngine\DelusiveEngine\include\Delusive\Runtime\Utils\Property.inl(54,7): error C2953: 'Property': class template has already been defined [C:\Users\Demon Teddy\Documents\Programs\DelusiveEngine\DelusiveEngine\DelusiveEngine.vcxproj]
     6>C:\Users\Demon Teddy\Documents\Programs\DelusiveEngine\DelusiveEngine\include\Delusive\Runtime\Utils\Property.inl(574,60): error C2187: syntax error: ')' was unexpected here [C:\Users\Demon Teddy\Documents\Programs\DelusiveEngine\DelusiveEngine\DelusiveEngine.vcxproj]
     6>C:\Users\Demon Teddy\Documents\Programs\DelusiveEngine\DelusiveEngine\include\Delusive\Runtime\Utils\Property.inl(574,57): error C2013: expected a ';' [C:\Users\Demon Teddy\Documents\Programs\DelusiveEngine\DelusiveEngine\DelusiveEngine.vcxproj]
     6>C:\Users\Demon Teddy\Documents\Programs\DelusiveEngine\DelusiveEngine\include\Delusive\Runtime\Utils\Property.inl(574,60): error C3878: syntax error: unexpected token ')' following 'simple-declaration' [C:\Users\Demon Teddy\Documents\Programs\DelusiveEngine\DelusiveEngine\DelusiveEngine.vcxproj]
     6>C:\Users\Demon Teddy\Documents\Programs\DelusiveEngine\DelusiveEngine\src\Delusive\Runtime\Core\DelusiveRegistry.cpp(41,17): error C3536: 'it': cannot be used before it is initialized [C:\Users\Demon Teddy\Documents\Programs\DelusiveEngine\DelusiveEngine\DelusiveEngine.vcxproj]
     6>C:\Users\Demon Teddy\Documents\Programs\DelusiveEngine\DelusiveEngine\src\Delusive\Runtime\Core\DelusiveRegistry.cpp(41,20): error C2446: '==': no conversion from 'std::_List_const_iterator<std::_List_val<std::_List_simple_types<_Ty>>>' to '<error type>' [C:\Users\Demon Teddy\Documents\Programs\DelusiveEngine\DelusiveEngine\DelusiveEngine.vcxproj]
C:\Users\Demon Teddy\Documents\Programs\DelusiveEngine\DelusiveEngine\src\Delusive\Runtime\Core\DelusiveRegistry.cpp(41,20): error C2446:         with [C:\Users\Demon Teddy\Documents\Programs\DelusiveEngine\DelusiveEngine\DelusiveEngine.vcxproj]
C:\Users\Demon Teddy\Documents\Programs\DelusiveEngine\DelusiveEngine\src\Delusive\Runtime\Core\DelusiveRegistry.cpp(41,20): error C2446:         [ [C:\Users\Demon Teddy\Documents\Programs\DelusiveEngine\DelusiveEngine\DelusiveEngine.vcxproj]
C:\Users\Demon Teddy\Documents\Programs\DelusiveEngine\DelusiveEngine\src\Delusive\Runtime\Core\DelusiveRegistry.cpp(41,20): error C2446:             _Ty=std::pair<const std::string,DelusiveParser::DataBlock> [C:\Users\Demon Teddy\Documents\Programs\DelusiveEngine\DelusiveEngine\DelusiveEngine.vcxproj]
C:\Users\Demon Teddy\Documents\Programs\DelusiveEngine\DelusiveEngine\src\Delusive\Runtime\Core\DelusiveRegistry.cpp(41,20): error C2446:         ] [C:\Users\Demon Teddy\Documents\Programs\DelusiveEngine\DelusiveEngine\DelusiveEngine.vcxproj]
     6>C:\Users\Demon Teddy\Documents\Programs\DelusiveEngine\DelusiveEngine\src\Delusive\Runtime\Core\DelusiveRegistry.cpp(49,17): error C3536: 'it': cannot be used before it is initialized [C:\Users\Demon Teddy\Documents\Programs\DelusiveEngine\DelusiveEngine\DelusiveEngine.vcxproj]
     6>C:\Users\Demon Teddy\Documents\Programs\DelusiveEngine\DelusiveEngine\src\Delusive\Runtime\Core\DelusiveRegistry.cpp(49,20): error C2446: '==': no conversion from 'std::_List_const_iterator<std::_List_val<std::_List_simple_types<_Ty>>>' to '<error type>' [C:\Users\Demon Teddy\Documents\Programs\DelusiveEngine\DelusiveEngine\DelusiveEngine.vcxproj]
C:\Users\Demon Teddy\Documents\Programs\DelusiveEngine\DelusiveEngine\src\Delusive\Runtime\Core\DelusiveRegistry.cpp(49,20): error C2446:         with [C:\Users\Demon Teddy\Documents\Programs\DelusiveEngine\DelusiveEngine\DelusiveEngine.vcxproj]
C:\Users\Demon Teddy\Documents\Programs\DelusiveEngine\DelusiveEngine\src\Delusive\Runtime\Core\DelusiveRegistry.cpp(49,20): error C2446:         [ [C:\Users\Demon Teddy\Documents\Programs\DelusiveEngine\DelusiveEngine\DelusiveEngine.vcxproj]
C:\Users\Demon Teddy\Documents\Programs\DelusiveEngine\DelusiveEngine\src\Delusive\Runtime\Core\DelusiveRegistry.cpp(49,20): error C2446:             _Ty=std::pair<const std::string,std::string> [C:\Users\Demon Teddy\Documents\Programs\DelusiveEngine\DelusiveEngine\DelusiveEngine.vcxproj]
C:\Users\Demon Teddy\Documents\Programs\DelusiveEngine\DelusiveEngine\src\Delusive\Runtime\Core\DelusiveRegistry.cpp(49,20): error C2446:         ] [C:\Users\Demon Teddy\Documents\Programs\DelusiveEngine\DelusiveEngine\DelusiveEngine.vcxproj]
     6>C:\Users\Demon Teddy\Documents\Programs\DelusiveEngine\DelusiveEngine\include\Delusive\Runtime\Core\DelusiveRegistry.h(13,33): error C2065: 'PropertyBase': undeclared identifier [C:\Users\Demon Teddy\Documents\Programs\DelusiveEngine\DelusiveEngine\DelusiveEngine.vcxproj]
     6>C:\Users\Demon Teddy\Documents\Programs\DelusiveEngine\DelusiveEngine\include\Delusive\Runtime\Core\DelusiveRegistry.h(13,22): error C2923: 'std::unique_ptr': 'PropertyBase' is not a valid template type argument for parameter '_Ty' [C:\Users\Demon Teddy\Documents\Programs\DelusiveEngine\DelusiveEngine\DelusiveEngine.vcxproj]
     6>C:\Users\Demon Teddy\Documents\Programs\DelusiveEngine\DelusiveEngine\include\Delusive\Runtime\Core\DelusiveRegistry.h(13,22): error C2976: 'std::unique_ptr': too few template arguments [C:\Users\Demon Teddy\Documents\Programs\DelusiveEngine\DelusiveEngine\DelusiveEngine.vcxproj]
     6>C:\Users\Demon Teddy\Documents\Programs\DelusiveEngine\DelusiveEngine\include\Delusive\Runtime\Core\DelusiveRegistry.h(13,22): error C3203: 'unique_ptr': unspecialized class template can't be used as a template argument for template parameter '_Ty', expected a real type [C:\Users\Demon Teddy\Documents\Programs\DelusiveEngine\DelusiveEngine\DelusiveEngine.vcxproj]
     6>C:\Users\Demon Teddy\Documents\Programs\DelusiveEngine\DelusiveEngine\include\Delusive\Runtime\Utils\Property.inl(40,9): error C3861: 'PropertyTraits': identifier not found [C:\Users\Demon Teddy\Documents\Programs\DelusiveEngine\DelusiveEngine\DelusiveEngine.vcxproj]
     6>C:\Users\Demon Teddy\Documents\Programs\DelusiveEngine\DelusiveEngine\include\Delusive\Runtime\Utils\Property.inl(44,27): error C3878: syntax error: unexpected token 'Deserialize' following 'expression' [C:\Users\Demon Teddy\Documents\Programs\DelusiveEngine\DelusiveEngine\DelusiveEngine.vcxproj]
     6>C:\Users\Demon Teddy\Documents\Programs\DelusiveEngine\DelusiveEngine\include\Delusive\Runtime\Utils\Property.inl(44,45): error C2760: syntax error: ',' was unexpected here; expected ';' [C:\Users\Demon Teddy\Documents\Programs\DelusiveEngine\DelusiveEngine\DelusiveEngine.vcxproj]
     6>C:\Users\Demon Teddy\Documents\Programs\DelusiveEngine\DelusiveEngine\include\Delusive\Runtime\Utils\Property.inl(44,45): error C3878: syntax error: unexpected token ',' following 'expression-statement' [C:\Users\Demon Teddy\Documents\Programs\DelusiveEngine\DelusiveEngine\DelusiveEngine.vcxproj]
     6>C:\Users\Demon Teddy\Documents\Programs\DelusiveEngine\DelusiveEngine\include\Delusive\Runtime\Utils\Property.inl(44,59): error C2760: syntax error: ')' was unexpected here; expected ';' [C:\Users\Demon Teddy\Documents\Programs\DelusiveEngine\DelusiveEngine\DelusiveEngine.vcxproj]
     6>C:\Users\Demon Teddy\Documents\Programs\DelusiveEngine\DelusiveEngine\include\Delusive\Runtime\Utils\Property.inl(44,59): error C3878: syntax error: unexpected token ')' following 'expression-statement' [C:\Users\Demon Teddy\Documents\Programs\DelusiveEngine\DelusiveEngine\DelusiveEngine.vcxproj]
     6>C:\Users\Demon Teddy\Documents\Programs\DelusiveEngine\DelusiveEngine\include\Delusive\Runtime\Utils\Property.inl(48,9): error C3861: 'PropertyTraits': identifier not found [C:\Users\Demon Teddy\Documents\Programs\DelusiveEngine\DelusiveEngine\DelusiveEngine.vcxproj]
     6>C:\Users\Demon Teddy\Documents\Programs\DelusiveEngine\DelusiveEngine\include\Delusive\Runtime\Utils\Property.inl(54,7): error C2953: 'Property': class template has already been defined [C:\Users\Demon Teddy\Documents\Programs\DelusiveEngine\DelusiveEngine\DelusiveEngine.vcxproj]
     6>C:\Users\Demon Teddy\Documents\Programs\DelusiveEngine\DelusiveEngine\include\Delusive\Runtime\Utils\Property.inl(574,60): error C2187: syntax error: ')' was unexpected here [C:\Users\Demon Teddy\Documents\Programs\DelusiveEngine\DelusiveEngine\DelusiveEngine.vcxproj]
     6>C:\Users\Demon Teddy\Documents\Programs\DelusiveEngine\DelusiveEngine\include\Delusive\Runtime\Utils\Property.inl(574,57): error C2013: expected a ';' [C:\Users\Demon Teddy\Documents\Programs\DelusiveEngine\DelusiveEngine\DelusiveEngine.vcxproj]
     6>C:\Users\Demon Teddy\Documents\Programs\DelusiveEngine\DelusiveEngine\include\Delusive\Runtime\Utils\Property.inl(574,60): error C3878: syntax error: unexpected token ')' following 'simple-declaration' [C:\Users\Demon Teddy\Documents\Programs\DelusiveEngine\DelusiveEngine\DelusiveEngine.vcxproj]
     6>C:\Users\Demon Teddy\Documents\Programs\DelusiveEngine\DelusiveEngine\include\Delusive\Runtime\Core\DelusiveRegistry.h(13,33): error C2065: 'PropertyBase': undeclared identifier [C:\Users\Demon Teddy\Documents\Programs\DelusiveEngine\DelusiveEngine\DelusiveEngine.vcxproj]
     6>C:\Users\Demon Teddy\Documents\Programs\DelusiveEngine\DelusiveEngine\include\Delusive\Runtime\Core\DelusiveRegistry.h(13,22): error C2923: 'std::unique_ptr': 'PropertyBase' is not a valid template type argument for parameter '_Ty' [C:\Users\Demon Teddy\Documents\Programs\DelusiveEngine\DelusiveEngine\DelusiveEngine.vcxproj]
     6>C:\Users\Demon Teddy\Documents\Programs\DelusiveEngine\DelusiveEngine\include\Delusive\Runtime\Core\DelusiveRegistry.h(13,22): error C2976: 'std::unique_ptr': too few template arguments [C:\Users\Demon Teddy\Documents\Programs\DelusiveEngine\DelusiveEngine\DelusiveEngine.vcxproj]
     6>C:\Users\Demon Teddy\Documents\Programs\DelusiveEngine\DelusiveEngine\include\Delusive\Runtime\Core\DelusiveRegistry.h(13,22): error C3203: 'unique_ptr': unspecialized class template can't be used as a template argument for template parameter '_Ty', expected a real type [C:\Users\Demon Teddy\Documents\Programs\DelusiveEngine\DelusiveEngine\DelusiveEngine.vcxproj]
     6>C:\Users\Demon Teddy\Documents\Programs\DelusiveEngine\DelusiveEngine\include\Delusive\Runtime\Utils\Property.inl(40,9): error C3861: 'PropertyTraits': identifier not found [C:\Users\Demon Teddy\Documents\Programs\DelusiveEngine\DelusiveEngine\DelusiveEngine.vcxproj]
     6>C:\Users\Demon Teddy\Documents\Programs\DelusiveEngine\DelusiveEngine\include\Delusive\Runtime\Utils\Property.inl(44,27): error C3878: syntax error: unexpected token 'Deserialize' following 'expression' [C:\Users\Demon Teddy\Documents\Programs\DelusiveEngine\DelusiveEngine\DelusiveEngine.vcxproj]
     6>C:\Users\Demon Teddy\Documents\Programs\DelusiveEngine\DelusiveEngine\include\Delusive\Runtime\Utils\Property.inl(44,45): error C2760: syntax error: ',' was unexpected here; expected ';' [C:\Users\Demon Teddy\Documents\Programs\DelusiveEngine\DelusiveEngine\DelusiveEngine.vcxproj]
     6>C:\Users\Demon Teddy\Documents\Programs\DelusiveEngine\DelusiveEngine\include\Delusive\Runtime\Utils\Property.inl(44,45): error C3878: syntax error: unexpected token ',' following 'expression-statement' [C:\Users\Demon Teddy\Documents\Programs\DelusiveEngine\DelusiveEngine\DelusiveEngine.vcxproj]
     6>C:\Users\Demon Teddy\Documents\Programs\DelusiveEngine\DelusiveEngine\include\Delusive\Runtime\Utils\Property.inl(44,59): error C2760: syntax error: ')' was unexpected here; expected ';' [C:\Users\Demon Teddy\Documents\Programs\DelusiveEngine\DelusiveEngine\DelusiveEngine.vcxproj]
     6>C:\Users\Demon Teddy\Documents\Programs\DelusiveEngine\DelusiveEngine\include\Delusive\Runtime\Utils\Property.inl(44,59): error C3878: syntax error: unexpected token ')' following 'expression-statement' [C:\Users\Demon Teddy\Documents\Programs\DelusiveEngine\DelusiveEngine\DelusiveEngine.vcxproj]
     6>C:\Users\Demon Teddy\Documents\Programs\DelusiveEngine\DelusiveEngine\include\Delusive\Runtime\Utils\Property.inl(48,9): error C3861: 'PropertyTraits': identifier not found [C:\Users\Demon Teddy\Documents\Programs\DelusiveEngine\DelusiveEngine\DelusiveEngine.vcxproj]
     6>C:\Users\Demon Teddy\Documents\Programs\DelusiveEngine\DelusiveEngine\include\Delusive\Runtime\Utils\Property.inl(54,7): error C2953: 'Property': class template has already been defined [C:\Users\Demon Teddy\Documents\Programs\DelusiveEngine\DelusiveEngine\DelusiveEngine.vcxproj]
     6>C:\Users\Demon Teddy\Documents\Programs\DelusiveEngine\DelusiveEngine\include\Delusive\Runtime\Utils\Property.inl(574,60): error C2187: syntax error: ')' was unexpected here [C:\Users\Demon Teddy\Documents\Programs\DelusiveEngine\DelusiveEngine\DelusiveEngine.vcxproj]
     6>C:\Users\Demon Teddy\Documents\Programs\DelusiveEngine\DelusiveEngine\include\Delusive\Runtime\Utils\Property.inl(574,57): error C2013: expected a ';' [C:\Users\Demon Teddy\Documents\Programs\DelusiveEngine\DelusiveEngine\DelusiveEngine.vcxproj]
     6>C:\Users\Demon Teddy\Documents\Programs\DelusiveEngine\DelusiveEngine\include\Delusive\Runtime\Utils\Property.inl(574,60): error C3878: syntax error: unexpected token ')' following 'simple-declaration' [C:\Users\Demon Teddy\Documents\Programs\DelusiveEngine\DelusiveEngine\DelusiveEngine.vcxproj]
     6>C:\Users\Demon Teddy\Documents\Programs\DelusiveEngine\DelusiveEngine\include\Delusive\Runtime\Core\DelusiveRegistry.h(13,33): error C2065: 'PropertyBase': undeclared identifier [C:\Users\Demon Teddy\Documents\Programs\DelusiveEngine\DelusiveEngine\DelusiveEngine.vcxproj]
     6>C:\Users\Demon Teddy\Documents\Programs\DelusiveEngine\DelusiveEngine\include\Delusive\Runtime\Core\DelusiveRegistry.h(13,22): error C2923: 'std::unique_ptr': 'PropertyBase' is not a valid template type argument for parameter '_Ty' [C:\Users\Demon Teddy\Documents\Programs\DelusiveEngine\DelusiveEngine\DelusiveEngine.vcxproj]
     6>C:\Users\Demon Teddy\Documents\Programs\DelusiveEngine\DelusiveEngine\include\Delusive\Runtime\Core\DelusiveRegistry.h(13,22): error C2976: 'std::unique_ptr': too few template arguments [C:\Users\Demon Teddy\Documents\Programs\DelusiveEngine\DelusiveEngine\DelusiveEngine.vcxproj]
     6>C:\Users\Demon Teddy\Documents\Programs\DelusiveEngine\DelusiveEngine\include\Delusive\Runtime\Core\DelusiveRegistry.h(13,22): error C3203: 'unique_ptr': unspecialized class template can't be used as a template argument for template parameter '_Ty', expected a real type [C:\Users\Demon Teddy\Documents\Programs\DelusiveEngine\DelusiveEngine\DelusiveEngine.vcxproj]
     6>C:\Users\Demon Teddy\Documents\Programs\DelusiveEngine\DelusiveEngine\include\Delusive\Runtime\Utils\Property.inl(40,9): error C3861: 'PropertyTraits': identifier not found [C:\Users\Demon Teddy\Documents\Programs\DelusiveEngine\DelusiveEngine\DelusiveEngine.vcxproj]
     6>C:\Users\Demon Teddy\Documents\Programs\DelusiveEngine\DelusiveEngine\include\Delusive\Runtime\Utils\Property.inl(44,27): error C3878: syntax error: unexpected token 'Deserialize' following 'expression' [C:\Users\Demon Teddy\Documents\Programs\DelusiveEngine\DelusiveEngine\DelusiveEngine.vcxproj]
     6>C:\Users\Demon Teddy\Documents\Programs\DelusiveEngine\DelusiveEngine\include\Delusive\Runtime\Utils\Property.inl(44,45): error C2760: syntax error: ',' was unexpected here; expected ';' [C:\Users\Demon Teddy\Documents\Programs\DelusiveEngine\DelusiveEngine\DelusiveEngine.vcxproj]
     6>C:\Users\Demon Teddy\Documents\Programs\DelusiveEngine\DelusiveEngine\include\Delusive\Runtime\Utils\Property.inl(44,45): error C3878: syntax error: unexpected token ',' following 'expression-statement' [C:\Users\Demon Teddy\Documents\Programs\DelusiveEngine\DelusiveEngine\DelusiveEngine.vcxproj]
     6>C:\Users\Demon Teddy\Documents\Programs\DelusiveEngine\DelusiveEngine\include\Delusive\Runtime\Utils\Property.inl(44,59): error C2760: syntax error: ')' was unexpected here; expected ';' [C:\Users\Demon Teddy\Documents\Programs\DelusiveEngine\DelusiveEngine\DelusiveEngine.vcxproj]
     6>C:\Users\Demon Teddy\Documents\Programs\DelusiveEngine\DelusiveEngine\include\Delusive\Runtime\Utils\Property.inl(44,59): error C3878: syntax error: unexpected token ')' following 'expression-statement' [C:\Users\Demon Teddy\Documents\Programs\DelusiveEngine\DelusiveEngine\DelusiveEngine.vcxproj]
     6>C:\Users\Demon Teddy\Documents\Programs\DelusiveEngine\DelusiveEngine\include\Delusive\Runtime\Utils\Property.inl(48,9): error C3861: 'PropertyTraits': identifier not found [C:\Users\Demon Teddy\Documents\Programs\DelusiveEngine\DelusiveEngine\DelusiveEngine.vcxproj]
     6>C:\Users\Demon Teddy\Documents\Programs\DelusiveEngine\DelusiveEngine\include\Delusive\Runtime\Utils\Property.inl(54,7): error C2953: 'Property': class template has already been defined [C:\Users\Demon Teddy\Documents\Programs\DelusiveEngine\DelusiveEngine\DelusiveEngine.vcxproj]
     6>C:\Users\Demon Teddy\Documents\Programs\DelusiveEngine\DelusiveEngine\include\Delusive\Runtime\Utils\Property.inl(574,60): error C2187: syntax error: ')' was unexpected here [C:\Users\Demon Teddy\Documents\Programs\DelusiveEngine\DelusiveEngine\DelusiveEngine.vcxproj]
     6>C:\Users\Demon Teddy\Documents\Programs\DelusiveEngine\DelusiveEngine\include\Delusive\Runtime\Utils\Property.inl(574,57): error C2013: expected a ';' [C:\Users\Demon Teddy\Documents\Programs\DelusiveEngine\DelusiveEngine\DelusiveEngine.vcxproj]
     6>C:\Users\Demon Teddy\Documents\Programs\DelusiveEngine\DelusiveEngine\include\Delusive\Runtime\Utils\Property.inl(574,60): error C3878: syntax error: unexpected token ')' following 'simple-declaration' [C:\Users\Demon Teddy\Documents\Programs\DelusiveEngine\DelusiveEngine\DelusiveEngine.vcxproj]
     6>C:\Users\Demon Teddy\Documents\Programs\DelusiveEngine\DelusiveEngine\include\Delusive\Runtime\Core\DelusiveRegistry.h(13,33): error C2065: 'PropertyBase': undeclared identifier [C:\Users\Demon Teddy\Documents\Programs\DelusiveEngine\DelusiveEngine\DelusiveEngine.vcxproj]
     6>C:\Users\Demon Teddy\Documents\Programs\DelusiveEngine\DelusiveEngine\include\Delusive\Runtime\Core\DelusiveRegistry.h(13,22): error C2923: 'std::unique_ptr': 'PropertyBase' is not a valid template type argument for parameter '_Ty' [C:\Users\Demon Teddy\Documents\Programs\DelusiveEngine\DelusiveEngine\DelusiveEngine.vcxproj]
     6>C:\Users\Demon Teddy\Documents\Programs\DelusiveEngine\DelusiveEngine\include\Delusive\Runtime\Core\DelusiveRegistry.h(13,22): error C2976: 'std::unique_ptr': too few template arguments [C:\Users\Demon Teddy\Documents\Programs\DelusiveEngine\DelusiveEngine\DelusiveEngine.vcxproj]
     6>C:\Users\Demon Teddy\Documents\Programs\DelusiveEngine\DelusiveEngine\include\Delusive\Runtime\Core\DelusiveRegistry.h(13,22): error C3203: 'unique_ptr': unspecialized class template can't be used as a template argument for template parameter '_Ty', expected a real type [C:\Users\Demon Teddy\Documents\Programs\DelusiveEngine\DelusiveEngine\DelusiveEngine.vcxproj]
     6>C:\Users\Demon Teddy\Documents\Programs\DelusiveEngine\DelusiveEngine\include\Delusive\Runtime\Utils\Property.inl(40,9): error C3861: 'PropertyTraits': identifier not found [C:\Users\Demon Teddy\Documents\Programs\DelusiveEngine\DelusiveEngine\DelusiveEngine.vcxproj]
     6>C:\Users\Demon Teddy\Documents\Programs\DelusiveEngine\DelusiveEngine\include\Delusive\Runtime\Utils\Property.inl(44,27): error C3878: syntax error: unexpected token 'Deserialize' following 'expression' [C:\Users\Demon Teddy\Documents\Programs\DelusiveEngine\DelusiveEngine\DelusiveEngine.vcxproj]
     6>C:\Users\Demon Teddy\Documents\Programs\DelusiveEngine\DelusiveEngine\include\Delusive\Runtime\Utils\Property.inl(44,45): error C2760: syntax error: ',' was unexpected here; expected ';' [C:\Users\Demon Teddy\Documents\Programs\DelusiveEngine\DelusiveEngine\DelusiveEngine.vcxproj]
     6>C:\Users\Demon Teddy\Documents\Programs\DelusiveEngine\DelusiveEngine\include\Delusive\Runtime\Utils\Property.inl(44,45): error C3878: syntax error: unexpected token ',' following 'expression-statement' [C:\Users\Demon Teddy\Documents\Programs\DelusiveEngine\DelusiveEngine\DelusiveEngine.vcxproj]
     6>C:\Users\Demon Teddy\Documents\Programs\DelusiveEngine\DelusiveEngine\include\Delusive\Runtime\Utils\Property.inl(44,59): error C2760: syntax error: ')' was unexpected here; expected ';' [C:\Users\Demon Teddy\Documents\Programs\DelusiveEngine\DelusiveEngine\DelusiveEngine.vcxproj]
     6>C:\Users\Demon Teddy\Documents\Programs\DelusiveEngine\DelusiveEngine\include\Delusive\Runtime\Utils\Property.inl(44,59): error C3878: syntax error: unexpected token ')' following 'expression-statement' [C:\Users\Demon Teddy\Documents\Programs\DelusiveEngine\DelusiveEngine\DelusiveEngine.vcxproj]
     6>C:\Users\Demon Teddy\Documents\Programs\DelusiveEngine\DelusiveEngine\include\Delusive\Runtime\Utils\Property.inl(48,9): error C3861: 'PropertyTraits': identifier not found [C:\Users\Demon Teddy\Documents\Programs\DelusiveEngine\DelusiveEngine\DelusiveEngine.vcxproj]
     6>C:\Users\Demon Teddy\Documents\Programs\DelusiveEngine\DelusiveEngine\include\Delusive\Runtime\Utils\Property.inl(54,7): error C2953: 'Property': class template has already been defined [C:\Users\Demon Teddy\Documents\Programs\DelusiveEngine\DelusiveEngine\DelusiveEngine.vcxproj]
     6>C:\Users\Demon Teddy\Documents\Programs\DelusiveEngine\DelusiveEngine\include\Delusive\Runtime\Utils\Property.inl(574,60): error C2187: syntax error: ')' was unexpected here [C:\Users\Demon Teddy\Documents\Programs\DelusiveEngine\DelusiveEngine\DelusiveEngine.vcxproj]
     6>C:\Users\Demon Teddy\Documents\Programs\DelusiveEngine\DelusiveEngine\include\Delusive\Runtime\Utils\Property.inl(574,57): error C2013: expected a ';' [C:\Users\Demon Teddy\Documents\Programs\DelusiveEngine\DelusiveEngine\DelusiveEngine.vcxproj]
     6>C:\Users\Demon Teddy\Documents\Programs\DelusiveEngine\DelusiveEngine\include\Delusive\Runtime\Utils\Property.inl(574,60): error C3878: syntax error: unexpected token ')' following 'simple-declaration' [C:\Users\Demon Teddy\Documents\Programs\DelusiveEngine\DelusiveEngine\DelusiveEngine.vcxproj]
     6>C:\Users\Demon Teddy\Documents\Programs\DelusiveEngine\DelusiveEngine\include\Delusive\Runtime\Core\DelusiveRegistry.h(13,33): error C2065: 'PropertyBase': undeclared identifier [C:\Users\Demon Teddy\Documents\Programs\DelusiveEngine\DelusiveEngine\DelusiveEngine.vcxproj]
     6>C:\Users\Demon Teddy\Documents\Programs\DelusiveEngine\DelusiveEngine\include\Delusive\Runtime\Core\DelusiveRegistry.h(13,22): error C2923: 'std::unique_ptr': 'PropertyBase' is not a valid template type argument for parameter '_Ty' [C:\Users\Demon Teddy\Documents\Programs\DelusiveEngine\DelusiveEngine\DelusiveEngine.vcxproj]
     6>C:\Users\Demon Teddy\Documents\Programs\DelusiveEngine\DelusiveEngine\include\Delusive\Runtime\Core\DelusiveRegistry.h(13,22): error C2976: 'std::unique_ptr': too few template arguments [C:\Users\Demon Teddy\Documents\Programs\DelusiveEngine\DelusiveEngine\DelusiveEngine.vcxproj]
     6>C:\Users\Demon Teddy\Documents\Programs\DelusiveEngine\DelusiveEngine\include\Delusive\Runtime\Core\DelusiveRegistry.h(13,22): error C3203: 'unique_ptr': unspecialized class template can't be used as a template argument for template parameter '_Ty', expected a real type [C:\Users\Demon Teddy\Documents\Programs\DelusiveEngine\DelusiveEngine\DelusiveEngine.vcxproj]
     6>C:\Users\Demon Teddy\Documents\Programs\DelusiveEngine\DelusiveEngine\include\Delusive\Runtime\Utils\Property.inl(40,9): error C3861: 'PropertyTraits': identifier not found [C:\Users\Demon Teddy\Documents\Programs\DelusiveEngine\DelusiveEngine\DelusiveEngine.vcxproj]
     6>C:\Users\Demon Teddy\Documents\Programs\DelusiveEngine\DelusiveEngine\include\Delusive\Runtime\Utils\Property.inl(44,27): error C3878: syntax error: unexpected token 'Deserialize' following 'expression' [C:\Users\Demon Teddy\Documents\Programs\DelusiveEngine\DelusiveEngine\DelusiveEngine.vcxproj]
     6>C:\Users\Demon Teddy\Documents\Programs\DelusiveEngine\DelusiveEngine\include\Delusive\Runtime\Utils\Property.inl(44,45): error C2760: syntax error: ',' was unexpected here; expected ';' [C:\Users\Demon Teddy\Documents\Programs\DelusiveEngine\DelusiveEngine\DelusiveEngine.vcxproj]
     6>C:\Users\Demon Teddy\Documents\Programs\DelusiveEngine\DelusiveEngine\include\Delusive\Runtime\Utils\Property.inl(44,45): error C3878: syntax error: unexpected token ',' following 'expression-statement' [C:\Users\Demon Teddy\Documents\Programs\DelusiveEngine\DelusiveEngine\DelusiveEngine.vcxproj]
     6>C:\Users\Demon Teddy\Documents\Programs\DelusiveEngine\DelusiveEngine\include\Delusive\Runtime\Utils\Property.inl(44,59): error C2760: syntax error: ')' was unexpected here; expected ';' [C:\Users\Demon Teddy\Documents\Programs\DelusiveEngine\DelusiveEngine\DelusiveEngine.vcxproj]
     6>C:\Users\Demon Teddy\Documents\Programs\DelusiveEngine\DelusiveEngine\include\Delusive\Runtime\Utils\Property.inl(44,59): error C3878: syntax error: unexpected token ')' following 'expression-statement' [C:\Users\Demon Teddy\Documents\Programs\DelusiveEngine\DelusiveEngine\DelusiveEngine.vcxproj]
     6>C:\Users\Demon Teddy\Documents\Programs\DelusiveEngine\DelusiveEngine\include\Delusive\Runtime\Utils\Property.inl(48,9): error C3861: 'PropertyTraits': identifier not found [C:\Users\Demon Teddy\Documents\Programs\DelusiveEngine\DelusiveEngine\DelusiveEngine.vcxproj]
     6>C:\Users\Demon Teddy\Documents\Programs\DelusiveEngine\DelusiveEngine\include\Delusive\Runtime\Utils\Property.inl(54,7): error C2953: 'Property': class template has already been defined [C:\Users\Demon Teddy\Documents\Programs\DelusiveEngine\DelusiveEngine\DelusiveEngine.vcxproj]
     6>C:\Users\Demon Teddy\Documents\Programs\DelusiveEngine\DelusiveEngine\include\Delusive\Runtime\Utils\Property.inl(574,60): error C2187: syntax error: ')' was unexpected here [C:\Users\Demon Teddy\Documents\Programs\DelusiveEngine\DelusiveEngine\DelusiveEngine.vcxproj]
     6>C:\Users\Demon Teddy\Documents\Programs\DelusiveEngine\DelusiveEngine\include\Delusive\Runtime\Utils\Property.inl(574,57): error C2013: expected a ';' [C:\Users\Demon Teddy\Documents\Programs\DelusiveEngine\DelusiveEngine\DelusiveEngine.vcxproj]
     6>C:\Users\Demon Teddy\Documents\Programs\DelusiveEngine\DelusiveEngine\include\Delusive\Runtime\Utils\Property.inl(574,60): error C3878: syntax error: unexpected token ')' following 'simple-declaration' [C:\Users\Demon Teddy\Documents\Programs\DelusiveEngine\DelusiveEngine\DelusiveEngine.vcxproj]
     6>C:\Users\Demon Teddy\Documents\Programs\DelusiveEngine\DelusiveEngine\include\Delusive\Runtime\Core\DelusiveRegistry.h(13,33): error C2065: 'PropertyBase': undeclared identifier [C:\Users\Demon Teddy\Documents\Programs\DelusiveEngine\DelusiveEngine\DelusiveEngine.vcxproj]
     6>C:\Users\Demon Teddy\Documents\Programs\DelusiveEngine\DelusiveEngine\include\Delusive\Runtime\Core\DelusiveRegistry.h(13,22): error C2923: 'std::unique_ptr': 'PropertyBase' is not a valid template type argument for parameter '_Ty' [C:\Users\Demon Teddy\Documents\Programs\DelusiveEngine\DelusiveEngine\DelusiveEngine.vcxproj]
     6>C:\Users\Demon Teddy\Documents\Programs\DelusiveEngine\DelusiveEngine\include\Delusive\Runtime\Core\DelusiveRegistry.h(13,22): error C2976: 'std::unique_ptr': too few template arguments [C:\Users\Demon Teddy\Documents\Programs\DelusiveEngine\DelusiveEngine\DelusiveEngine.vcxproj]
     6>C:\Users\Demon Teddy\Documents\Programs\DelusiveEngine\DelusiveEngine\include\Delusive\Runtime\Core\DelusiveRegistry.h(13,22): error C3203: 'unique_ptr': unspecialized class template can't be used as a template argument for template parameter '_Ty', expected a real type [C:\Users\Demon Teddy\Documents\Programs\DelusiveEngine\DelusiveEngine\DelusiveEngine.vcxproj]
     6>C:\Users\Demon Teddy\Documents\Programs\DelusiveEngine\DelusiveEngine\include\Delusive\Runtime\Utils\Property.inl(40,9): error C3861: 'PropertyTraits': identifier not found [C:\Users\Demon Teddy\Documents\Programs\DelusiveEngine\DelusiveEngine\DelusiveEngine.vcxproj]
     6>C:\Users\Demon Teddy\Documents\Programs\DelusiveEngine\DelusiveEngine\include\Delusive\Runtime\Utils\Property.inl(44,27): error C3878: syntax error: unexpected token 'Deserialize' following 'expression' [C:\Users\Demon Teddy\Documents\Programs\DelusiveEngine\DelusiveEngine\DelusiveEngine.vcxproj]
     6>C:\Users\Demon Teddy\Documents\Programs\DelusiveEngine\DelusiveEngine\include\Delusive\Runtime\Utils\Property.inl(44,45): error C2760: syntax error: ',' was unexpected here; expected ';' [C:\Users\Demon Teddy\Documents\Programs\DelusiveEngine\DelusiveEngine\DelusiveEngine.vcxproj]
     6>C:\Users\Demon Teddy\Documents\Programs\DelusiveEngine\DelusiveEngine\include\Delusive\Runtime\Utils\Property.inl(44,45): error C3878: syntax error: unexpected token ',' following 'expression-statement' [C:\Users\Demon Teddy\Documents\Programs\DelusiveEngine\DelusiveEngine\DelusiveEngine.vcxproj]
     6>C:\Users\Demon Teddy\Documents\Programs\DelusiveEngine\DelusiveEngine\include\Delusive\Runtime\Utils\Property.inl(44,59): error C2760: syntax error: ')' was unexpected here; expected ';' [C:\Users\Demon Teddy\Documents\Programs\DelusiveEngine\DelusiveEngine\DelusiveEngine.vcxproj]
     6>C:\Users\Demon Teddy\Documents\Programs\DelusiveEngine\DelusiveEngine\include\Delusive\Runtime\Utils\Property.inl(44,59): error C3878: syntax error: unexpected token ')' following 'expression-statement' [C:\Users\Demon Teddy\Documents\Programs\DelusiveEngine\DelusiveEngine\DelusiveEngine.vcxproj]
     6>C:\Users\Demon Teddy\Documents\Programs\DelusiveEngine\DelusiveEngine\include\Delusive\Runtime\Utils\Property.inl(48,9): error C3861: 'PropertyTraits': identifier not found [C:\Users\Demon Teddy\Documents\Programs\DelusiveEngine\DelusiveEngine\DelusiveEngine.vcxproj]
     6>C:\Users\Demon Teddy\Documents\Programs\DelusiveEngine\DelusiveEngine\include\Delusive\Runtime\Utils\Property.inl(54,7): error C2953: 'Property': class template has already been defined [C:\Users\Demon Teddy\Documents\Programs\DelusiveEngine\DelusiveEngine\DelusiveEngine.vcxproj]
     6>C:\Users\Demon Teddy\Documents\Programs\DelusiveEngine\DelusiveEngine\include\Delusive\Runtime\Utils\Property.inl(574,60): error C2187: syntax error: ')' was unexpected here [C:\Users\Demon Teddy\Documents\Programs\DelusiveEngine\DelusiveEngine\DelusiveEngine.vcxproj]
     6>C:\Users\Demon Teddy\Documents\Programs\DelusiveEngine\DelusiveEngine\include\Delusive\Runtime\Utils\Property.inl(574,57): error C2013: expected a ';' [C:\Users\Demon Teddy\Documents\Programs\DelusiveEngine\DelusiveEngine\DelusiveEngine.vcxproj]
     6>C:\Users\Demon Teddy\Documents\Programs\DelusiveEngine\DelusiveEngine\include\Delusive\Runtime\Utils\Property.inl(574,60): error C3878: syntax error: unexpected token ')' following 'simple-declaration' [C:\Users\Demon Teddy\Documents\Programs\DelusiveEngine\DelusiveEngine\DelusiveEngine.vcxproj]
     6>C:\Users\Demon Teddy\Documents\Programs\DelusiveEngine\DelusiveEngine\include\Delusive\Runtime\Core\DelusiveRegistry.h(13,33): error C2065: 'PropertyBase': undeclared identifier [C:\Users\Demon Teddy\Documents\Programs\DelusiveEngine\DelusiveEngine\DelusiveEngine.vcxproj]
     6>C:\Users\Demon Teddy\Documents\Programs\DelusiveEngine\DelusiveEngine\include\Delusive\Runtime\Core\DelusiveRegistry.h(13,22): error C2923: 'std::unique_ptr': 'PropertyBase' is not a valid template type argument for parameter '_Ty' [C:\Users\Demon Teddy\Documents\Programs\DelusiveEngine\DelusiveEngine\DelusiveEngine.vcxproj]
     6>C:\Users\Demon Teddy\Documents\Programs\DelusiveEngine\DelusiveEngine\include\Delusive\Runtime\Core\DelusiveRegistry.h(13,22): error C2976: 'std::unique_ptr': too few template arguments [C:\Users\Demon Teddy\Documents\Programs\DelusiveEngine\DelusiveEngine\DelusiveEngine.vcxproj]
     6>C:\Users\Demon Teddy\Documents\Programs\DelusiveEngine\DelusiveEngine\include\Delusive\Runtime\Core\DelusiveRegistry.h(13,22): error C3203: 'unique_ptr': unspecialized class template can't be used as a template argument for template parameter '_Ty', expected a real type [C:\Users\Demon Teddy\Documents\Programs\DelusiveEngine\DelusiveEngine\DelusiveEngine.vcxproj]
     6>C:\Users\Demon Teddy\Documents\Programs\DelusiveEngine\DelusiveEngine\include\Delusive\Runtime\Utils\Property.inl(40,9): error C3861: 'PropertyTraits': identifier not found [C:\Users\Demon Teddy\Documents\Programs\DelusiveEngine\DelusiveEngine\DelusiveEngine.vcxproj]
     6>C:\Users\Demon Teddy\Documents\Programs\DelusiveEngine\DelusiveEngine\include\Delusive\Runtime\Utils\Property.inl(44,27): error C3878: syntax error: unexpected token 'Deserialize' following 'expression' [C:\Users\Demon Teddy\Documents\Programs\DelusiveEngine\DelusiveEngine\DelusiveEngine.vcxproj]
     6>C:\Users\Demon Teddy\Documents\Programs\DelusiveEngine\DelusiveEngine\include\Delusive\Runtime\Utils\Property.inl(44,45): error C2760: syntax error: ',' was unexpected here; expected ';' [C:\Users\Demon Teddy\Documents\Programs\DelusiveEngine\DelusiveEngine\DelusiveEngine.vcxproj]
     6>C:\Users\Demon Teddy\Documents\Programs\DelusiveEngine\DelusiveEngine\include\Delusive\Runtime\Utils\Property.inl(44,45): error C3878: syntax error: unexpected token ',' following 'expression-statement' [C:\Users\Demon Teddy\Documents\Programs\DelusiveEngine\DelusiveEngine\DelusiveEngine.vcxproj]
     6>C:\Users\Demon Teddy\Documents\Programs\DelusiveEngine\DelusiveEngine\include\Delusive\Runtime\Utils\Property.inl(44,59): error C2760: syntax error: ')' was unexpected here; expected ';' [C:\Users\Demon Teddy\Documents\Programs\DelusiveEngine\DelusiveEngine\DelusiveEngine.vcxproj]
     6>C:\Users\Demon Teddy\Documents\Programs\DelusiveEngine\DelusiveEngine\include\Delusive\Runtime\Utils\Property.inl(44,59): error C3878: syntax error: unexpected token ')' following 'expression-statement' [C:\Users\Demon Teddy\Documents\Programs\DelusiveEngine\DelusiveEngine\DelusiveEngine.vcxproj]
     6>C:\Users\Demon Teddy\Documents\Programs\DelusiveEngine\DelusiveEngine\include\Delusive\Runtime\Utils\Property.inl(48,9): error C3861: 'PropertyTraits': identifier not found [C:\Users\Demon Teddy\Documents\Programs\DelusiveEngine\DelusiveEngine\DelusiveEngine.vcxproj]
     6>C:\Users\Demon Teddy\Documents\Programs\DelusiveEngine\DelusiveEngine\include\Delusive\Runtime\Utils\Property.inl(54,7): error C2953: 'Property': class template has already been defined [C:\Users\Demon Teddy\Documents\Programs\DelusiveEngine\DelusiveEngine\DelusiveEngine.vcxproj]
     6>C:\Users\Demon Teddy\Documents\Programs\DelusiveEngine\DelusiveEngine\include\Delusive\Runtime\Utils\Property.inl(574,60): error C2187: syntax error: ')' was unexpected here [C:\Users\Demon Teddy\Documents\Programs\DelusiveEngine\DelusiveEngine\DelusiveEngine.vcxproj]
     6>C:\Users\Demon Teddy\Documents\Programs\DelusiveEngine\DelusiveEngine\include\Delusive\Runtime\Utils\Property.inl(574,57): error C2013: expected a ';' [C:\Users\Demon Teddy\Documents\Programs\DelusiveEngine\DelusiveEngine\DelusiveEngine.vcxproj]
     6>C:\Users\Demon Teddy\Documents\Programs\DelusiveEngine\DelusiveEngine\include\Delusive\Runtime\Utils\Property.inl(574,60): error C3878: syntax error: unexpected token ')' following 'simple-declaration' [C:\Users\Demon Teddy\Documents\Programs\DelusiveEngine\DelusiveEngine\DelusiveEngine.vcxproj]
     6>C:\Users\Demon Teddy\Documents\Programs\DelusiveEngine\DelusiveEngine\include\Delusive\Runtime\Core\DelusiveRegistry.h(13,33): error C2065: 'PropertyBase': undeclared identifier [C:\Users\Demon Teddy\Documents\Programs\DelusiveEngine\DelusiveEngine\DelusiveEngine.vcxproj]
     6>C:\Users\Demon Teddy\Documents\Programs\DelusiveEngine\DelusiveEngine\include\Delusive\Runtime\Core\DelusiveRegistry.h(13,22): error C2923: 'std::unique_ptr': 'PropertyBase' is not a valid template type argument for parameter '_Ty' [C:\Users\Demon Teddy\Documents\Programs\DelusiveEngine\DelusiveEngine\DelusiveEngine.vcxproj]
     6>C:\Users\Demon Teddy\Documents\Programs\DelusiveEngine\DelusiveEngine\include\Delusive\Runtime\Core\DelusiveRegistry.h(13,22): error C2976: 'std::unique_ptr': too few template arguments [C:\Users\Demon Teddy\Documents\Programs\DelusiveEngine\DelusiveEngine\DelusiveEngine.vcxproj]
     6>C:\Users\Demon Teddy\Documents\Programs\DelusiveEngine\DelusiveEngine\include\Delusive\Runtime\Core\DelusiveRegistry.h(13,22): error C3203: 'unique_ptr': unspecialized class template can't be used as a template argument for template parameter '_Ty', expected a real type [C:\Users\Demon Teddy\Documents\Programs\DelusiveEngine\DelusiveEngine\DelusiveEngine.vcxproj]
     6>C:\Users\Demon Teddy\Documents\Programs\DelusiveEngine\DelusiveEngine\include\Delusive\Runtime\Utils\Property.inl(40,9): error C3861: 'PropertyTraits': identifier not found [C:\Users\Demon Teddy\Documents\Programs\DelusiveEngine\DelusiveEngine\DelusiveEngine.vcxproj]
     6>C:\Users\Demon Teddy\Documents\Programs\DelusiveEngine\DelusiveEngine\include\Delusive\Runtime\Utils\Property.inl(44,27): error C3878: syntax error: unexpected token 'Deserialize' following 'expression' [C:\Users\Demon Teddy\Documents\Programs\DelusiveEngine\DelusiveEngine\DelusiveEngine.vcxproj]
     6>C:\Users\Demon Teddy\Documents\Programs\DelusiveEngine\DelusiveEngine\include\Delusive\Runtime\Utils\Property.inl(44,45): error C2760: syntax error: ',' was unexpected here; expected ';' [C:\Users\Demon Teddy\Documents\Programs\DelusiveEngine\DelusiveEngine\DelusiveEngine.vcxproj]
     6>C:\Users\Demon Teddy\Documents\Programs\DelusiveEngine\DelusiveEngine\include\Delusive\Runtime\Utils\Property.inl(44,45): error C3878: syntax error: unexpected token ',' following 'expression-statement' [C:\Users\Demon Teddy\Documents\Programs\DelusiveEngine\DelusiveEngine\DelusiveEngine.vcxproj]
     6>C:\Users\Demon Teddy\Documents\Programs\DelusiveEngine\DelusiveEngine\include\Delusive\Runtime\Utils\Property.inl(44,59): error C2760: syntax error: ')' was unexpected here; expected ';' [C:\Users\Demon Teddy\Documents\Programs\DelusiveEngine\DelusiveEngine\DelusiveEngine.vcxproj]
     6>C:\Users\Demon Teddy\Documents\Programs\DelusiveEngine\DelusiveEngine\include\Delusive\Runtime\Utils\Property.inl(44,59): error C3878: syntax error: unexpected token ')' following 'expression-statement' [C:\Users\Demon Teddy\Documents\Programs\DelusiveEngine\DelusiveEngine\DelusiveEngine.vcxproj]
     6>C:\Users\Demon Teddy\Documents\Programs\DelusiveEngine\DelusiveEngine\include\Delusive\Runtime\Utils\Property.inl(48,9): error C3861: 'PropertyTraits': identifier not found [C:\Users\Demon Teddy\Documents\Programs\DelusiveEngine\DelusiveEngine\DelusiveEngine.vcxproj]
     6>C:\Users\Demon Teddy\Documents\Programs\DelusiveEngine\DelusiveEngine\include\Delusive\Runtime\Utils\Property.inl(54,7): error C2953: 'Property': class template has already been defined [C:\Users\Demon Teddy\Documents\Programs\DelusiveEngine\DelusiveEngine\DelusiveEngine.vcxproj]
     6>C:\Users\Demon Teddy\Documents\Programs\DelusiveEngine\DelusiveEngine\include\Delusive\Runtime\Utils\Property.inl(574,60): error C2187: syntax error: ')' was unexpected here [C:\Users\Demon Teddy\Documents\Programs\DelusiveEngine\DelusiveEngine\DelusiveEngine.vcxproj]
     6>C:\Users\Demon Teddy\Documents\Programs\DelusiveEngine\DelusiveEngine\include\Delusive\Runtime\Utils\Property.inl(574,57): error C2013: expected a ';' [C:\Users\Demon Teddy\Documents\Programs\DelusiveEngine\DelusiveEngine\DelusiveEngine.vcxproj]
     6>C:\Users\Demon Teddy\Documents\Programs\DelusiveEngine\DelusiveEngine\include\Delusive\Runtime\Utils\Property.inl(574,60): error C3878: syntax error: unexpected token ')' following 'simple-declaration' [C:\Users\Demon Teddy\Documents\Programs\DelusiveEngine\DelusiveEngine\DelusiveEngine.vcxproj]
     6>C:\Users\Demon Teddy\Documents\Programs\DelusiveEngine\DelusiveEngine\include\Delusive\Runtime\Core\DelusiveRegistry.h(13,33): error C2065: 'PropertyBase': undeclared identifier [C:\Users\Demon Teddy\Documents\Programs\DelusiveEngine\DelusiveEngine\DelusiveEngine.vcxproj]
     6>C:\Users\Demon Teddy\Documents\Programs\DelusiveEngine\DelusiveEngine\include\Delusive\Runtime\Core\DelusiveRegistry.h(13,22): error C2923: 'std::unique_ptr': 'PropertyBase' is not a valid template type argument for parameter '_Ty' [C:\Users\Demon Teddy\Documents\Programs\DelusiveEngine\DelusiveEngine\DelusiveEngine.vcxproj]
     6>C:\Users\Demon Teddy\Documents\Programs\DelusiveEngine\DelusiveEngine\include\Delusive\Runtime\Core\DelusiveRegistry.h(13,22): error C2976: 'std::unique_ptr': too few template arguments [C:\Users\Demon Teddy\Documents\Programs\DelusiveEngine\DelusiveEngine\DelusiveEngine.vcxproj]
     6>C:\Users\Demon Teddy\Documents\Programs\DelusiveEngine\DelusiveEngine\include\Delusive\Runtime\Core\DelusiveRegistry.h(13,22): error C3203: 'unique_ptr': unspecialized class template can't be used as a template argument for template parameter '_Ty', expected a real type [C:\Users\Demon Teddy\Documents\Programs\DelusiveEngine\DelusiveEngine\DelusiveEngine.vcxproj]
     6>C:\Users\Demon Teddy\Documents\Programs\DelusiveEngine\DelusiveEngine\include\Delusive\Runtime\Utils\Property.inl(40,9): error C3861: 'PropertyTraits': identifier not found [C:\Users\Demon Teddy\Documents\Programs\DelusiveEngine\DelusiveEngine\DelusiveEngine.vcxproj]
     6>C:\Users\Demon Teddy\Documents\Programs\DelusiveEngine\DelusiveEngine\include\Delusive\Runtime\Utils\Property.inl(44,27): error C3878: syntax error: unexpected token 'Deserialize' following 'expression' [C:\Users\Demon Teddy\Documents\Programs\DelusiveEngine\DelusiveEngine\DelusiveEngine.vcxproj]
     6>C:\Users\Demon Teddy\Documents\Programs\DelusiveEngine\DelusiveEngine\include\Delusive\Runtime\Utils\Property.inl(44,45): error C2760: syntax error: ',' was unexpected here; expected ';' [C:\Users\Demon Teddy\Documents\Programs\DelusiveEngine\DelusiveEngine\DelusiveEngine.vcxproj]
     6>C:\Users\Demon Teddy\Documents\Programs\DelusiveEngine\DelusiveEngine\include\Delusive\Runtime\Utils\Property.inl(44,45): error C3878: syntax error: unexpected token ',' following 'expression-statement' [C:\Users\Demon Teddy\Documents\Programs\DelusiveEngine\DelusiveEngine\DelusiveEngine.vcxproj]
     6>C:\Users\Demon Teddy\Documents\Programs\DelusiveEngine\DelusiveEngine\include\Delusive\Runtime\Utils\Property.inl(44,59): error C2760: syntax error: ')' was unexpected here; expected ';' [C:\Users\Demon Teddy\Documents\Programs\DelusiveEngine\DelusiveEngine\DelusiveEngine.vcxproj]
     6>C:\Users\Demon Teddy\Documents\Programs\DelusiveEngine\DelusiveEngine\include\Delusive\Runtime\Utils\Property.inl(44,59): error C3878: syntax error: unexpected token ')' following 'expression-statement' [C:\Users\Demon Teddy\Documents\Programs\DelusiveEngine\DelusiveEngine\DelusiveEngine.vcxproj]
     6>C:\Users\Demon Teddy\Documents\Programs\DelusiveEngine\DelusiveEngine\include\Delusive\Runtime\Utils\Property.inl(48,9): error C3861: 'PropertyTraits': identifier not found [C:\Users\Demon Teddy\Documents\Programs\DelusiveEngine\DelusiveEngine\DelusiveEngine.vcxproj]
     6>C:\Users\Demon Teddy\Documents\Programs\DelusiveEngine\DelusiveEngine\include\Delusive\Runtime\Utils\Property.inl(54,7): error C2953: 'Property': class template has already been defined [C:\Users\Demon Teddy\Documents\Programs\DelusiveEngine\DelusiveEngine\DelusiveEngine.vcxproj]
     6>C:\Users\Demon Teddy\Documents\Programs\DelusiveEngine\DelusiveEngine\include\Delusive\Runtime\Utils\Property.inl(574,60): error C2187: syntax error: ')' was unexpected here [C:\Users\Demon Teddy\Documents\Programs\DelusiveEngine\DelusiveEngine\DelusiveEngine.vcxproj]
     6>C:\Users\Demon Teddy\Documents\Programs\DelusiveEngine\DelusiveEngine\include\Delusive\Runtime\Utils\Property.inl(574,57): error C2013: expected a ';' [C:\Users\Demon Teddy\Documents\Programs\DelusiveEngine\DelusiveEngine\DelusiveEngine.vcxproj]
     6>C:\Users\Demon Teddy\Documents\Programs\DelusiveEngine\DelusiveEngine\include\Delusive\Runtime\Utils\Property.inl(574,60): error C3878: syntax error: unexpected token ')' following 'simple-declaration' [C:\Users\Demon Teddy\Documents\Programs\DelusiveEngine\DelusiveEngine\DelusiveEngine.vcxproj]
     6>C:\Users\Demon Teddy\Documents\Programs\DelusiveEngine\DelusiveEngine\include\Delusive\Runtime\Core\DelusiveRegistry.h(13,33): error C2065: 'PropertyBase': undeclared identifier [C:\Users\Demon Teddy\Documents\Programs\DelusiveEngine\DelusiveEngine\DelusiveEngine.vcxproj]
     6>C:\Users\Demon Teddy\Documents\Programs\DelusiveEngine\DelusiveEngine\include\Delusive\Runtime\Core\DelusiveRegistry.h(13,22): error C2923: 'std::unique_ptr': 'PropertyBase' is not a valid template type argument for parameter '_Ty' [C:\Users\Demon Teddy\Documents\Programs\DelusiveEngine\DelusiveEngine\DelusiveEngine.vcxproj]
     6>C:\Users\Demon Teddy\Documents\Programs\DelusiveEngine\DelusiveEngine\include\Delusive\Runtime\Core\DelusiveRegistry.h(13,22): error C2976: 'std::unique_ptr': too few template arguments [C:\Users\Demon Teddy\Documents\Programs\DelusiveEngine\DelusiveEngine\DelusiveEngine.vcxproj]
     6>C:\Users\Demon Teddy\Documents\Programs\DelusiveEngine\DelusiveEngine\include\Delusive\Runtime\Core\DelusiveRegistry.h(13,22): error C3203: 'unique_ptr': unspecialized class template can't be used as a template argument for template parameter '_Ty', expected a real type [C:\Users\Demon Teddy\Documents\Programs\DelusiveEngine\DelusiveEngine\DelusiveEngine.vcxproj]
     6>C:\Users\Demon Teddy\Documents\Programs\DelusiveEngine\DelusiveEngine\include\Delusive\Runtime\Utils\Property.inl(40,9): error C3861: 'PropertyTraits': identifier not found [C:\Users\Demon Teddy\Documents\Programs\DelusiveEngine\DelusiveEngine\DelusiveEngine.vcxproj]
     6>C:\Users\Demon Teddy\Documents\Programs\DelusiveEngine\DelusiveEngine\include\Delusive\Runtime\Utils\Property.inl(44,27): error C3878: syntax error: unexpected token 'Deserialize' following 'expression' [C:\Users\Demon Teddy\Documents\Programs\DelusiveEngine\DelusiveEngine\DelusiveEngine.vcxproj]
     6>C:\Users\Demon Teddy\Documents\Programs\DelusiveEngine\DelusiveEngine\include\Delusive\Runtime\Utils\Property.inl(44,45): error C2760: syntax error: ',' was unexpected here; expected ';' [C:\Users\Demon Teddy\Documents\Programs\DelusiveEngine\DelusiveEngine\DelusiveEngine.vcxproj]
     6>C:\Users\Demon Teddy\Documents\Programs\DelusiveEngine\DelusiveEngine\include\Delusive\Runtime\Utils\Property.inl(44,45): error C3878: syntax error: unexpected token ',' following 'expression-statement' [C:\Users\Demon Teddy\Documents\Programs\DelusiveEngine\DelusiveEngine\DelusiveEngine.vcxproj]
     6>C:\Users\Demon Teddy\Documents\Programs\DelusiveEngine\DelusiveEngine\include\Delusive\Runtime\Utils\Property.inl(44,59): error C2760: syntax error: ')' was unexpected here; expected ';' [C:\Users\Demon Teddy\Documents\Programs\DelusiveEngine\DelusiveEngine\DelusiveEngine.vcxproj]
     6>C:\Users\Demon Teddy\Documents\Programs\DelusiveEngine\DelusiveEngine\include\Delusive\Runtime\Utils\Property.inl(44,59): error C3878: syntax error: unexpected token ')' following 'expression-statement' [C:\Users\Demon Teddy\Documents\Programs\DelusiveEngine\DelusiveEngine\DelusiveEngine.vcxproj]
     6>C:\Users\Demon Teddy\Documents\Programs\DelusiveEngine\DelusiveEngine\include\Delusive\Runtime\Utils\Property.inl(48,9): error C3861: 'PropertyTraits': identifier not found [C:\Users\Demon Teddy\Documents\Programs\DelusiveEngine\DelusiveEngine\DelusiveEngine.vcxproj]
     6>C:\Users\Demon Teddy\Documents\Programs\DelusiveEngine\DelusiveEngine\include\Delusive\Runtime\Utils\Property.inl(54,7): error C2953: 'Property': class template has already been defined [C:\Users\Demon Teddy\Documents\Programs\DelusiveEngine\DelusiveEngine\DelusiveEngine.vcxproj]
     6>C:\Users\Demon Teddy\Documents\Programs\DelusiveEngine\DelusiveEngine\include\Delusive\Runtime\Utils\Property.inl(574,60): error C2187: syntax error: ')' was unexpected here [C:\Users\Demon Teddy\Documents\Programs\DelusiveEngine\DelusiveEngine\DelusiveEngine.vcxproj]
     6>C:\Users\Demon Teddy\Documents\Programs\DelusiveEngine\DelusiveEngine\include\Delusive\Runtime\Utils\Property.inl(574,57): error C2013: expected a ';' [C:\Users\Demon Teddy\Documents\Programs\DelusiveEngine\DelusiveEngine\DelusiveEngine.vcxproj]
     6>C:\Users\Demon Teddy\Documents\Programs\DelusiveEngine\DelusiveEngine\include\Delusive\Runtime\Utils\Property.inl(574,60): error C3878: syntax error: unexpected token ')' following 'simple-declaration' [C:\Users\Demon Teddy\Documents\Programs\DelusiveEngine\DelusiveEngine\DelusiveEngine.vcxproj]
     6>C:\Users\Demon Teddy\Documents\Programs\DelusiveEngine\DelusiveEngine\src\Delusive\Runtime\Scene\Scene.cpp(310,30): error C2039: 'children': is not a member of 'DelusiveParser::DataBlock' [C:\Users\Demon Teddy\Documents\Programs\DelusiveEngine\DelusiveEngine\DelusiveEngine.vcxproj]
     6>C:\Users\Demon Teddy\Documents\Programs\DelusiveEngine\DelusiveEngine\src\Delusive\Runtime\Scene\Scene.cpp(310,16): error C2530: 'child': references must be initialized [C:\Users\Demon Teddy\Documents\Programs\DelusiveEngine\DelusiveEngine\DelusiveEngine.vcxproj]
     6>C:\Users\Demon Teddy\Documents\Programs\DelusiveEngine\DelusiveEngine\src\Delusive\Runtime\Scene\Scene.cpp(310,16): error C3531: 'child': a symbol whose type contains 'auto' must have an initializer [C:\Users\Demon Teddy\Documents\Programs\DelusiveEngine\DelusiveEngine\DelusiveEngine.vcxproj]
     6>C:\Users\Demon Teddy\Documents\Programs\DelusiveEngine\DelusiveEngine\src\Delusive\Runtime\Scene\Scene.cpp(310,22): error C2143: syntax error: missing ';' before ':' [C:\Users\Demon Teddy\Documents\Programs\DelusiveEngine\DelusiveEngine\DelusiveEngine.vcxproj]
     6>C:\Users\Demon Teddy\Documents\Programs\DelusiveEngine\DelusiveEngine\src\Delusive\Runtime\Scene\Scene.cpp(310,38): error C2143: syntax error: missing ';' before ')' [C:\Users\Demon Teddy\Documents\Programs\DelusiveEngine\DelusiveEngine\DelusiveEngine.vcxproj]
     6>C:\Users\Demon Teddy\Documents\Programs\DelusiveEngine\DelusiveEngine\src\Delusive\Runtime\Scene\Scene.cpp(314,13): error C2664: 'void Scene::DeserializeAgent(DelusiveParser::DataBlock &)': cannot convert argument 1 from '<error type>' to 'DelusiveParser::DataBlock &' [C:\Users\Demon Teddy\Documents\Programs\DelusiveEngine\DelusiveEngine\DelusiveEngine.vcxproj]
     6>C:\Users\Demon Teddy\Documents\Programs\DelusiveEngine\DelusiveEngine\src\Delusive\Runtime\Scene\Scene.cpp(318,13): error C2664: 'void Scene::DeserializeSystem(DelusiveParser::DataBlock &)': cannot convert argument 1 from '<error type>' to 'DelusiveParser::DataBlock &' [C:\Users\Demon Teddy\Documents\Programs\DelusiveEngine\DelusiveEngine\DelusiveEngine.vcxproj]
     6>C:\Users\Demon Teddy\Documents\Programs\DelusiveEngine\DelusiveEngine\include\Delusive\Runtime\Core\DelusiveRegistry.h(13,33): error C2065: 'PropertyBase': undeclared identifier [C:\Users\Demon Teddy\Documents\Programs\DelusiveEngine\DelusiveEngine\DelusiveEngine.vcxproj]
     6>C:\Users\Demon Teddy\Documents\Programs\DelusiveEngine\DelusiveEngine\include\Delusive\Runtime\Core\DelusiveRegistry.h(13,22): error C2923: 'std::unique_ptr': 'PropertyBase' is not a valid template type argument for parameter '_Ty' [C:\Users\Demon Teddy\Documents\Programs\DelusiveEngine\DelusiveEngine\DelusiveEngine.vcxproj]
     6>C:\Users\Demon Teddy\Documents\Programs\DelusiveEngine\DelusiveEngine\include\Delusive\Runtime\Core\DelusiveRegistry.h(13,22): error C2976: 'std::unique_ptr': too few template arguments [C:\Users\Demon Teddy\Documents\Programs\DelusiveEngine\DelusiveEngine\DelusiveEngine.vcxproj]
     6>C:\Users\Demon Teddy\Documents\Programs\DelusiveEngine\DelusiveEngine\include\Delusive\Runtime\Core\DelusiveRegistry.h(13,22): error C3203: 'unique_ptr': unspecialized class template can't be used as a template argument for template parameter '_Ty', expected a real type [C:\Users\Demon Teddy\Documents\Programs\DelusiveEngine\DelusiveEngine\DelusiveEngine.vcxproj]
     6>C:\Users\Demon Teddy\Documents\Programs\DelusiveEngine\DelusiveEngine\include\Delusive\Runtime\Utils\Property.inl(40,9): error C3861: 'PropertyTraits': identifier not found [C:\Users\Demon Teddy\Documents\Programs\DelusiveEngine\DelusiveEngine\DelusiveEngine.vcxproj]
     6>C:\Users\Demon Teddy\Documents\Programs\DelusiveEngine\DelusiveEngine\include\Delusive\Runtime\Utils\Property.inl(44,27): error C3878: syntax error: unexpected token 'Deserialize' following 'expression' [C:\Users\Demon Teddy\Documents\Programs\DelusiveEngine\DelusiveEngine\DelusiveEngine.vcxproj]
     6>C:\Users\Demon Teddy\Documents\Programs\DelusiveEngine\DelusiveEngine\include\Delusive\Runtime\Utils\Property.inl(44,45): error C2760: syntax error: ',' was unexpected here; expected ';' [C:\Users\Demon Teddy\Documents\Programs\DelusiveEngine\DelusiveEngine\DelusiveEngine.vcxproj]
     6>C:\Users\Demon Teddy\Documents\Programs\DelusiveEngine\DelusiveEngine\include\Delusive\Runtime\Utils\Property.inl(44,45): error C3878: syntax error: unexpected token ',' following 'expression-statement' [C:\Users\Demon Teddy\Documents\Programs\DelusiveEngine\DelusiveEngine\DelusiveEngine.vcxproj]
     6>C:\Users\Demon Teddy\Documents\Programs\DelusiveEngine\DelusiveEngine\include\Delusive\Runtime\Utils\Property.inl(44,59): error C2760: syntax error: ')' was unexpected here; expected ';' [C:\Users\Demon Teddy\Documents\Programs\DelusiveEngine\DelusiveEngine\DelusiveEngine.vcxproj]
     6>C:\Users\Demon Teddy\Documents\Programs\DelusiveEngine\DelusiveEngine\include\Delusive\Runtime\Utils\Property.inl(44,59): error C3878: syntax error: unexpected token ')' following 'expression-statement' [C:\Users\Demon Teddy\Documents\Programs\DelusiveEngine\DelusiveEngine\DelusiveEngine.vcxproj]
     6>C:\Users\Demon Teddy\Documents\Programs\DelusiveEngine\DelusiveEngine\include\Delusive\Runtime\Utils\Property.inl(48,9): error C3861: 'PropertyTraits': identifier not found [C:\Users\Demon Teddy\Documents\Programs\DelusiveEngine\DelusiveEngine\DelusiveEngine.vcxproj]
     6>C:\Users\Demon Teddy\Documents\Programs\DelusiveEngine\DelusiveEngine\include\Delusive\Runtime\Utils\Property.inl(54,7): error C2953: 'Property': class template has already been defined [C:\Users\Demon Teddy\Documents\Programs\DelusiveEngine\DelusiveEngine\DelusiveEngine.vcxproj]
     6>C:\Users\Demon Teddy\Documents\Programs\DelusiveEngine\DelusiveEngine\include\Delusive\Runtime\Utils\Property.inl(574,60): error C2187: syntax error: ')' was unexpected here [C:\Users\Demon Teddy\Documents\Programs\DelusiveEngine\DelusiveEngine\DelusiveEngine.vcxproj]
     6>C:\Users\Demon Teddy\Documents\Programs\DelusiveEngine\DelusiveEngine\include\Delusive\Runtime\Utils\Property.inl(574,57): error C2013: expected a ';' [C:\Users\Demon Teddy\Documents\Programs\DelusiveEngine\DelusiveEngine\DelusiveEngine.vcxproj]
     6>C:\Users\Demon Teddy\Documents\Programs\DelusiveEngine\DelusiveEngine\include\Delusive\Runtime\Utils\Property.inl(574,60): error C3878: syntax error: unexpected token ')' following 'simple-declaration' [C:\Users\Demon Teddy\Documents\Programs\DelusiveEngine\DelusiveEngine\DelusiveEngine.vcxproj]
     6>C:\Users\Demon Teddy\Documents\Programs\DelusiveEngine\DelusiveEngine\include\Delusive\Runtime\Core\DelusiveRegistry.h(13,33): error C2065: 'PropertyBase': undeclared identifier [C:\Users\Demon Teddy\Documents\Programs\DelusiveEngine\DelusiveEngine\DelusiveEngine.vcxproj]
     6>C:\Users\Demon Teddy\Documents\Programs\DelusiveEngine\DelusiveEngine\include\Delusive\Runtime\Core\DelusiveRegistry.h(13,22): error C2923: 'std::unique_ptr': 'PropertyBase' is not a valid template type argument for parameter '_Ty' [C:\Users\Demon Teddy\Documents\Programs\DelusiveEngine\DelusiveEngine\DelusiveEngine.vcxproj]
     6>C:\Users\Demon Teddy\Documents\Programs\DelusiveEngine\DelusiveEngine\include\Delusive\Runtime\Core\DelusiveRegistry.h(13,22): error C2976: 'std::unique_ptr': too few template arguments [C:\Users\Demon Teddy\Documents\Programs\DelusiveEngine\DelusiveEngine\DelusiveEngine.vcxproj]
     6>C:\Users\Demon Teddy\Documents\Programs\DelusiveEngine\DelusiveEngine\include\Delusive\Runtime\Core\DelusiveRegistry.h(13,22): error C3203: 'unique_ptr': unspecialized class template can't be used as a template argument for template parameter '_Ty', expected a real type [C:\Users\Demon Teddy\Documents\Programs\DelusiveEngine\DelusiveEngine\DelusiveEngine.vcxproj]
     6>C:\Users\Demon Teddy\Documents\Programs\DelusiveEngine\DelusiveEngine\include\Delusive\Runtime\Utils\Property.inl(40,9): error C3861: 'PropertyTraits': identifier not found [C:\Users\Demon Teddy\Documents\Programs\DelusiveEngine\DelusiveEngine\DelusiveEngine.vcxproj]
     6>C:\Users\Demon Teddy\Documents\Programs\DelusiveEngine\DelusiveEngine\include\Delusive\Runtime\Utils\Property.inl(44,27): error C3878: syntax error: unexpected token 'Deserialize' following 'expression' [C:\Users\Demon Teddy\Documents\Programs\DelusiveEngine\DelusiveEngine\DelusiveEngine.vcxproj]
     6>C:\Users\Demon Teddy\Documents\Programs\DelusiveEngine\DelusiveEngine\include\Delusive\Runtime\Utils\Property.inl(44,45): error C2760: syntax error: ',' was unexpected here; expected ';' [C:\Users\Demon Teddy\Documents\Programs\DelusiveEngine\DelusiveEngine\DelusiveEngine.vcxproj]
     6>C:\Users\Demon Teddy\Documents\Programs\DelusiveEngine\DelusiveEngine\include\Delusive\Runtime\Utils\Property.inl(44,45): error C3878: syntax error: unexpected token ',' following 'expression-statement' [C:\Users\Demon Teddy\Documents\Programs\DelusiveEngine\DelusiveEngine\DelusiveEngine.vcxproj]
     6>C:\Users\Demon Teddy\Documents\Programs\DelusiveEngine\DelusiveEngine\include\Delusive\Runtime\Utils\Property.inl(44,59): error C2760: syntax error: ')' was unexpected here; expected ';' [C:\Users\Demon Teddy\Documents\Programs\DelusiveEngine\DelusiveEngine\DelusiveEngine.vcxproj]
     6>C:\Users\Demon Teddy\Documents\Programs\DelusiveEngine\DelusiveEngine\include\Delusive\Runtime\Utils\Property.inl(44,59): error C3878: syntax error: unexpected token ')' following 'expression-statement' [C:\Users\Demon Teddy\Documents\Programs\DelusiveEngine\DelusiveEngine\DelusiveEngine.vcxproj]
     6>C:\Users\Demon Teddy\Documents\Programs\DelusiveEngine\DelusiveEngine\include\Delusive\Runtime\Utils\Property.inl(48,9): error C3861: 'PropertyTraits': identifier not found [C:\Users\Demon Teddy\Documents\Programs\DelusiveEngine\DelusiveEngine\DelusiveEngine.vcxproj]
     6>C:\Users\Demon Teddy\Documents\Programs\DelusiveEngine\DelusiveEngine\include\Delusive\Runtime\Utils\Property.inl(54,7): error C2953: 'Property': class template has already been defined [C:\Users\Demon Teddy\Documents\Programs\DelusiveEngine\DelusiveEngine\DelusiveEngine.vcxproj]
     6>C:\Users\Demon Teddy\Documents\Programs\DelusiveEngine\DelusiveEngine\include\Delusive\Runtime\Utils\Property.inl(574,60): error C2187: syntax error: ')' was unexpected here [C:\Users\Demon Teddy\Documents\Programs\DelusiveEngine\DelusiveEngine\DelusiveEngine.vcxproj]
     6>C:\Users\Demon Teddy\Documents\Programs\DelusiveEngine\DelusiveEngine\include\Delusive\Runtime\Utils\Property.inl(574,57): error C2013: expected a ';' [C:\Users\Demon Teddy\Documents\Programs\DelusiveEngine\DelusiveEngine\DelusiveEngine.vcxproj]
     6>C:\Users\Demon Teddy\Documents\Programs\DelusiveEngine\DelusiveEngine\include\Delusive\Runtime\Utils\Property.inl(574,60): error C3878: syntax error: unexpected token ')' following 'simple-declaration' [C:\Users\Demon Teddy\Documents\Programs\DelusiveEngine\DelusiveEngine\DelusiveEngine.vcxproj]
     6>C:\Users\Demon Teddy\Documents\Programs\DelusiveEngine\DelusiveEngine\include\Delusive\Runtime\Core\DelusiveRegistry.h(13,33): error C2065: 'PropertyBase': undeclared identifier [C:\Users\Demon Teddy\Documents\Programs\DelusiveEngine\DelusiveEngine\DelusiveEngine.vcxproj]
     6>C:\Users\Demon Teddy\Documents\Programs\DelusiveEngine\DelusiveEngine\include\Delusive\Runtime\Core\DelusiveRegistry.h(13,22): error C2923: 'std::unique_ptr': 'PropertyBase' is not a valid template type argument for parameter '_Ty' [C:\Users\Demon Teddy\Documents\Programs\DelusiveEngine\DelusiveEngine\DelusiveEngine.vcxproj]
     6>C:\Users\Demon Teddy\Documents\Programs\DelusiveEngine\DelusiveEngine\include\Delusive\Runtime\Core\DelusiveRegistry.h(13,22): error C2976: 'std::unique_ptr': too few template arguments [C:\Users\Demon Teddy\Documents\Programs\DelusiveEngine\DelusiveEngine\DelusiveEngine.vcxproj]
     6>C:\Users\Demon Teddy\Documents\Programs\DelusiveEngine\DelusiveEngine\include\Delusive\Runtime\Core\DelusiveRegistry.h(13,22): error C3203: 'unique_ptr': unspecialized class template can't be used as a template argument for template parameter '_Ty', expected a real type [C:\Users\Demon Teddy\Documents\Programs\DelusiveEngine\DelusiveEngine\DelusiveEngine.vcxproj]
     6>C:\Users\Demon Teddy\Documents\Programs\DelusiveEngine\DelusiveEngine\include\Delusive\Runtime\Utils\Property.inl(40,9): error C3861: 'PropertyTraits': identifier not found [C:\Users\Demon Teddy\Documents\Programs\DelusiveEngine\DelusiveEngine\DelusiveEngine.vcxproj]
     6>C:\Users\Demon Teddy\Documents\Programs\DelusiveEngine\DelusiveEngine\include\Delusive\Runtime\Utils\Property.inl(44,27): error C3878: syntax error: unexpected token 'Deserialize' following 'expression' [C:\Users\Demon Teddy\Documents\Programs\DelusiveEngine\DelusiveEngine\DelusiveEngine.vcxproj]
     6>C:\Users\Demon Teddy\Documents\Programs\DelusiveEngine\DelusiveEngine\include\Delusive\Runtime\Utils\Property.inl(44,45): error C2760: syntax error: ',' was unexpected here; expected ';' [C:\Users\Demon Teddy\Documents\Programs\DelusiveEngine\DelusiveEngine\DelusiveEngine.vcxproj]
     6>C:\Users\Demon Teddy\Documents\Programs\DelusiveEngine\DelusiveEngine\include\Delusive\Runtime\Utils\Property.inl(44,45): error C3878: syntax error: unexpected token ',' following 'expression-statement' [C:\Users\Demon Teddy\Documents\Programs\DelusiveEngine\DelusiveEngine\DelusiveEngine.vcxproj]
     6>C:\Users\Demon Teddy\Documents\Programs\DelusiveEngine\DelusiveEngine\include\Delusive\Runtime\Utils\Property.inl(44,59): error C2760: syntax error: ')' was unexpected here; expected ';' [C:\Users\Demon Teddy\Documents\Programs\DelusiveEngine\DelusiveEngine\DelusiveEngine.vcxproj]
     6>C:\Users\Demon Teddy\Documents\Programs\DelusiveEngine\DelusiveEngine\include\Delusive\Runtime\Utils\Property.inl(44,59): error C3878: syntax error: unexpected token ')' following 'expression-statement' [C:\Users\Demon Teddy\Documents\Programs\DelusiveEngine\DelusiveEngine\DelusiveEngine.vcxproj]
     6>C:\Users\Demon Teddy\Documents\Programs\DelusiveEngine\DelusiveEngine\include\Delusive\Runtime\Utils\Property.inl(48,9): error C3861: 'PropertyTraits': identifier not found [C:\Users\Demon Teddy\Documents\Programs\DelusiveEngine\DelusiveEngine\DelusiveEngine.vcxproj]
     6>C:\Users\Demon Teddy\Documents\Programs\DelusiveEngine\DelusiveEngine\include\Delusive\Runtime\Utils\Property.inl(54,7): error C2953: 'Property': class template has already been defined [C:\Users\Demon Teddy\Documents\Programs\DelusiveEngine\DelusiveEngine\DelusiveEngine.vcxproj]
     6>C:\Users\Demon Teddy\Documents\Programs\DelusiveEngine\DelusiveEngine\include\Delusive\Runtime\Utils\Property.inl(574,60): error C2187: syntax error: ')' was unexpected here [C:\Users\Demon Teddy\Documents\Programs\DelusiveEngine\DelusiveEngine\DelusiveEngine.vcxproj]
     6>C:\Users\Demon Teddy\Documents\Programs\DelusiveEngine\DelusiveEngine\include\Delusive\Runtime\Utils\Property.inl(574,57): error C2013: expected a ';' [C:\Users\Demon Teddy\Documents\Programs\DelusiveEngine\DelusiveEngine\DelusiveEngine.vcxproj]
     6>C:\Users\Demon Teddy\Documents\Programs\DelusiveEngine\DelusiveEngine\include\Delusive\Runtime\Utils\Property.inl(574,60): error C3878: syntax error: unexpected token ')' following 'simple-declaration' [C:\Users\Demon Teddy\Documents\Programs\DelusiveEngine\DelusiveEngine\DelusiveEngine.vcxproj]
     6>C:\Users\Demon Teddy\Documents\Programs\DelusiveEngine\DelusiveEngine\include\Delusive\Runtime\Core\DelusiveRegistry.h(13,33): error C2065: 'PropertyBase': undeclared identifier [C:\Users\Demon Teddy\Documents\Programs\DelusiveEngine\DelusiveEngine\DelusiveEngine.vcxproj]
     6>C:\Users\Demon Teddy\Documents\Programs\DelusiveEngine\DelusiveEngine\include\Delusive\Runtime\Core\DelusiveRegistry.h(13,22): error C2923: 'std::unique_ptr': 'PropertyBase' is not a valid template type argument for parameter '_Ty' [C:\Users\Demon Teddy\Documents\Programs\DelusiveEngine\DelusiveEngine\DelusiveEngine.vcxproj]
     6>C:\Users\Demon Teddy\Documents\Programs\DelusiveEngine\DelusiveEngine\include\Delusive\Runtime\Core\DelusiveRegistry.h(13,22): error C2976: 'std::unique_ptr': too few template arguments [C:\Users\Demon Teddy\Documents\Programs\DelusiveEngine\DelusiveEngine\DelusiveEngine.vcxproj]
     6>C:\Users\Demon Teddy\Documents\Programs\DelusiveEngine\DelusiveEngine\include\Delusive\Runtime\Core\DelusiveRegistry.h(13,22): error C3203: 'unique_ptr': unspecialized class template can't be used as a template argument for template parameter '_Ty', expected a real type [C:\Users\Demon Teddy\Documents\Programs\DelusiveEngine\DelusiveEngine\DelusiveEngine.vcxproj]
     6>C:\Users\Demon Teddy\Documents\Programs\DelusiveEngine\DelusiveEngine\include\Delusive\Runtime\Utils\Property.inl(40,9): error C3861: 'PropertyTraits': identifier not found [C:\Users\Demon Teddy\Documents\Programs\DelusiveEngine\DelusiveEngine\DelusiveEngine.vcxproj]
     6>C:\Users\Demon Teddy\Documents\Programs\DelusiveEngine\DelusiveEngine\include\Delusive\Runtime\Utils\Property.inl(44,27): error C3878: syntax error: unexpected token 'Deserialize' following 'expression' [C:\Users\Demon Teddy\Documents\Programs\DelusiveEngine\DelusiveEngine\DelusiveEngine.vcxproj]
     6>C:\Users\Demon Teddy\Documents\Programs\DelusiveEngine\DelusiveEngine\include\Delusive\Runtime\Utils\Property.inl(44,45): error C2760: syntax error: ',' was unexpected here; expected ';' [C:\Users\Demon Teddy\Documents\Programs\DelusiveEngine\DelusiveEngine\DelusiveEngine.vcxproj]
     6>C:\Users\Demon Teddy\Documents\Programs\DelusiveEngine\DelusiveEngine\include\Delusive\Runtime\Utils\Property.inl(44,45): error C3878: syntax error: unexpected token ',' following 'expression-statement' [C:\Users\Demon Teddy\Documents\Programs\DelusiveEngine\DelusiveEngine\DelusiveEngine.vcxproj]
     6>C:\Users\Demon Teddy\Documents\Programs\DelusiveEngine\DelusiveEngine\include\Delusive\Runtime\Utils\Property.inl(44,59): error C2760: syntax error: ')' was unexpected here; expected ';' [C:\Users\Demon Teddy\Documents\Programs\DelusiveEngine\DelusiveEngine\DelusiveEngine.vcxproj]
     6>C:\Users\Demon Teddy\Documents\Programs\DelusiveEngine\DelusiveEngine\include\Delusive\Runtime\Utils\Property.inl(44,59): error C3878: syntax error: unexpected token ')' following 'expression-statement' [C:\Users\Demon Teddy\Documents\Programs\DelusiveEngine\DelusiveEngine\DelusiveEngine.vcxproj]
     6>C:\Users\Demon Teddy\Documents\Programs\DelusiveEngine\DelusiveEngine\include\Delusive\Runtime\Utils\Property.inl(48,9): error C3861: 'PropertyTraits': identifier not found [C:\Users\Demon Teddy\Documents\Programs\DelusiveEngine\DelusiveEngine\DelusiveEngine.vcxproj]
     6>C:\Users\Demon Teddy\Documents\Programs\DelusiveEngine\DelusiveEngine\include\Delusive\Runtime\Utils\Property.inl(54,7): error C2953: 'Property': class template has already been defined [C:\Users\Demon Teddy\Documents\Programs\DelusiveEngine\DelusiveEngine\DelusiveEngine.vcxproj]
     6>C:\Users\Demon Teddy\Documents\Programs\DelusiveEngine\DelusiveEngine\include\Delusive\Runtime\Utils\Property.inl(574,60): error C2187: syntax error: ')' was unexpected here [C:\Users\Demon Teddy\Documents\Programs\DelusiveEngine\DelusiveEngine\DelusiveEngine.vcxproj]
     6>C:\Users\Demon Teddy\Documents\Programs\DelusiveEngine\DelusiveEngine\include\Delusive\Runtime\Utils\Property.inl(574,57): error C2013: expected a ';' [C:\Users\Demon Teddy\Documents\Programs\DelusiveEngine\DelusiveEngine\DelusiveEngine.vcxproj]
     6>C:\Users\Demon Teddy\Documents\Programs\DelusiveEngine\DelusiveEngine\include\Delusive\Runtime\Utils\Property.inl(574,60): error C3878: syntax error: unexpected token ')' following 'simple-declaration' [C:\Users\Demon Teddy\Documents\Programs\DelusiveEngine\DelusiveEngine\DelusiveEngine.vcxproj]
     6>C:\Users\Demon Teddy\Documents\Programs\DelusiveEngine\DelusiveEngine\include\Delusive\Runtime\Core\DelusiveRegistry.h(13,33): error C2065: 'PropertyBase': undeclared identifier [C:\Users\Demon Teddy\Documents\Programs\DelusiveEngine\DelusiveEngine\DelusiveEngine.vcxproj]
     6>C:\Users\Demon Teddy\Documents\Programs\DelusiveEngine\DelusiveEngine\include\Delusive\Runtime\Core\DelusiveRegistry.h(13,22): error C2923: 'std::unique_ptr': 'PropertyBase' is not a valid template type argument for parameter '_Ty' [C:\Users\Demon Teddy\Documents\Programs\DelusiveEngine\DelusiveEngine\DelusiveEngine.vcxproj]
     6>C:\Users\Demon Teddy\Documents\Programs\DelusiveEngine\DelusiveEngine\include\Delusive\Runtime\Core\DelusiveRegistry.h(13,22): error C2976: 'std::unique_ptr': too few template arguments [C:\Users\Demon Teddy\Documents\Programs\DelusiveEngine\DelusiveEngine\DelusiveEngine.vcxproj]
     6>C:\Users\Demon Teddy\Documents\Programs\DelusiveEngine\DelusiveEngine\include\Delusive\Runtime\Core\DelusiveRegistry.h(13,22): error C3203: 'unique_ptr': unspecialized class template can't be used as a template argument for template parameter '_Ty', expected a real type [C:\Users\Demon Teddy\Documents\Programs\DelusiveEngine\DelusiveEngine\DelusiveEngine.vcxproj]
     6>C:\Users\Demon Teddy\Documents\Programs\DelusiveEngine\DelusiveEngine\include\Delusive\Runtime\Utils\Property.inl(40,9): error C3861: 'PropertyTraits': identifier not found [C:\Users\Demon Teddy\Documents\Programs\DelusiveEngine\DelusiveEngine\DelusiveEngine.vcxproj]
     6>C:\Users\Demon Teddy\Documents\Programs\DelusiveEngine\DelusiveEngine\include\Delusive\Runtime\Utils\Property.inl(44,27): error C3878: syntax error: unexpected token 'Deserialize' following 'expression' [C:\Users\Demon Teddy\Documents\Programs\DelusiveEngine\DelusiveEngine\DelusiveEngine.vcxproj]
     6>C:\Users\Demon Teddy\Documents\Programs\DelusiveEngine\DelusiveEngine\include\Delusive\Runtime\Utils\Property.inl(44,45): error C2760: syntax error: ',' was unexpected here; expected ';' [C:\Users\Demon Teddy\Documents\Programs\DelusiveEngine\DelusiveEngine\DelusiveEngine.vcxproj]
     6>C:\Users\Demon Teddy\Documents\Programs\DelusiveEngine\DelusiveEngine\include\Delusive\Runtime\Utils\Property.inl(44,45): error C3878: syntax error: unexpected token ',' following 'expression-statement' [C:\Users\Demon Teddy\Documents\Programs\DelusiveEngine\DelusiveEngine\DelusiveEngine.vcxproj]
     6>C:\Users\Demon Teddy\Documents\Programs\DelusiveEngine\DelusiveEngine\include\Delusive\Runtime\Utils\Property.inl(44,59): error C2760: syntax error: ')' was unexpected here; expected ';' [C:\Users\Demon Teddy\Documents\Programs\DelusiveEngine\DelusiveEngine\DelusiveEngine.vcxproj]
     6>C:\Users\Demon Teddy\Documents\Programs\DelusiveEngine\DelusiveEngine\include\Delusive\Runtime\Utils\Property.inl(44,59): error C3878: syntax error: unexpected token ')' following 'expression-statement' [C:\Users\Demon Teddy\Documents\Programs\DelusiveEngine\DelusiveEngine\DelusiveEngine.vcxproj]
     6>C:\Users\Demon Teddy\Documents\Programs\DelusiveEngine\DelusiveEngine\include\Delusive\Runtime\Utils\Property.inl(48,9): error C3861: 'PropertyTraits': identifier not found [C:\Users\Demon Teddy\Documents\Programs\DelusiveEngine\DelusiveEngine\DelusiveEngine.vcxproj]
     6>C:\Users\Demon Teddy\Documents\Programs\DelusiveEngine\DelusiveEngine\include\Delusive\Runtime\Utils\Property.inl(54,7): error C2953: 'Property': class template has already been defined [C:\Users\Demon Teddy\Documents\Programs\DelusiveEngine\DelusiveEngine\DelusiveEngine.vcxproj]
     6>C:\Users\Demon Teddy\Documents\Programs\DelusiveEngine\DelusiveEngine\include\Delusive\Runtime\Utils\Property.inl(574,60): error C2187: syntax error: ')' was unexpected here [C:\Users\Demon Teddy\Documents\Programs\DelusiveEngine\DelusiveEngine\DelusiveEngine.vcxproj]
     6>C:\Users\Demon Teddy\Documents\Programs\DelusiveEngine\DelusiveEngine\include\Delusive\Runtime\Utils\Property.inl(574,57): error C2013: expected a ';' [C:\Users\Demon Teddy\Documents\Programs\DelusiveEngine\DelusiveEngine\DelusiveEngine.vcxproj]
     6>C:\Users\Demon Teddy\Documents\Programs\DelusiveEngine\DelusiveEngine\include\Delusive\Runtime\Utils\Property.inl(574,60): error C3878: syntax error: unexpected token ')' following 'simple-declaration' [C:\Users\Demon Teddy\Documents\Programs\DelusiveEngine\DelusiveEngine\DelusiveEngine.vcxproj]
     6>C:\Users\Demon Teddy\Documents\Programs\DelusiveEngine\DelusiveEngine\include\Delusive\Runtime\Core\DelusiveRegistry.h(13,33): error C2065: 'PropertyBase': undeclared identifier [C:\Users\Demon Teddy\Documents\Programs\DelusiveEngine\DelusiveEngine\DelusiveEngine.vcxproj]
     6>C:\Users\Demon Teddy\Documents\Programs\DelusiveEngine\DelusiveEngine\include\Delusive\Runtime\Core\DelusiveRegistry.h(13,22): error C2923: 'std::unique_ptr': 'PropertyBase' is not a valid template type argument for parameter '_Ty' [C:\Users\Demon Teddy\Documents\Programs\DelusiveEngine\DelusiveEngine\DelusiveEngine.vcxproj]
     6>C:\Users\Demon Teddy\Documents\Programs\DelusiveEngine\DelusiveEngine\include\Delusive\Runtime\Core\DelusiveRegistry.h(13,22): error C2976: 'std::unique_ptr': too few template arguments [C:\Users\Demon Teddy\Documents\Programs\DelusiveEngine\DelusiveEngine\DelusiveEngine.vcxproj]
     6>C:\Users\Demon Teddy\Documents\Programs\DelusiveEngine\DelusiveEngine\include\Delusive\Runtime\Core\DelusiveRegistry.h(13,22): error C3203: 'unique_ptr': unspecialized class template can't be used as a template argument for template parameter '_Ty', expected a real type [C:\Users\Demon Teddy\Documents\Programs\DelusiveEngine\DelusiveEngine\DelusiveEngine.vcxproj]
     6>C:\Users\Demon Teddy\Documents\Programs\DelusiveEngine\DelusiveEngine\include\Delusive\Runtime\Utils\Property.inl(40,9): error C3861: 'PropertyTraits': identifier not found [C:\Users\Demon Teddy\Documents\Programs\DelusiveEngine\DelusiveEngine\DelusiveEngine.vcxproj]
     6>C:\Users\Demon Teddy\Documents\Programs\DelusiveEngine\DelusiveEngine\include\Delusive\Runtime\Utils\Property.inl(44,27): error C3878: syntax error: unexpected token 'Deserialize' following 'expression' [C:\Users\Demon Teddy\Documents\Programs\DelusiveEngine\DelusiveEngine\DelusiveEngine.vcxproj]
     6>C:\Users\Demon Teddy\Documents\Programs\DelusiveEngine\DelusiveEngine\include\Delusive\Runtime\Utils\Property.inl(44,45): error C2760: syntax error: ',' was unexpected here; expected ';' [C:\Users\Demon Teddy\Documents\Programs\DelusiveEngine\DelusiveEngine\DelusiveEngine.vcxproj]
     6>C:\Users\Demon Teddy\Documents\Programs\DelusiveEngine\DelusiveEngine\include\Delusive\Runtime\Utils\Property.inl(44,45): error C3878: syntax error: unexpected token ',' following 'expression-statement' [C:\Users\Demon Teddy\Documents\Programs\DelusiveEngine\DelusiveEngine\DelusiveEngine.vcxproj]
     6>C:\Users\Demon Teddy\Documents\Programs\DelusiveEngine\DelusiveEngine\include\Delusive\Runtime\Utils\Property.inl(44,59): error C2760: syntax error: ')' was unexpected here; expected ';' [C:\Users\Demon Teddy\Documents\Programs\DelusiveEngine\DelusiveEngine\DelusiveEngine.vcxproj]
     6>C:\Users\Demon Teddy\Documents\Programs\DelusiveEngine\DelusiveEngine\include\Delusive\Runtime\Utils\Property.inl(44,59): error C3878: syntax error: unexpected token ')' following 'expression-statement' [C:\Users\Demon Teddy\Documents\Programs\DelusiveEngine\DelusiveEngine\DelusiveEngine.vcxproj]
     6>C:\Users\Demon Teddy\Documents\Programs\DelusiveEngine\DelusiveEngine\include\Delusive\Runtime\Utils\Property.inl(48,9): error C3861: 'PropertyTraits': identifier not found [C:\Users\Demon Teddy\Documents\Programs\DelusiveEngine\DelusiveEngine\DelusiveEngine.vcxproj]
     6>C:\Users\Demon Teddy\Documents\Programs\DelusiveEngine\DelusiveEngine\include\Delusive\Runtime\Utils\Property.inl(54,7): error C2953: 'Property': class template has already been defined [C:\Users\Demon Teddy\Documents\Programs\DelusiveEngine\DelusiveEngine\DelusiveEngine.vcxproj]
     6>C:\Users\Demon Teddy\Documents\Programs\DelusiveEngine\DelusiveEngine\include\Delusive\Runtime\Utils\Property.inl(574,60): error C2187: syntax error: ')' was unexpected here [C:\Users\Demon Teddy\Documents\Programs\DelusiveEngine\DelusiveEngine\DelusiveEngine.vcxproj]
     6>C:\Users\Demon Teddy\Documents\Programs\DelusiveEngine\DelusiveEngine\include\Delusive\Runtime\Utils\Property.inl(574,57): error C2013: expected a ';' [C:\Users\Demon Teddy\Documents\Programs\DelusiveEngine\DelusiveEngine\DelusiveEngine.vcxproj]
     6>C:\Users\Demon Teddy\Documents\Programs\DelusiveEngine\DelusiveEngine\include\Delusive\Runtime\Utils\Property.inl(574,60): error C3878: syntax error: unexpected token ')' following 'simple-declaration' [C:\Users\Demon Teddy\Documents\Programs\DelusiveEngine\DelusiveEngine\DelusiveEngine.vcxproj]
     6>C:\Users\Demon Teddy\Documents\Programs\DelusiveEngine\DelusiveEngine\include\Delusive\Runtime\Core\DelusiveRegistry.h(13,33): error C2065: 'PropertyBase': undeclared identifier [C:\Users\Demon Teddy\Documents\Programs\DelusiveEngine\DelusiveEngine\DelusiveEngine.vcxproj]
     6>C:\Users\Demon Teddy\Documents\Programs\DelusiveEngine\DelusiveEngine\include\Delusive\Runtime\Core\DelusiveRegistry.h(13,22): error C2923: 'std::unique_ptr': 'PropertyBase' is not a valid template type argument for parameter '_Ty' [C:\Users\Demon Teddy\Documents\Programs\DelusiveEngine\DelusiveEngine\DelusiveEngine.vcxproj]
     6>C:\Users\Demon Teddy\Documents\Programs\DelusiveEngine\DelusiveEngine\include\Delusive\Runtime\Core\DelusiveRegistry.h(13,22): error C2976: 'std::unique_ptr': too few template arguments [C:\Users\Demon Teddy\Documents\Programs\DelusiveEngine\DelusiveEngine\DelusiveEngine.vcxproj]
     6>C:\Users\Demon Teddy\Documents\Programs\DelusiveEngine\DelusiveEngine\include\Delusive\Runtime\Core\DelusiveRegistry.h(13,22): error C3203: 'unique_ptr': unspecialized class template can't be used as a template argument for template parameter '_Ty', expected a real type [C:\Users\Demon Teddy\Documents\Programs\DelusiveEngine\DelusiveEngine\DelusiveEngine.vcxproj]
     6>C:\Users\Demon Teddy\Documents\Programs\DelusiveEngine\DelusiveEngine\include\Delusive\Runtime\Utils\Property.inl(40,9): error C3861: 'PropertyTraits': identifier not found [C:\Users\Demon Teddy\Documents\Programs\DelusiveEngine\DelusiveEngine\DelusiveEngine.vcxproj]
     6>C:\Users\Demon Teddy\Documents\Programs\DelusiveEngine\DelusiveEngine\include\Delusive\Runtime\Utils\Property.inl(44,27): error C3878: syntax error: unexpected token 'Deserialize' following 'expression' [C:\Users\Demon Teddy\Documents\Programs\DelusiveEngine\DelusiveEngine\DelusiveEngine.vcxproj]
     6>C:\Users\Demon Teddy\Documents\Programs\DelusiveEngine\DelusiveEngine\include\Delusive\Runtime\Utils\Property.inl(44,45): error C2760: syntax error: ',' was unexpected here; expected ';' [C:\Users\Demon Teddy\Documents\Programs\DelusiveEngine\DelusiveEngine\DelusiveEngine.vcxproj]
     6>C:\Users\Demon Teddy\Documents\Programs\DelusiveEngine\DelusiveEngine\include\Delusive\Runtime\Utils\Property.inl(44,45): error C3878: syntax error: unexpected token ',' following 'expression-statement' [C:\Users\Demon Teddy\Documents\Programs\DelusiveEngine\DelusiveEngine\DelusiveEngine.vcxproj]
     6>C:\Users\Demon Teddy\Documents\Programs\DelusiveEngine\DelusiveEngine\include\Delusive\Runtime\Utils\Property.inl(44,59): error C2760: syntax error: ')' was unexpected here; expected ';' [C:\Users\Demon Teddy\Documents\Programs\DelusiveEngine\DelusiveEngine\DelusiveEngine.vcxproj]
     6>C:\Users\Demon Teddy\Documents\Programs\DelusiveEngine\DelusiveEngine\include\Delusive\Runtime\Utils\Property.inl(44,59): error C3878: syntax error: unexpected token ')' following 'expression-statement' [C:\Users\Demon Teddy\Documents\Programs\DelusiveEngine\DelusiveEngine\DelusiveEngine.vcxproj]
     6>C:\Users\Demon Teddy\Documents\Programs\DelusiveEngine\DelusiveEngine\include\Delusive\Runtime\Utils\Property.inl(48,9): error C3861: 'PropertyTraits': identifier not found [C:\Users\Demon Teddy\Documents\Programs\DelusiveEngine\DelusiveEngine\DelusiveEngine.vcxproj]
     6>C:\Users\Demon Teddy\Documents\Programs\DelusiveEngine\DelusiveEngine\include\Delusive\Runtime\Utils\Property.inl(54,7): error C2953: 'Property': class template has already been defined [C:\Users\Demon Teddy\Documents\Programs\DelusiveEngine\DelusiveEngine\DelusiveEngine.vcxproj]
     6>C:\Users\Demon Teddy\Documents\Programs\DelusiveEngine\DelusiveEngine\include\Delusive\Runtime\Utils\Property.inl(574,60): error C2187: syntax error: ')' was unexpected here [C:\Users\Demon Teddy\Documents\Programs\DelusiveEngine\DelusiveEngine\DelusiveEngine.vcxproj]
     6>C:\Users\Demon Teddy\Documents\Programs\DelusiveEngine\DelusiveEngine\include\Delusive\Runtime\Utils\Property.inl(574,57): error C2013: expected a ';' [C:\Users\Demon Teddy\Documents\Programs\DelusiveEngine\DelusiveEngine\DelusiveEngine.vcxproj]
     6>C:\Users\Demon Teddy\Documents\Programs\DelusiveEngine\DelusiveEngine\include\Delusive\Runtime\Utils\Property.inl(574,60): error C3878: syntax error: unexpected token ')' following 'simple-declaration' [C:\Users\Demon Teddy\Documents\Programs\DelusiveEngine\DelusiveEngine\DelusiveEngine.vcxproj]
     6>C:\Users\Demon Teddy\Documents\Programs\DelusiveEngine\DelusiveEngine\src\Delusive\Runtime\UI\UICanvas.cpp(184,30): error C2039: 'children': is not a member of 'DelusiveParser::DataBlock' [C:\Users\Demon Teddy\Documents\Programs\DelusiveEngine\DelusiveEngine\DelusiveEngine.vcxproj]
     6>C:\Users\Demon Teddy\Documents\Programs\DelusiveEngine\DelusiveEngine\src\Delusive\Runtime\UI\UICanvas.cpp(184,16): error C2530: 'child': references must be initialized [C:\Users\Demon Teddy\Documents\Programs\DelusiveEngine\DelusiveEngine\DelusiveEngine.vcxproj]
     6>C:\Users\Demon Teddy\Documents\Programs\DelusiveEngine\DelusiveEngine\src\Delusive\Runtime\UI\UICanvas.cpp(184,16): error C3531: 'child': a symbol whose type contains 'auto' must have an initializer [C:\Users\Demon Teddy\Documents\Programs\DelusiveEngine\DelusiveEngine\DelusiveEngine.vcxproj]
     6>C:\Users\Demon Teddy\Documents\Programs\DelusiveEngine\DelusiveEngine\src\Delusive\Runtime\UI\UICanvas.cpp(184,22): error C2143: syntax error: missing ';' before ':' [C:\Users\Demon Teddy\Documents\Programs\DelusiveEngine\DelusiveEngine\DelusiveEngine.vcxproj]
     6>C:\Users\Demon Teddy\Documents\Programs\DelusiveEngine\DelusiveEngine\src\Delusive\Runtime\UI\UICanvas.cpp(184,38): error C2143: syntax error: missing ';' before ')' [C:\Users\Demon Teddy\Documents\Programs\DelusiveEngine\DelusiveEngine\DelusiveEngine.vcxproj]
     6>C:\Users\Demon Teddy\Documents\Programs\DelusiveEngine\DelusiveEngine\src\Delusive\Runtime\UI\UICanvas.cpp(190,13): error C3536: 'element': cannot be used before it is initialized [C:\Users\Demon Teddy\Documents\Programs\DelusiveEngine\DelusiveEngine\DelusiveEngine.vcxproj]
     6>C:\Users\Demon Teddy\Documents\Programs\DelusiveEngine\DelusiveEngine\include\Delusive\Runtime\Core\DelusiveRegistry.h(13,33): error C2065: 'PropertyBase': undeclared identifier [C:\Users\Demon Teddy\Documents\Programs\DelusiveEngine\DelusiveEngine\DelusiveEngine.vcxproj]
     6>C:\Users\Demon Teddy\Documents\Programs\DelusiveEngine\DelusiveEngine\include\Delusive\Runtime\Core\DelusiveRegistry.h(13,22): error C2923: 'std::unique_ptr': 'PropertyBase' is not a valid template type argument for parameter '_Ty' [C:\Users\Demon Teddy\Documents\Programs\DelusiveEngine\DelusiveEngine\DelusiveEngine.vcxproj]
     6>C:\Users\Demon Teddy\Documents\Programs\DelusiveEngine\DelusiveEngine\include\Delusive\Runtime\Core\DelusiveRegistry.h(13,22): error C2976: 'std::unique_ptr': too few template arguments [C:\Users\Demon Teddy\Documents\Programs\DelusiveEngine\DelusiveEngine\DelusiveEngine.vcxproj]
     6>C:\Users\Demon Teddy\Documents\Programs\DelusiveEngine\DelusiveEngine\include\Delusive\Runtime\Core\DelusiveRegistry.h(13,22): error C3203: 'unique_ptr': unspecialized class template can't be used as a template argument for template parameter '_Ty', expected a real type [C:\Users\Demon Teddy\Documents\Programs\DelusiveEngine\DelusiveEngine\DelusiveEngine.vcxproj]
     6>C:\Users\Demon Teddy\Documents\Programs\DelusiveEngine\DelusiveEngine\include\Delusive\Runtime\Utils\Property.inl(40,9): error C3861: 'PropertyTraits': identifier not found [C:\Users\Demon Teddy\Documents\Programs\DelusiveEngine\DelusiveEngine\DelusiveEngine.vcxproj]
     6>C:\Users\Demon Teddy\Documents\Programs\DelusiveEngine\DelusiveEngine\include\Delusive\Runtime\Utils\Property.inl(44,27): error C3878: syntax error: unexpected token 'Deserialize' following 'expression' [C:\Users\Demon Teddy\Documents\Programs\DelusiveEngine\DelusiveEngine\DelusiveEngine.vcxproj]
     6>C:\Users\Demon Teddy\Documents\Programs\DelusiveEngine\DelusiveEngine\include\Delusive\Runtime\Utils\Property.inl(44,45): error C2760: syntax error: ',' was unexpected here; expected ';' [C:\Users\Demon Teddy\Documents\Programs\DelusiveEngine\DelusiveEngine\DelusiveEngine.vcxproj]
     6>C:\Users\Demon Teddy\Documents\Programs\DelusiveEngine\DelusiveEngine\include\Delusive\Runtime\Utils\Property.inl(44,45): error C3878: syntax error: unexpected token ',' following 'expression-statement' [C:\Users\Demon Teddy\Documents\Programs\DelusiveEngine\DelusiveEngine\DelusiveEngine.vcxproj]
     6>C:\Users\Demon Teddy\Documents\Programs\DelusiveEngine\DelusiveEngine\include\Delusive\Runtime\Utils\Property.inl(44,59): error C2760: syntax error: ')' was unexpected here; expected ';' [C:\Users\Demon Teddy\Documents\Programs\DelusiveEngine\DelusiveEngine\DelusiveEngine.vcxproj]
     6>C:\Users\Demon Teddy\Documents\Programs\DelusiveEngine\DelusiveEngine\include\Delusive\Runtime\Utils\Property.inl(44,59): error C3878: syntax error: unexpected token ')' following 'expression-statement' [C:\Users\Demon Teddy\Documents\Programs\DelusiveEngine\DelusiveEngine\DelusiveEngine.vcxproj]
     6>C:\Users\Demon Teddy\Documents\Programs\DelusiveEngine\DelusiveEngine\include\Delusive\Runtime\Utils\Property.inl(48,9): error C3861: 'PropertyTraits': identifier not found [C:\Users\Demon Teddy\Documents\Programs\DelusiveEngine\DelusiveEngine\DelusiveEngine.vcxproj]
     6>C:\Users\Demon Teddy\Documents\Programs\DelusiveEngine\DelusiveEngine\include\Delusive\Runtime\Utils\Property.inl(54,7): error C2953: 'Property': class template has already been defined [C:\Users\Demon Teddy\Documents\Programs\DelusiveEngine\DelusiveEngine\DelusiveEngine.vcxproj]
     6>C:\Users\Demon Teddy\Documents\Programs\DelusiveEngine\DelusiveEngine\include\Delusive\Runtime\Utils\Property.inl(574,60): error C2187: syntax error: ')' was unexpected here [C:\Users\Demon Teddy\Documents\Programs\DelusiveEngine\DelusiveEngine\DelusiveEngine.vcxproj]
     6>C:\Users\Demon Teddy\Documents\Programs\DelusiveEngine\DelusiveEngine\include\Delusive\Runtime\Utils\Property.inl(574,57): error C2013: expected a ';' [C:\Users\Demon Teddy\Documents\Programs\DelusiveEngine\DelusiveEngine\DelusiveEngine.vcxproj]
     6>C:\Users\Demon Teddy\Documents\Programs\DelusiveEngine\DelusiveEngine\include\Delusive\Runtime\Utils\Property.inl(574,60): error C3878: syntax error: unexpected token ')' following 'simple-declaration' [C:\Users\Demon Teddy\Documents\Programs\DelusiveEngine\DelusiveEngine\DelusiveEngine.vcxproj]
     6>C:\Users\Demon Teddy\Documents\Programs\DelusiveEngine\DelusiveEngine\src\Delusive\Runtime\UI\UIElement.cpp(172,30): error C2039: 'children': is not a member of 'DelusiveParser::DataBlock' [C:\Users\Demon Teddy\Documents\Programs\DelusiveEngine\DelusiveEngine\DelusiveEngine.vcxproj]
     6>C:\Users\Demon Teddy\Documents\Programs\DelusiveEngine\DelusiveEngine\src\Delusive\Runtime\UI\UIElement.cpp(172,16): error C2530: 'child': references must be initialized [C:\Users\Demon Teddy\Documents\Programs\DelusiveEngine\DelusiveEngine\DelusiveEngine.vcxproj]
     6>C:\Users\Demon Teddy\Documents\Programs\DelusiveEngine\DelusiveEngine\src\Delusive\Runtime\UI\UIElement.cpp(172,16): error C3531: 'child': a symbol whose type contains 'auto' must have an initializer [C:\Users\Demon Teddy\Documents\Programs\DelusiveEngine\DelusiveEngine\DelusiveEngine.vcxproj]
     6>C:\Users\Demon Teddy\Documents\Programs\DelusiveEngine\DelusiveEngine\src\Delusive\Runtime\UI\UIElement.cpp(172,22): error C2143: syntax error: missing ';' before ':' [C:\Users\Demon Teddy\Documents\Programs\DelusiveEngine\DelusiveEngine\DelusiveEngine.vcxproj]
     6>C:\Users\Demon Teddy\Documents\Programs\DelusiveEngine\DelusiveEngine\src\Delusive\Runtime\UI\UIElement.cpp(172,38): error C2143: syntax error: missing ';' before ')' [C:\Users\Demon Teddy\Documents\Programs\DelusiveEngine\DelusiveEngine\DelusiveEngine.vcxproj]
     6>C:\Users\Demon Teddy\Documents\Programs\DelusiveEngine\DelusiveEngine\src\Delusive\Runtime\UI\UIElement.cpp(178,13): error C3536: 'element': cannot be used before it is initialized [C:\Users\Demon Teddy\Documents\Programs\DelusiveEngine\DelusiveEngine\DelusiveEngine.vcxproj]
     6>C:\Users\Demon Teddy\Documents\Programs\DelusiveEngine\DelusiveEngine\include\Delusive\Runtime\Core\DelusiveRegistry.h(13,33): error C2065: 'PropertyBase': undeclared identifier [C:\Users\Demon Teddy\Documents\Programs\DelusiveEngine\DelusiveEngine\DelusiveEngine.vcxproj]
     6>C:\Users\Demon Teddy\Documents\Programs\DelusiveEngine\DelusiveEngine\include\Delusive\Runtime\Core\DelusiveRegistry.h(13,22): error C2923: 'std::unique_ptr': 'PropertyBase' is not a valid template type argument for parameter '_Ty' [C:\Users\Demon Teddy\Documents\Programs\DelusiveEngine\DelusiveEngine\DelusiveEngine.vcxproj]
     6>C:\Users\Demon Teddy\Documents\Programs\DelusiveEngine\DelusiveEngine\include\Delusive\Runtime\Core\DelusiveRegistry.h(13,22): error C2976: 'std::unique_ptr': too few template arguments [C:\Users\Demon Teddy\Documents\Programs\DelusiveEngine\DelusiveEngine\DelusiveEngine.vcxproj]
     6>C:\Users\Demon Teddy\Documents\Programs\DelusiveEngine\DelusiveEngine\include\Delusive\Runtime\Core\DelusiveRegistry.h(13,22): error C3203: 'unique_ptr': unspecialized class template can't be used as a template argument for template parameter '_Ty', expected a real type [C:\Users\Demon Teddy\Documents\Programs\DelusiveEngine\DelusiveEngine\DelusiveEngine.vcxproj]
     6>C:\Users\Demon Teddy\Documents\Programs\DelusiveEngine\DelusiveEngine\include\Delusive\Runtime\Utils\Property.inl(40,9): error C3861: 'PropertyTraits': identifier not found [C:\Users\Demon Teddy\Documents\Programs\DelusiveEngine\DelusiveEngine\DelusiveEngine.vcxproj]
     6>C:\Users\Demon Teddy\Documents\Programs\DelusiveEngine\DelusiveEngine\include\Delusive\Runtime\Utils\Property.inl(44,27): error C3878: syntax error: unexpected token 'Deserialize' following 'expression' [C:\Users\Demon Teddy\Documents\Programs\DelusiveEngine\DelusiveEngine\DelusiveEngine.vcxproj]
     6>C:\Users\Demon Teddy\Documents\Programs\DelusiveEngine\DelusiveEngine\include\Delusive\Runtime\Utils\Property.inl(44,45): error C2760: syntax error: ',' was unexpected here; expected ';' [C:\Users\Demon Teddy\Documents\Programs\DelusiveEngine\DelusiveEngine\DelusiveEngine.vcxproj]
     6>C:\Users\Demon Teddy\Documents\Programs\DelusiveEngine\DelusiveEngine\include\Delusive\Runtime\Utils\Property.inl(44,45): error C3878: syntax error: unexpected token ',' following 'expression-statement' [C:\Users\Demon Teddy\Documents\Programs\DelusiveEngine\DelusiveEngine\DelusiveEngine.vcxproj]
     6>C:\Users\Demon Teddy\Documents\Programs\DelusiveEngine\DelusiveEngine\include\Delusive\Runtime\Utils\Property.inl(44,59): error C2760: syntax error: ')' was unexpected here; expected ';' [C:\Users\Demon Teddy\Documents\Programs\DelusiveEngine\DelusiveEngine\DelusiveEngine.vcxproj]
     6>C:\Users\Demon Teddy\Documents\Programs\DelusiveEngine\DelusiveEngine\include\Delusive\Runtime\Utils\Property.inl(44,59): error C3878: syntax error: unexpected token ')' following 'expression-statement' [C:\Users\Demon Teddy\Documents\Programs\DelusiveEngine\DelusiveEngine\DelusiveEngine.vcxproj]
     6>C:\Users\Demon Teddy\Documents\Programs\DelusiveEngine\DelusiveEngine\include\Delusive\Runtime\Utils\Property.inl(48,9): error C3861: 'PropertyTraits': identifier not found [C:\Users\Demon Teddy\Documents\Programs\DelusiveEngine\DelusiveEngine\DelusiveEngine.vcxproj]
     6>C:\Users\Demon Teddy\Documents\Programs\DelusiveEngine\DelusiveEngine\include\Delusive\Runtime\Utils\Property.inl(54,7): error C2953: 'Property': class template has already been defined [C:\Users\Demon Teddy\Documents\Programs\DelusiveEngine\DelusiveEngine\DelusiveEngine.vcxproj]
     6>C:\Users\Demon Teddy\Documents\Programs\DelusiveEngine\DelusiveEngine\include\Delusive\Runtime\Utils\Property.inl(574,60): error C2187: syntax error: ')' was unexpected here [C:\Users\Demon Teddy\Documents\Programs\DelusiveEngine\DelusiveEngine\DelusiveEngine.vcxproj]
     6>C:\Users\Demon Teddy\Documents\Programs\DelusiveEngine\DelusiveEngine\include\Delusive\Runtime\Utils\Property.inl(574,57): error C2013: expected a ';' [C:\Users\Demon Teddy\Documents\Programs\DelusiveEngine\DelusiveEngine\DelusiveEngine.vcxproj]
     6>C:\Users\Demon Teddy\Documents\Programs\DelusiveEngine\DelusiveEngine\include\Delusive\Runtime\Utils\Property.inl(574,60): error C3878: syntax error: unexpected token ')' following 'simple-declaration' [C:\Users\Demon Teddy\Documents\Programs\DelusiveEngine\DelusiveEngine\DelusiveEngine.vcxproj]
     6>C:\Users\Demon Teddy\Documents\Programs\DelusiveEngine\DelusiveEngine\include\Delusive\Runtime\Core\DelusiveRegistry.h(13,33): error C2065: 'PropertyBase': undeclared identifier [C:\Users\Demon Teddy\Documents\Programs\DelusiveEngine\DelusiveEngine\DelusiveEngine.vcxproj]
     6>C:\Users\Demon Teddy\Documents\Programs\DelusiveEngine\DelusiveEngine\include\Delusive\Runtime\Core\DelusiveRegistry.h(13,22): error C2923: 'std::unique_ptr': 'PropertyBase' is not a valid template type argument for parameter '_Ty' [C:\Users\Demon Teddy\Documents\Programs\DelusiveEngine\DelusiveEngine\DelusiveEngine.vcxproj]
     6>C:\Users\Demon Teddy\Documents\Programs\DelusiveEngine\DelusiveEngine\include\Delusive\Runtime\Core\DelusiveRegistry.h(13,22): error C2976: 'std::unique_ptr': too few template arguments [C:\Users\Demon Teddy\Documents\Programs\DelusiveEngine\DelusiveEngine\DelusiveEngine.vcxproj]
     6>C:\Users\Demon Teddy\Documents\Programs\DelusiveEngine\DelusiveEngine\include\Delusive\Runtime\Core\DelusiveRegistry.h(13,22): error C3203: 'unique_ptr': unspecialized class template can't be used as a template argument for template parameter '_Ty', expected a real type [C:\Users\Demon Teddy\Documents\Programs\DelusiveEngine\DelusiveEngine\DelusiveEngine.vcxproj]
     6>C:\Users\Demon Teddy\Documents\Programs\DelusiveEngine\DelusiveEngine\include\Delusive\Runtime\Utils\Property.inl(40,9): error C3861: 'PropertyTraits': identifier not found [C:\Users\Demon Teddy\Documents\Programs\DelusiveEngine\DelusiveEngine\DelusiveEngine.vcxproj]
     6>C:\Users\Demon Teddy\Documents\Programs\DelusiveEngine\DelusiveEngine\include\Delusive\Runtime\Utils\Property.inl(44,27): error C3878: syntax error: unexpected token 'Deserialize' following 'expression' [C:\Users\Demon Teddy\Documents\Programs\DelusiveEngine\DelusiveEngine\DelusiveEngine.vcxproj]
     6>C:\Users\Demon Teddy\Documents\Programs\DelusiveEngine\DelusiveEngine\include\Delusive\Runtime\Utils\Property.inl(44,45): error C2760: syntax error: ',' was unexpected here; expected ';' [C:\Users\Demon Teddy\Documents\Programs\DelusiveEngine\DelusiveEngine\DelusiveEngine.vcxproj]
     6>C:\Users\Demon Teddy\Documents\Programs\DelusiveEngine\DelusiveEngine\include\Delusive\Runtime\Utils\Property.inl(44,45): error C3878: syntax error: unexpected token ',' following 'expression-statement' [C:\Users\Demon Teddy\Documents\Programs\DelusiveEngine\DelusiveEngine\DelusiveEngine.vcxproj]
     6>C:\Users\Demon Teddy\Documents\Programs\DelusiveEngine\DelusiveEngine\include\Delusive\Runtime\Utils\Property.inl(44,59): error C2760: syntax error: ')' was unexpected here; expected ';' [C:\Users\Demon Teddy\Documents\Programs\DelusiveEngine\DelusiveEngine\DelusiveEngine.vcxproj]
     6>C:\Users\Demon Teddy\Documents\Programs\DelusiveEngine\DelusiveEngine\include\Delusive\Runtime\Utils\Property.inl(44,59): error C3878: syntax error: unexpected token ')' following 'expression-statement' [C:\Users\Demon Teddy\Documents\Programs\DelusiveEngine\DelusiveEngine\DelusiveEngine.vcxproj]
     6>C:\Users\Demon Teddy\Documents\Programs\DelusiveEngine\DelusiveEngine\include\Delusive\Runtime\Utils\Property.inl(48,9): error C3861: 'PropertyTraits': identifier not found [C:\Users\Demon Teddy\Documents\Programs\DelusiveEngine\DelusiveEngine\DelusiveEngine.vcxproj]
     6>C:\Users\Demon Teddy\Documents\Programs\DelusiveEngine\DelusiveEngine\include\Delusive\Runtime\Utils\Property.inl(54,7): error C2953: 'Property': class template has already been defined [C:\Users\Demon Teddy\Documents\Programs\DelusiveEngine\DelusiveEngine\DelusiveEngine.vcxproj]
     6>C:\Users\Demon Teddy\Documents\Programs\DelusiveEngine\DelusiveEngine\include\Delusive\Runtime\Utils\Property.inl(574,60): error C2187: syntax error: ')' was unexpected here [C:\Users\Demon Teddy\Documents\Programs\DelusiveEngine\DelusiveEngine\DelusiveEngine.vcxproj]
     6>C:\Users\Demon Teddy\Documents\Programs\DelusiveEngine\DelusiveEngine\include\Delusive\Runtime\Utils\Property.inl(574,57): error C2013: expected a ';' [C:\Users\Demon Teddy\Documents\Programs\DelusiveEngine\DelusiveEngine\DelusiveEngine.vcxproj]
     6>C:\Users\Demon Teddy\Documents\Programs\DelusiveEngine\DelusiveEngine\include\Delusive\Runtime\Utils\Property.inl(574,60): error C3878: syntax error: unexpected token ')' following 'simple-declaration' [C:\Users\Demon Teddy\Documents\Programs\DelusiveEngine\DelusiveEngine\DelusiveEngine.vcxproj]
     6>C:\Users\Demon Teddy\Documents\Programs\DelusiveEngine\DelusiveEngine\include\Delusive\Runtime\Core\DelusiveRegistry.h(13,33): error C2065: 'PropertyBase': undeclared identifier [C:\Users\Demon Teddy\Documents\Programs\DelusiveEngine\DelusiveEngine\DelusiveEngine.vcxproj]
     6>C:\Users\Demon Teddy\Documents\Programs\DelusiveEngine\DelusiveEngine\include\Delusive\Runtime\Core\DelusiveRegistry.h(13,22): error C2923: 'std::unique_ptr': 'PropertyBase' is not a valid template type argument for parameter '_Ty' [C:\Users\Demon Teddy\Documents\Programs\DelusiveEngine\DelusiveEngine\DelusiveEngine.vcxproj]
     6>C:\Users\Demon Teddy\Documents\Programs\DelusiveEngine\DelusiveEngine\include\Delusive\Runtime\Core\DelusiveRegistry.h(13,22): error C2976: 'std::unique_ptr': too few template arguments [C:\Users\Demon Teddy\Documents\Programs\DelusiveEngine\DelusiveEngine\DelusiveEngine.vcxproj]
     6>C:\Users\Demon Teddy\Documents\Programs\DelusiveEngine\DelusiveEngine\include\Delusive\Runtime\Core\DelusiveRegistry.h(13,22): error C3203: 'unique_ptr': unspecialized class template can't be used as a template argument for template parameter '_Ty', expected a real type [C:\Users\Demon Teddy\Documents\Programs\DelusiveEngine\DelusiveEngine\DelusiveEngine.vcxproj]
     6>C:\Users\Demon Teddy\Documents\Programs\DelusiveEngine\DelusiveEngine\include\Delusive\Runtime\Utils\Property.inl(40,9): error C3861: 'PropertyTraits': identifier not found [C:\Users\Demon Teddy\Documents\Programs\DelusiveEngine\DelusiveEngine\DelusiveEngine.vcxproj]
     6>C:\Users\Demon Teddy\Documents\Programs\DelusiveEngine\DelusiveEngine\include\Delusive\Runtime\Utils\Property.inl(44,27): error C3878: syntax error: unexpected token 'Deserialize' following 'expression' [C:\Users\Demon Teddy\Documents\Programs\DelusiveEngine\DelusiveEngine\DelusiveEngine.vcxproj]
     6>C:\Users\Demon Teddy\Documents\Programs\DelusiveEngine\DelusiveEngine\include\Delusive\Runtime\Utils\Property.inl(44,45): error C2760: syntax error: ',' was unexpected here; expected ';' [C:\Users\Demon Teddy\Documents\Programs\DelusiveEngine\DelusiveEngine\DelusiveEngine.vcxproj]
     6>C:\Users\Demon Teddy\Documents\Programs\DelusiveEngine\DelusiveEngine\include\Delusive\Runtime\Utils\Property.inl(44,45): error C3878: syntax error: unexpected token ',' following 'expression-statement' [C:\Users\Demon Teddy\Documents\Programs\DelusiveEngine\DelusiveEngine\DelusiveEngine.vcxproj]
     6>C:\Users\Demon Teddy\Documents\Programs\DelusiveEngine\DelusiveEngine\include\Delusive\Runtime\Utils\Property.inl(44,59): error C2760: syntax error: ')' was unexpected here; expected ';' [C:\Users\Demon Teddy\Documents\Programs\DelusiveEngine\DelusiveEngine\DelusiveEngine.vcxproj]
     6>C:\Users\Demon Teddy\Documents\Programs\DelusiveEngine\DelusiveEngine\include\Delusive\Runtime\Utils\Property.inl(44,59): error C3878: syntax error: unexpected token ')' following 'expression-statement' [C:\Users\Demon Teddy\Documents\Programs\DelusiveEngine\DelusiveEngine\DelusiveEngine.vcxproj]
     6>C:\Users\Demon Teddy\Documents\Programs\DelusiveEngine\DelusiveEngine\include\Delusive\Runtime\Utils\Property.inl(48,9): error C3861: 'PropertyTraits': identifier not found [C:\Users\Demon Teddy\Documents\Programs\DelusiveEngine\DelusiveEngine\DelusiveEngine.vcxproj]
     6>C:\Users\Demon Teddy\Documents\Programs\DelusiveEngine\DelusiveEngine\include\Delusive\Runtime\Utils\Property.inl(54,7): error C2953: 'Property': class template has already been defined [C:\Users\Demon Teddy\Documents\Programs\DelusiveEngine\DelusiveEngine\DelusiveEngine.vcxproj]
     6>C:\Users\Demon Teddy\Documents\Programs\DelusiveEngine\DelusiveEngine\include\Delusive\Runtime\Utils\Property.inl(574,60): error C2187: syntax error: ')' was unexpected here [C:\Users\Demon Teddy\Documents\Programs\DelusiveEngine\DelusiveEngine\DelusiveEngine.vcxproj]
     6>C:\Users\Demon Teddy\Documents\Programs\DelusiveEngine\DelusiveEngine\include\Delusive\Runtime\Utils\Property.inl(574,57): error C2013: expected a ';' [C:\Users\Demon Teddy\Documents\Programs\DelusiveEngine\DelusiveEngine\DelusiveEngine.vcxproj]
     6>C:\Users\Demon Teddy\Documents\Programs\DelusiveEngine\DelusiveEngine\include\Delusive\Runtime\Utils\Property.inl(574,60): error C3878: syntax error: unexpected token ')' following 'simple-declaration' [C:\Users\Demon Teddy\Documents\Programs\DelusiveEngine\DelusiveEngine\DelusiveEngine.vcxproj]
     6>C:\Users\Demon Teddy\Documents\Programs\DelusiveEngine\DelusiveEngine\include\Delusive\Runtime\Core\DelusiveRegistry.h(13,33): error C2065: 'PropertyBase': undeclared identifier [C:\Users\Demon Teddy\Documents\Programs\DelusiveEngine\DelusiveEngine\DelusiveEngine.vcxproj]
     6>C:\Users\Demon Teddy\Documents\Programs\DelusiveEngine\DelusiveEngine\include\Delusive\Runtime\Core\DelusiveRegistry.h(13,22): error C2923: 'std::unique_ptr': 'PropertyBase' is not a valid template type argument for parameter '_Ty' [C:\Users\Demon Teddy\Documents\Programs\DelusiveEngine\DelusiveEngine\DelusiveEngine.vcxproj]
     6>C:\Users\Demon Teddy\Documents\Programs\DelusiveEngine\DelusiveEngine\include\Delusive\Runtime\Core\DelusiveRegistry.h(13,22): error C2976: 'std::unique_ptr': too few template arguments [C:\Users\Demon Teddy\Documents\Programs\DelusiveEngine\DelusiveEngine\DelusiveEngine.vcxproj]
     6>C:\Users\Demon Teddy\Documents\Programs\DelusiveEngine\DelusiveEngine\include\Delusive\Runtime\Core\DelusiveRegistry.h(13,22): error C3203: 'unique_ptr': unspecialized class template can't be used as a template argument for template parameter '_Ty', expected a real type [C:\Users\Demon Teddy\Documents\Programs\DelusiveEngine\DelusiveEngine\DelusiveEngine.vcxproj]
     6>C:\Users\Demon Teddy\Documents\Programs\DelusiveEngine\DelusiveEngine\include\Delusive\Runtime\Utils\Property.inl(40,9): error C3861: 'PropertyTraits': identifier not found [C:\Users\Demon Teddy\Documents\Programs\DelusiveEngine\DelusiveEngine\DelusiveEngine.vcxproj]
     6>C:\Users\Demon Teddy\Documents\Programs\DelusiveEngine\DelusiveEngine\include\Delusive\Runtime\Utils\Property.inl(44,27): error C3878: syntax error: unexpected token 'Deserialize' following 'expression' [C:\Users\Demon Teddy\Documents\Programs\DelusiveEngine\DelusiveEngine\DelusiveEngine.vcxproj]
     6>C:\Users\Demon Teddy\Documents\Programs\DelusiveEngine\DelusiveEngine\include\Delusive\Runtime\Utils\Property.inl(44,45): error C2760: syntax error: ',' was unexpected here; expected ';' [C:\Users\Demon Teddy\Documents\Programs\DelusiveEngine\DelusiveEngine\DelusiveEngine.vcxproj]
     6>C:\Users\Demon Teddy\Documents\Programs\DelusiveEngine\DelusiveEngine\include\Delusive\Runtime\Utils\Property.inl(44,45): error C3878: syntax error: unexpected token ',' following 'expression-statement' [C:\Users\Demon Teddy\Documents\Programs\DelusiveEngine\DelusiveEngine\DelusiveEngine.vcxproj]
     6>C:\Users\Demon Teddy\Documents\Programs\DelusiveEngine\DelusiveEngine\include\Delusive\Runtime\Utils\Property.inl(44,59): error C2760: syntax error: ')' was unexpected here; expected ';' [C:\Users\Demon Teddy\Documents\Programs\DelusiveEngine\DelusiveEngine\DelusiveEngine.vcxproj]
     6>C:\Users\Demon Teddy\Documents\Programs\DelusiveEngine\DelusiveEngine\include\Delusive\Runtime\Utils\Property.inl(44,59): error C3878: syntax error: unexpected token ')' following 'expression-statement' [C:\Users\Demon Teddy\Documents\Programs\DelusiveEngine\DelusiveEngine\DelusiveEngine.vcxproj]
     6>C:\Users\Demon Teddy\Documents\Programs\DelusiveEngine\DelusiveEngine\include\Delusive\Runtime\Utils\Property.inl(48,9): error C3861: 'PropertyTraits': identifier not found [C:\Users\Demon Teddy\Documents\Programs\DelusiveEngine\DelusiveEngine\DelusiveEngine.vcxproj]
     6>C:\Users\Demon Teddy\Documents\Programs\DelusiveEngine\DelusiveEngine\include\Delusive\Runtime\Utils\Property.inl(54,7): error C2953: 'Property': class template has already been defined [C:\Users\Demon Teddy\Documents\Programs\DelusiveEngine\DelusiveEngine\DelusiveEngine.vcxproj]
     6>C:\Users\Demon Teddy\Documents\Programs\DelusiveEngine\DelusiveEngine\include\Delusive\Runtime\Utils\Property.inl(574,60): error C2187: syntax error: ')' was unexpected here [C:\Users\Demon Teddy\Documents\Programs\DelusiveEngine\DelusiveEngine\DelusiveEngine.vcxproj]
     6>C:\Users\Demon Teddy\Documents\Programs\DelusiveEngine\DelusiveEngine\include\Delusive\Runtime\Utils\Property.inl(574,57): error C2013: expected a ';' [C:\Users\Demon Teddy\Documents\Programs\DelusiveEngine\DelusiveEngine\DelusiveEngine.vcxproj]
     6>C:\Users\Demon Teddy\Documents\Programs\DelusiveEngine\DelusiveEngine\include\Delusive\Runtime\Utils\Property.inl(574,60): error C3878: syntax error: unexpected token ')' following 'simple-declaration' [C:\Users\Demon Teddy\Documents\Programs\DelusiveEngine\DelusiveEngine\DelusiveEngine.vcxproj]
     6>C:\Users\Demon Teddy\Documents\Programs\DelusiveEngine\DelusiveEngine\include\Delusive\Runtime\Core\DelusiveRegistry.h(13,33): error C2065: 'PropertyBase': undeclared identifier [C:\Users\Demon Teddy\Documents\Programs\DelusiveEngine\DelusiveEngine\DelusiveEngine.vcxproj]
     6>C:\Users\Demon Teddy\Documents\Programs\DelusiveEngine\DelusiveEngine\include\Delusive\Runtime\Core\DelusiveRegistry.h(13,22): error C2923: 'std::unique_ptr': 'PropertyBase' is not a valid template type argument for parameter '_Ty' [C:\Users\Demon Teddy\Documents\Programs\DelusiveEngine\DelusiveEngine\DelusiveEngine.vcxproj]
     6>C:\Users\Demon Teddy\Documents\Programs\DelusiveEngine\DelusiveEngine\include\Delusive\Runtime\Core\DelusiveRegistry.h(13,22): error C2976: 'std::unique_ptr': too few template arguments [C:\Users\Demon Teddy\Documents\Programs\DelusiveEngine\DelusiveEngine\DelusiveEngine.vcxproj]
     6>C:\Users\Demon Teddy\Documents\Programs\DelusiveEngine\DelusiveEngine\include\Delusive\Runtime\Core\DelusiveRegistry.h(13,22): error C3203: 'unique_ptr': unspecialized class template can't be used as a template argument for template parameter '_Ty', expected a real type [C:\Users\Demon Teddy\Documents\Programs\DelusiveEngine\DelusiveEngine\DelusiveEngine.vcxproj]
     6>C:\Users\Demon Teddy\Documents\Programs\DelusiveEngine\DelusiveEngine\include\Delusive\Runtime\Utils\Property.inl(40,9): error C3861: 'PropertyTraits': identifier not found [C:\Users\Demon Teddy\Documents\Programs\DelusiveEngine\DelusiveEngine\DelusiveEngine.vcxproj]
     6>C:\Users\Demon Teddy\Documents\Programs\DelusiveEngine\DelusiveEngine\include\Delusive\Runtime\Utils\Property.inl(44,27): error C3878: syntax error: unexpected token 'Deserialize' following 'expression' [C:\Users\Demon Teddy\Documents\Programs\DelusiveEngine\DelusiveEngine\DelusiveEngine.vcxproj]
     6>C:\Users\Demon Teddy\Documents\Programs\DelusiveEngine\DelusiveEngine\include\Delusive\Runtime\Utils\Property.inl(44,45): error C2760: syntax error: ',' was unexpected here; expected ';' [C:\Users\Demon Teddy\Documents\Programs\DelusiveEngine\DelusiveEngine\DelusiveEngine.vcxproj]
     6>C:\Users\Demon Teddy\Documents\Programs\DelusiveEngine\DelusiveEngine\include\Delusive\Runtime\Utils\Property.inl(44,45): error C3878: syntax error: unexpected token ',' following 'expression-statement' [C:\Users\Demon Teddy\Documents\Programs\DelusiveEngine\DelusiveEngine\DelusiveEngine.vcxproj]
     6>C:\Users\Demon Teddy\Documents\Programs\DelusiveEngine\DelusiveEngine\include\Delusive\Runtime\Utils\Property.inl(44,59): error C2760: syntax error: ')' was unexpected here; expected ';' [C:\Users\Demon Teddy\Documents\Programs\DelusiveEngine\DelusiveEngine\DelusiveEngine.vcxproj]
     6>C:\Users\Demon Teddy\Documents\Programs\DelusiveEngine\DelusiveEngine\include\Delusive\Runtime\Utils\Property.inl(44,59): error C3878: syntax error: unexpected token ')' following 'expression-statement' [C:\Users\Demon Teddy\Documents\Programs\DelusiveEngine\DelusiveEngine\DelusiveEngine.vcxproj]
     6>C:\Users\Demon Teddy\Documents\Programs\DelusiveEngine\DelusiveEngine\include\Delusive\Runtime\Utils\Property.inl(48,9): error C3861: 'PropertyTraits': identifier not found [C:\Users\Demon Teddy\Documents\Programs\DelusiveEngine\DelusiveEngine\DelusiveEngine.vcxproj]
     6>C:\Users\Demon Teddy\Documents\Programs\DelusiveEngine\DelusiveEngine\include\Delusive\Runtime\Utils\Property.inl(54,7): error C2953: 'Property': class template has already been defined [C:\Users\Demon Teddy\Documents\Programs\DelusiveEngine\DelusiveEngine\DelusiveEngine.vcxproj]
     6>C:\Users\Demon Teddy\Documents\Programs\DelusiveEngine\DelusiveEngine\include\Delusive\Runtime\Utils\Property.inl(574,60): error C2187: syntax error: ')' was unexpected here [C:\Users\Demon Teddy\Documents\Programs\DelusiveEngine\DelusiveEngine\DelusiveEngine.vcxproj]
     6>C:\Users\Demon Teddy\Documents\Programs\DelusiveEngine\DelusiveEngine\include\Delusive\Runtime\Utils\Property.inl(574,57): error C2013: expected a ';' [C:\Users\Demon Teddy\Documents\Programs\DelusiveEngine\DelusiveEngine\DelusiveEngine.vcxproj]
     6>C:\Users\Demon Teddy\Documents\Programs\DelusiveEngine\DelusiveEngine\include\Delusive\Runtime\Utils\Property.inl(574,60): error C3878: syntax error: unexpected token ')' following 'simple-declaration' [C:\Users\Demon Teddy\Documents\Programs\DelusiveEngine\DelusiveEngine\DelusiveEngine.vcxproj]
     6>C:\Users\Demon Teddy\Documents\Programs\DelusiveEngine\DelusiveEngine\include\Delusive\Runtime\Core\DelusiveRegistry.h(13,33): error C2065: 'PropertyBase': undeclared identifier [C:\Users\Demon Teddy\Documents\Programs\DelusiveEngine\DelusiveEngine\DelusiveEngine.vcxproj]
     6>C:\Users\Demon Teddy\Documents\Programs\DelusiveEngine\DelusiveEngine\include\Delusive\Runtime\Core\DelusiveRegistry.h(13,22): error C2923: 'std::unique_ptr': 'PropertyBase' is not a valid template type argument for parameter '_Ty' [C:\Users\Demon Teddy\Documents\Programs\DelusiveEngine\DelusiveEngine\DelusiveEngine.vcxproj]
     6>C:\Users\Demon Teddy\Documents\Programs\DelusiveEngine\DelusiveEngine\include\Delusive\Runtime\Core\DelusiveRegistry.h(13,22): error C2976: 'std::unique_ptr': too few template arguments [C:\Users\Demon Teddy\Documents\Programs\DelusiveEngine\DelusiveEngine\DelusiveEngine.vcxproj]
     6>C:\Users\Demon Teddy\Documents\Programs\DelusiveEngine\DelusiveEngine\include\Delusive\Runtime\Core\DelusiveRegistry.h(13,22): error C3203: 'unique_ptr': unspecialized class template can't be used as a template argument for template parameter '_Ty', expected a real type [C:\Users\Demon Teddy\Documents\Programs\DelusiveEngine\DelusiveEngine\DelusiveEngine.vcxproj]
     6>C:\Users\Demon Teddy\Documents\Programs\DelusiveEngine\DelusiveEngine\include\Delusive\Runtime\Utils\Property.inl(40,9): error C3861: 'PropertyTraits': identifier not found [C:\Users\Demon Teddy\Documents\Programs\DelusiveEngine\DelusiveEngine\DelusiveEngine.vcxproj]
     6>C:\Users\Demon Teddy\Documents\Programs\DelusiveEngine\DelusiveEngine\include\Delusive\Runtime\Utils\Property.inl(44,27): error C3878: syntax error: unexpected token 'Deserialize' following 'expression' [C:\Users\Demon Teddy\Documents\Programs\DelusiveEngine\DelusiveEngine\DelusiveEngine.vcxproj]
     6>C:\Users\Demon Teddy\Documents\Programs\DelusiveEngine\DelusiveEngine\include\Delusive\Runtime\Utils\Property.inl(44,45): error C2760: syntax error: ',' was unexpected here; expected ';' [C:\Users\Demon Teddy\Documents\Programs\DelusiveEngine\DelusiveEngine\DelusiveEngine.vcxproj]
     6>C:\Users\Demon Teddy\Documents\Programs\DelusiveEngine\DelusiveEngine\include\Delusive\Runtime\Utils\Property.inl(44,45): error C3878: syntax error: unexpected token ',' following 'expression-statement' [C:\Users\Demon Teddy\Documents\Programs\DelusiveEngine\DelusiveEngine\DelusiveEngine.vcxproj]
     6>C:\Users\Demon Teddy\Documents\Programs\DelusiveEngine\DelusiveEngine\include\Delusive\Runtime\Utils\Property.inl(44,59): error C2760: syntax error: ')' was unexpected here; expected ';' [C:\Users\Demon Teddy\Documents\Programs\DelusiveEngine\DelusiveEngine\DelusiveEngine.vcxproj]
     6>C:\Users\Demon Teddy\Documents\Programs\DelusiveEngine\DelusiveEngine\include\Delusive\Runtime\Utils\Property.inl(44,59): error C3878: syntax error: unexpected token ')' following 'expression-statement' [C:\Users\Demon Teddy\Documents\Programs\DelusiveEngine\DelusiveEngine\DelusiveEngine.vcxproj]
     6>C:\Users\Demon Teddy\Documents\Programs\DelusiveEngine\DelusiveEngine\include\Delusive\Runtime\Utils\Property.inl(48,9): error C3861: 'PropertyTraits': identifier not found [C:\Users\Demon Teddy\Documents\Programs\DelusiveEngine\DelusiveEngine\DelusiveEngine.vcxproj]
     6>C:\Users\Demon Teddy\Documents\Programs\DelusiveEngine\DelusiveEngine\include\Delusive\Runtime\Utils\Property.inl(54,7): error C2953: 'Property': class template has already been defined [C:\Users\Demon Teddy\Documents\Programs\DelusiveEngine\DelusiveEngine\DelusiveEngine.vcxproj]
     6>C:\Users\Demon Teddy\Documents\Programs\DelusiveEngine\DelusiveEngine\include\Delusive\Runtime\Utils\Property.inl(574,60): error C2187: syntax error: ')' was unexpected here [C:\Users\Demon Teddy\Documents\Programs\DelusiveEngine\DelusiveEngine\DelusiveEngine.vcxproj]
     6>C:\Users\Demon Teddy\Documents\Programs\DelusiveEngine\DelusiveEngine\include\Delusive\Runtime\Utils\Property.inl(574,57): error C2013: expected a ';' [C:\Users\Demon Teddy\Documents\Programs\DelusiveEngine\DelusiveEngine\DelusiveEngine.vcxproj]
     6>C:\Users\Demon Teddy\Documents\Programs\DelusiveEngine\DelusiveEngine\include\Delusive\Runtime\Utils\Property.inl(574,60): error C3878: syntax error: unexpected token ')' following 'simple-declaration' [C:\Users\Demon Teddy\Documents\Programs\DelusiveEngine\DelusiveEngine\DelusiveEngine.vcxproj]
     6>C:\Program Files\Microsoft Visual Studio\2022\Community\MSBuild\Microsoft\VC\v170\Microsoft.CppCommon.targets(787,5): error MSB6003: The specified task executable "CL.exe" could not be run. System.IO.IOException: The requested operation cannot be performed on a file with a user-mapped section open. [C:\Users\Demon Teddy\Documents\Programs\DelusiveEngine\DelusiveEngine\DelusiveEngine.vcxproj]
C:\Program Files\Microsoft Visual Studio\2022\Community\MSBuild\Microsoft\VC\v170\Microsoft.CppCommon.targets(787,5): error MSB6003:  [C:\Users\Demon Teddy\Documents\Programs\DelusiveEngine\DelusiveEngine\DelusiveEngine.vcxproj]
C:\Program Files\Microsoft Visual Studio\2022\Community\MSBuild\Microsoft\VC\v170\Microsoft.CppCommon.targets(787,5): error MSB6003:    at System.IO.__Error.WinIOError(Int32 errorCode, String maybeFullPath) [C:\Users\Demon Teddy\Documents\Programs\DelusiveEngine\DelusiveEngine\DelusiveEngine.vcxproj]
C:\Program Files\Microsoft Visual Studio\2022\Community\MSBuild\Microsoft\VC\v170\Microsoft.CppCommon.targets(787,5): error MSB6003:    at System.IO.FileStream.Init(String path, FileMode mode, FileAccess access, Int32 rights, Boolean useRights, FileShare share, Int32 bufferSize, FileOptions options, SECURITY_ATTRIBUTES secAttrs, String msgPath, Boolean bFromProxy, Boolean useLongPath, Boolean checkHost) [C:\Users\Demon Teddy\Documents\Programs\DelusiveEngine\DelusiveEngine\DelusiveEngine.vcxproj]
C:\Program Files\Microsoft Visual Studio\2022\Community\MSBuild\Microsoft\VC\v170\Microsoft.CppCommon.targets(787,5): error MSB6003:    at System.IO.FileStream..ctor(String path, FileMode mode, FileAccess access, FileShare share, Int32 bufferSize, FileOptions options, String msgPath, Boolean bFromProxy, Boolean useLongPath, Boolean checkHost) [C:\Users\Demon Teddy\Documents\Programs\DelusiveEngine\DelusiveEngine\DelusiveEngine.vcxproj]
C:\Program Files\Microsoft Visual Studio\2022\Community\MSBuild\Microsoft\VC\v170\Microsoft.CppCommon.targets(787,5): error MSB6003:    at System.IO.StreamWriter.CreateFile(String path, Boolean append, Boolean checkHost) [C:\Users\Demon Teddy\Documents\Programs\DelusiveEngine\DelusiveEngine\DelusiveEngine.vcxproj]
C:\Program Files\Microsoft Visual Studio\2022\Community\MSBuild\Microsoft\VC\v170\Microsoft.CppCommon.targets(787,5): error MSB6003:    at System.IO.StreamWriter..ctor(String path, Boolean append, Encoding encoding, Int32 bufferSize, Boolean checkHost) [C:\Users\Demon Teddy\Documents\Programs\DelusiveEngine\DelusiveEngine\DelusiveEngine.vcxproj]
C:\Program Files\Microsoft Visual Studio\2022\Community\MSBuild\Microsoft\VC\v170\Microsoft.CppCommon.targets(787,5): error MSB6003:    at System.IO.File.InternalWriteAllText(String path, String contents, Encoding encoding, Boolean checkHost) [C:\Users\Demon Teddy\Documents\Programs\DelusiveEngine\DelusiveEngine\DelusiveEngine.vcxproj]
C:\Program Files\Microsoft Visual Studio\2022\Community\MSBuild\Microsoft\VC\v170\Microsoft.CppCommon.targets(787,5): error MSB6003:    at System.IO.File.WriteAllText(String path, String contents, Encoding encoding) [C:\Users\Demon Teddy\Documents\Programs\DelusiveEngine\DelusiveEngine\DelusiveEngine.vcxproj]
C:\Program Files\Microsoft Visual Studio\2022\Community\MSBuild\Microsoft\VC\v170\Microsoft.CppCommon.targets(787,5): error MSB6003:    at Microsoft.Build.Utilities.CanonicalTrackedOutputFiles.SaveTlog(DependencyFilter includeInTLog) [C:\Users\Demon Teddy\Documents\Programs\DelusiveEngine\DelusiveEngine\DelusiveEngine.vcxproj]
C:\Program Files\Microsoft Visual Studio\2022\Community\MSBuild\Microsoft\VC\v170\Microsoft.CppCommon.targets(787,5): error MSB6003:    at Microsoft.Build.CPPTasks.CL.PostExecuteTool(Int32 exitCode) [C:\Users\Demon Teddy\Documents\Programs\DelusiveEngine\DelusiveEngine\DelusiveEngine.vcxproj]
C:\Program Files\Microsoft Visual Studio\2022\Community\MSBuild\Microsoft\VC\v170\Microsoft.CppCommon.targets(787,5): error MSB6003:    at Microsoft.Build.CPPTasks.TrackedVCToolTask.ExecuteTool(String pathToTool, String responseFileCommands, String commandLineCommands) [C:\Users\Demon Teddy\Documents\Programs\DelusiveEngine\DelusiveEngine\DelusiveEngine.vcxproj]
C:\Program Files\Microsoft Visual Studio\2022\Community\MSBuild\Microsoft\VC\v170\Microsoft.CppCommon.targets(787,5): error MSB6003:    at Microsoft.Build.CPPTasks.CL.ExecuteTool(String pathToTool, String responseFileCommands, String commandLineCommands) [C:\Users\Demon Teddy\Documents\Programs\DelusiveEngine\DelusiveEngine\DelusiveEngine.vcxproj]
C:\Program Files\Microsoft Visual Studio\2022\Community\MSBuild\Microsoft\VC\v170\Microsoft.CppCommon.targets(787,5): error MSB6003:    at Microsoft.Build.Utilities.ToolTask.Execute() [C:\Users\Demon Teddy\Documents\Programs\DelusiveEngine\DelusiveEngine\DelusiveEngine.vcxproj]
