c:\users\demon teddy\documents\programs\delusiveengine\lib\delusiveengine.pdb
c:\users\demon teddy\documents\programs\delusiveengine\delusiveengine\x64\release\enemyagent.obj
c:\users\demon teddy\documents\programs\delusiveengine\delusiveengine\x64\release\editorregistry.obj
c:\users\demon teddy\documents\programs\delusiveengine\delusiveengine\x64\release\editorinterface.obj
c:\users\demon teddy\documents\programs\delusiveengine\delusiveengine\x64\release\delusiveutils.obj
c:\users\demon teddy\documents\programs\delusiveengine\delusiveengine\x64\release\delusiveuiregistry.obj
c:\users\demon teddy\documents\programs\delusiveengine\delusiveengine\x64\release\delusiveui.obj
c:\users\demon teddy\documents\programs\delusiveengine\delusiveengine\x64\release\delusivescriptagent.obj
c:\users\demon teddy\documents\programs\delusiveengine\delusiveengine\x64\release\delusiveregistry.obj
c:\users\demon teddy\documents\programs\delusiveengine\delusiveengine\x64\release\delusivepathfindingcomponent.obj
c:\users\demon teddy\documents\programs\delusiveengine\delusiveengine\x64\release\delusiveengine.obj
c:\users\demon teddy\documents\programs\delusiveengine\delusiveengine\x64\release\delusiveanimatorcomponent.obj
c:\users\demon teddy\documents\programs\delusiveengine\delusiveengine\x64\release\component.obj
c:\users\demon teddy\documents\programs\delusiveengine\delusiveengine\x64\release\colliderrenderer.obj
c:\users\demon teddy\documents\programs\delusiveengine\delusiveengine\x64\release\collidercomponent.obj
c:\users\demon teddy\documents\programs\delusiveengine\delusiveengine\x64\release\collider.obj
c:\users\demon teddy\documents\programs\delusiveengine\delusiveengine\x64\release\cameraagent.obj
c:\users\demon teddy\documents\programs\delusiveengine\delusiveengine\x64\release\basictalisman.obj
c:\users\demon teddy\documents\programs\delusiveengine\delusiveengine\x64\release\animatorcomponent.obj
c:\users\demon teddy\documents\programs\delusiveengine\delusiveengine\x64\release\animation.obj
c:\users\demon teddy\documents\programs\delusiveengine\delusiveengine\x64\release\agent.obj
c:\users\demon teddy\documents\programs\delusiveengine\delusiveengine\x64\release\scriptcomponent.obj
c:\users\demon teddy\documents\programs\delusiveengine\delusiveengine\x64\release\scenesystem.obj
c:\users\demon teddy\documents\programs\delusiveengine\delusiveengine\x64\release\scene.obj
c:\users\demon teddy\documents\programs\delusiveengine\delusiveengine\x64\release\delusiverenderer.obj
c:\users\demon teddy\documents\programs\delusiveengine\delusiveengine\x64\release\playeragent.obj
c:\users\demon teddy\documents\programs\delusiveengine\delusiveengine\x64\release\physicssystem.obj
c:\users\demon teddy\documents\programs\delusiveengine\delusiveengine\x64\release\pathfindingsystem.obj
c:\users\demon teddy\documents\programs\delusiveengine\delusiveengine\x64\release\pathfindingcomponent.obj
c:\users\demon teddy\documents\programs\delusiveengine\delusiveengine\x64\release\imgui_widgets.obj
c:\users\demon teddy\documents\programs\delusiveengine\delusiveengine\x64\release\imgui_tables.obj
c:\users\demon teddy\documents\programs\delusiveengine\delusiveengine\x64\release\imgui_draw.obj
c:\users\demon teddy\documents\programs\delusiveengine\delusiveengine\x64\release\imgui_impl_sdl3.obj
c:\users\demon teddy\documents\programs\delusiveengine\delusiveengine\x64\release\imgui_impl_opengl3.obj
c:\users\demon teddy\documents\programs\delusiveengine\delusiveengine\x64\release\imgui.obj
c:\users\demon teddy\documents\programs\delusiveengine\delusiveengine\x64\release\hurtboxcollider.obj
c:\users\demon teddy\documents\programs\delusiveengine\delusiveengine\x64\release\hitboxcollider.obj
c:\users\demon teddy\documents\programs\delusiveengine\delusiveengine\x64\release\gamemanager.obj
c:\users\demon teddy\documents\programs\delusiveengine\delusiveengine\x64\release\font.obj
c:\users\demon teddy\documents\programs\delusiveengine\delusiveengine\x64\release\environmentagent.obj
c:\users\demon teddy\documents\programs\delusiveengine\delusiveengine\x64\release\engineui.obj
c:\users\demon teddy\documents\programs\delusiveengine\delusiveengine\x64\release\uitalismandisplay.obj
c:\users\demon teddy\documents\programs\delusiveengine\delusiveengine\x64\release\uipanel.obj
c:\users\demon teddy\documents\programs\delusiveengine\delusiveengine\x64\release\uimanager.obj
c:\users\demon teddy\documents\programs\delusiveengine\delusiveengine\x64\release\uilabel.obj
c:\users\demon teddy\documents\programs\delusiveengine\delusiveengine\x64\release\uiimage.obj
c:\users\demon teddy\documents\programs\delusiveengine\delusiveengine\x64\release\uielement.obj
c:\users\demon teddy\documents\programs\delusiveengine\delusiveengine\x64\release\uicanvas.obj
c:\users\demon teddy\documents\programs\delusiveengine\delusiveengine\x64\release\uibutton.obj
c:\users\demon teddy\documents\programs\delusiveengine\delusiveengine\x64\release\triggercollider.obj
c:\users\demon teddy\documents\programs\delusiveengine\delusiveengine\x64\release\texturemanager.obj
c:\users\demon teddy\documents\programs\delusiveengine\delusiveengine\x64\release\texture.obj
c:\users\demon teddy\documents\programs\delusiveengine\delusiveengine\x64\release\talisman.obj
c:\users\demon teddy\documents\programs\delusiveengine\delusiveengine\x64\release\statscomponent.obj
c:\users\demon teddy\documents\programs\delusiveengine\delusiveengine\x64\release\spritedata.obj
c:\users\demon teddy\documents\programs\delusiveengine\delusiveengine\x64\release\sprite.obj
c:\users\demon teddy\documents\programs\delusiveengine\delusiveengine\x64\release\spritecomponent.obj
c:\users\demon teddy\documents\programs\delusiveengine\delusiveengine\x64\release\solidcollider.obj
c:\users\demon teddy\documents\programs\delusiveengine\delusiveengine\x64\release\shader.obj
c:\users\demon teddy\documents\programs\delusiveengine\lib\delusiveengine.lib
c:\users\demon teddy\documents\programs\delusiveengine\delusiveengine\x64\release\vc143.pdb
c:\users\demon teddy\documents\programs\delusiveengine\delusiveengine\x64\release\delusiveengine.tlog\cl.command.1.tlog
c:\users\demon teddy\documents\programs\delusiveengine\delusiveengine\x64\release\delusiveengine.tlog\cl.items.tlog
c:\users\demon teddy\documents\programs\delusiveengine\delusiveengine\x64\release\delusiveengine.tlog\cl.read.1.tlog
c:\users\demon teddy\documents\programs\delusiveengine\delusiveengine\x64\release\delusiveengine.tlog\cl.write.1.tlog
c:\users\demon teddy\documents\programs\delusiveengine\delusiveengine\x64\release\delusiveengine.tlog\lib-link.read.1.tlog
c:\users\demon teddy\documents\programs\delusiveengine\delusiveengine\x64\release\delusiveengine.tlog\lib-link.write.1.tlog
c:\users\demon teddy\documents\programs\delusiveengine\delusiveengine\x64\release\delusiveengine.tlog\lib.command.1.tlog
