c:\users\demon teddy\documents\programs\delusiveengine\delusiveengine\x64\debug\agent.obj
c:\users\demon teddy\documents\programs\delusiveengine\delusiveengine\x64\debug\animation.obj
c:\users\demon teddy\documents\programs\delusiveengine\delusiveengine\x64\debug\animatorcomponent.obj
c:\users\demon teddy\documents\programs\delusiveengine\delusiveengine\x64\debug\basictalisman.obj
c:\users\demon teddy\documents\programs\delusiveengine\delusiveengine\x64\debug\cameraagent.obj
c:\users\demon teddy\documents\programs\delusiveengine\delusiveengine\x64\debug\collider.obj
c:\users\demon teddy\documents\programs\delusiveengine\delusiveengine\x64\debug\collidercomponent.obj
c:\users\demon teddy\documents\programs\delusiveengine\delusiveengine\x64\debug\colliderrenderer.obj
c:\users\demon teddy\documents\programs\delusiveengine\delusiveengine\x64\debug\component.obj
c:\users\demon teddy\documents\programs\delusiveengine\delusiveengine\x64\debug\delusiveanimatorcomponent.obj
c:\users\demon teddy\documents\programs\delusiveengine\delusiveengine\x64\debug\delusiveengine.obj
c:\users\demon teddy\documents\programs\delusiveengine\delusiveengine\x64\debug\delusivepathfindingcomponent.obj
c:\users\demon teddy\documents\programs\delusiveengine\delusiveengine\x64\debug\delusiveregistry.obj
c:\users\demon teddy\documents\programs\delusiveengine\delusiveengine\x64\debug\delusivescriptagent.obj
c:\users\demon teddy\documents\programs\delusiveengine\delusiveengine\x64\debug\delusiveui.obj
c:\users\demon teddy\documents\programs\delusiveengine\delusiveengine\x64\debug\delusiveuiregistry.obj
c:\users\demon teddy\documents\programs\delusiveengine\delusiveengine\x64\debug\delusiveutils.obj
c:\users\demon teddy\documents\programs\delusiveengine\delusiveengine\x64\debug\editorinterface.obj
c:\users\demon teddy\documents\programs\delusiveengine\delusiveengine\x64\debug\editorregistry.obj
c:\users\demon teddy\documents\programs\delusiveengine\delusiveengine\x64\debug\enemyagent.obj
c:\users\demon teddy\documents\programs\delusiveengine\delusiveengine\x64\debug\delusiveengine.tlog\cl.command.1.tlog
