c:\users\demon teddy\documents\programs\delusiveengine\delusivegameeditor\x64\debug\vc143.pdb
c:\users\demon teddy\documents\programs\delusiveengine\delusivegameeditor\x64\debug\vc143.idb
c:\users\demon teddy\documents\programs\delusiveengine\delusivegameeditor\x64\debug\delusivegameeditor.obj
c:\users\demon teddy\documents\programs\delusiveengine\delusivegameeditor\x64\debug\delusivegameeditor_debug.ilk
c:\users\demon teddy\documents\programs\delusiveengine\debug_bin\delusivegameeditor_debug.pdb
c:\users\demon teddy\documents\programs\delusiveengine\delusivegameeditor\x64\debug\delusive.f3828ac7.tlog\cl.command.1.tlog
c:\users\demon teddy\documents\programs\delusiveengine\delusivegameeditor\x64\debug\delusive.f3828ac7.tlog\cl.items.tlog
c:\users\demon teddy\documents\programs\delusiveengine\delusivegameeditor\x64\debug\delusive.f3828ac7.tlog\cl.read.1.tlog
c:\users\demon teddy\documents\programs\delusiveengine\delusivegameeditor\x64\debug\delusive.f3828ac7.tlog\cl.write.1.tlog
c:\users\demon teddy\documents\programs\delusiveengine\delusivegameeditor\x64\debug\delusive.f3828ac7.tlog\link-cvtres.read.1.tlog
c:\users\demon teddy\documents\programs\delusiveengine\delusivegameeditor\x64\debug\delusive.f3828ac7.tlog\link-cvtres.write.1.tlog
c:\users\demon teddy\documents\programs\delusiveengine\delusivegameeditor\x64\debug\delusive.f3828ac7.tlog\link-rc.read.1.tlog
c:\users\demon teddy\documents\programs\delusiveengine\delusivegameeditor\x64\debug\delusive.f3828ac7.tlog\link-rc.write.1.tlog
c:\users\demon teddy\documents\programs\delusiveengine\delusivegameeditor\x64\debug\delusive.f3828ac7.tlog\link.29484-cvtres.read.1.tlog
c:\users\demon teddy\documents\programs\delusiveengine\delusivegameeditor\x64\debug\delusive.f3828ac7.tlog\link.29484-cvtres.write.1.tlog
c:\users\demon teddy\documents\programs\delusiveengine\delusivegameeditor\x64\debug\delusive.f3828ac7.tlog\link.29484-rc.read.1.tlog
c:\users\demon teddy\documents\programs\delusiveengine\delusivegameeditor\x64\debug\delusive.f3828ac7.tlog\link.29484-rc.write.1.tlog
c:\users\demon teddy\documents\programs\delusiveengine\delusivegameeditor\x64\debug\delusive.f3828ac7.tlog\link.29484.read.1.tlog
c:\users\demon teddy\documents\programs\delusiveengine\delusivegameeditor\x64\debug\delusive.f3828ac7.tlog\link.29484.read.2.tlog
c:\users\demon teddy\documents\programs\delusiveengine\delusivegameeditor\x64\debug\delusive.f3828ac7.tlog\link.29484.read.3.tlog
c:\users\demon teddy\documents\programs\delusiveengine\delusivegameeditor\x64\debug\delusive.f3828ac7.tlog\link.29484.read.4.tlog
c:\users\demon teddy\documents\programs\delusiveengine\delusivegameeditor\x64\debug\delusive.f3828ac7.tlog\link.29484.read.5.tlog
c:\users\demon teddy\documents\programs\delusiveengine\delusivegameeditor\x64\debug\delusive.f3828ac7.tlog\link.29484.read.6.tlog
c:\users\demon teddy\documents\programs\delusiveengine\delusivegameeditor\x64\debug\delusive.f3828ac7.tlog\link.29484.write.1.tlog
c:\users\demon teddy\documents\programs\delusiveengine\delusivegameeditor\x64\debug\delusive.f3828ac7.tlog\link.command.1.tlog
c:\users\demon teddy\documents\programs\delusiveengine\delusivegameeditor\x64\debug\delusive.f3828ac7.tlog\link.read.1.tlog
c:\users\demon teddy\documents\programs\delusiveengine\delusivegameeditor\x64\debug\delusive.f3828ac7.tlog\link.read.2.tlog
c:\users\demon teddy\documents\programs\delusiveengine\delusivegameeditor\x64\debug\delusive.f3828ac7.tlog\link.read.3.tlog
c:\users\demon teddy\documents\programs\delusiveengine\delusivegameeditor\x64\debug\delusive.f3828ac7.tlog\link.read.4.tlog
c:\users\demon teddy\documents\programs\delusiveengine\delusivegameeditor\x64\debug\delusive.f3828ac7.tlog\link.read.5.tlog
c:\users\demon teddy\documents\programs\delusiveengine\delusivegameeditor\x64\debug\delusive.f3828ac7.tlog\link.read.6.tlog
c:\users\demon teddy\documents\programs\delusiveengine\delusivegameeditor\x64\debug\delusive.f3828ac7.tlog\link.secondary.1.tlog
c:\users\demon teddy\documents\programs\delusiveengine\delusivegameeditor\x64\debug\delusive.f3828ac7.tlog\link.write.1.tlog
